Archive member included to satisfy reference by file (symbol)

C:/mbedOffline44/Datas/MbedOS2/TARGET_NUCLEO_F303RE/TOOLCHAIN_GCC_ARM\libmbed.a(InterruptIn.o)
                              BUILD/NUCLEO_F303RE/GCC_ARM/qei.o (mbed::InterruptIn::InterruptIn(PinName))
C:/mbedOffline44/Datas/MbedOS2/TARGET_NUCLEO_F303RE/TOOLCHAIN_GCC_ARM\libmbed.a(Serial.o)
                              BUILD/NUCLEO_F303RE/GCC_ARM/main.o (mbed::Serial::Serial(PinName, PinName, char const*, int))
C:/mbedOffline44/Datas/MbedOS2/TARGET_NUCLEO_F303RE/TOOLCHAIN_GCC_ARM\libmbed.a(SerialBase.o)
                              BUILD/NUCLEO_F303RE/GCC_ARM/main.o (mbed::SerialBase::baud(int))
C:/mbedOffline44/Datas/MbedOS2/TARGET_NUCLEO_F303RE/TOOLCHAIN_GCC_ARM\libmbed.a(Timer.o)
                              BUILD/NUCLEO_F303RE/GCC_ARM/main.o (mbed::Timer::~Timer())
C:/mbedOffline44/Datas/MbedOS2/TARGET_NUCLEO_F303RE/TOOLCHAIN_GCC_ARM\libmbed.a(mbed_gpio.o)
                              C:/mbedOffline44/Datas/MbedOS2/TARGET_NUCLEO_F303RE/TOOLCHAIN_GCC_ARM\libmbed.a(InterruptIn.o) (gpio_init_in)
C:/mbedOffline44/Datas/MbedOS2/TARGET_NUCLEO_F303RE/TOOLCHAIN_GCC_ARM\libmbed.a(mbed_lp_ticker_api.o)
                              C:/mbedOffline44/Datas/MbedOS2/TARGET_NUCLEO_F303RE/TOOLCHAIN_GCC_ARM\libmbed.a(Timer.o) (get_lp_ticker_data)
C:/mbedOffline44/Datas/MbedOS2/TARGET_NUCLEO_F303RE/TOOLCHAIN_GCC_ARM\libmbed.a(mbed_lp_ticker_wrapper.o)
                              C:/mbedOffline44/Datas/MbedOS2/TARGET_NUCLEO_F303RE/TOOLCHAIN_GCC_ARM\libmbed.a(mbed_lp_ticker_api.o) (lp_ticker_wrapper_irq_handler)
C:/mbedOffline44/Datas/MbedOS2/TARGET_NUCLEO_F303RE/TOOLCHAIN_GCC_ARM\libmbed.a(mbed_pinmap_common.o)
                              C:/mbedOffline44/Datas/MbedOS2/TARGET_NUCLEO_F303RE/TOOLCHAIN_GCC_ARM/analogin_device.o (pinmap_pinout)
C:/mbedOffline44/Datas/MbedOS2/TARGET_NUCLEO_F303RE/TOOLCHAIN_GCC_ARM\libmbed.a(mbed_ticker_api.o)
                              C:/mbedOffline44/Datas/MbedOS2/TARGET_NUCLEO_F303RE/TOOLCHAIN_GCC_ARM\libmbed.a(mbed_lp_ticker_api.o) (ticker_irq_handler)
C:/mbedOffline44/Datas/MbedOS2/TARGET_NUCLEO_F303RE/TOOLCHAIN_GCC_ARM\libmbed.a(mbed_us_ticker_api.o)
                              C:/mbedOffline44/Datas/MbedOS2/TARGET_NUCLEO_F303RE/TOOLCHAIN_GCC_ARM/hal_tick_overrides.o (get_us_ticker_data)
C:/mbedOffline44/Datas/MbedOS2/TARGET_NUCLEO_F303RE/TOOLCHAIN_GCC_ARM\libmbed.a(CThunkBase.o)
                              C:/mbedOffline44/Datas/MbedOS2/TARGET_NUCLEO_F303RE/TOOLCHAIN_GCC_ARM\libmbed.a(SerialBase.o) (CThunkBase::cthunk_alloc(CThunkBase*))
C:/mbedOffline44/Datas/MbedOS2/TARGET_NUCLEO_F303RE/TOOLCHAIN_GCC_ARM\libmbed.a(FilePath.o)
                              C:/mbedOffline44/Datas/MbedOS2/TARGET_NUCLEO_F303RE/TOOLCHAIN_GCC_ARM/mbed_retarget.o (mbed::FilePath::FilePath(char const*))
C:/mbedOffline44/Datas/MbedOS2/TARGET_NUCLEO_F303RE/TOOLCHAIN_GCC_ARM\libmbed.a(Stream.o)
                              C:/mbedOffline44/Datas/MbedOS2/TARGET_NUCLEO_F303RE/TOOLCHAIN_GCC_ARM\libmbed.a(Serial.o) (mbed::Stream::write(void const*, unsigned int))
C:/mbedOffline44/Datas/MbedOS2/TARGET_NUCLEO_F303RE/TOOLCHAIN_GCC_ARM\libmbed.a(mbed_assert.o)
                              C:/mbedOffline44/Datas/MbedOS2/TARGET_NUCLEO_F303RE/TOOLCHAIN_GCC_ARM/analogin_device.o (mbed_assert_internal)
C:/mbedOffline44/Datas/MbedOS2/TARGET_NUCLEO_F303RE/TOOLCHAIN_GCC_ARM\libmbed.a(mbed_critical.o)
                              BUILD/NUCLEO_F303RE/GCC_ARM/aTB6643KQ.o (core_util_critical_section_enter)
C:/mbedOffline44/Datas/MbedOS2/TARGET_NUCLEO_F303RE/TOOLCHAIN_GCC_ARM\libmbed.a(mbed_error.o)
                              C:/mbedOffline44/Datas/MbedOS2/TARGET_NUCLEO_F303RE/TOOLCHAIN_GCC_ARM/analogin_device.o (error)
C:/mbedOffline44/Datas/MbedOS2/TARGET_NUCLEO_F303RE/TOOLCHAIN_GCC_ARM\libmbed.a(mbed_mktime.o)
                              C:/mbedOffline44/Datas/MbedOS2/TARGET_NUCLEO_F303RE/TOOLCHAIN_GCC_ARM/rtc_api.o (_rtc_maketime)
C:/mbedOffline44/Datas/MbedOS2/TARGET_NUCLEO_F303RE/TOOLCHAIN_GCC_ARM\libmbed.a(mbed_poll.o)
                              C:/mbedOffline44/Datas/MbedOS2/TARGET_NUCLEO_F303RE/TOOLCHAIN_GCC_ARM/mbed_retarget.o (mbed::poll(mbed::pollfh*, unsigned int, int))
C:/mbedOffline44/Datas/MbedOS2/TARGET_NUCLEO_F303RE/TOOLCHAIN_GCC_ARM\libmbed.a(mbed_sleep_manager.o)
                              BUILD/NUCLEO_F303RE/GCC_ARM/aTB6643KQ.o (sleep_manager_lock_deep_sleep_internal)
C:/mbedOffline44/Datas/MbedOS2/TARGET_NUCLEO_F303RE/TOOLCHAIN_GCC_ARM\libmbed.a(mbed_wait_api_no_rtos.o)
                              C:/mbedOffline44/Datas/MbedOS2/TARGET_NUCLEO_F303RE/TOOLCHAIN_GCC_ARM/i2c_api.o (wait_us)
C:/mbedOffline44/Datas/MbedOS2/TARGET_NUCLEO_F303RE/TOOLCHAIN_GCC_ARM\libmbed.a(LowPowerTickerWrapper.o)
[...]
Memory Configuration

Name             Origin             Length             Attributes
FLASH            0x08000000         0x00080000         xr
CCM              0x10000000         0x00004000         xrw
RAM              0x20000198         0x0000fe68         xrw
*default*        0x00000000         0xffffffff

Linker script and memory map

LOAD c:/mbedoffline44/gcc-arm-none-eabi-6-2017-q2-update-win32/bin/../lib/gcc/arm-none-eabi/6.3.1/thumb/v7e-m/fpv4-sp/softfp/crti.o
LOAD c:/mbedoffline44/gcc-arm-none-eabi-6-2017-q2-update-win32/bin/../lib/gcc/arm-none-eabi/6.3.1/thumb/v7e-m/fpv4-sp/softfp/crtbegin.o
LOAD c:/mbedoffline44/gcc-arm-none-eabi-6-2017-q2-update-win32/bin/../lib/gcc/arm-none-eabi/6.3.1/../../../../arm-none-eabi/lib/thumb/v7e-m/fpv4-sp/softfp/crt0.o
LOAD BUILD/NUCLEO_F303RE/GCC_ARM/aTB6643KQ.o
LOAD BUILD/NUCLEO_F303RE/GCC_ARM/main.o
LOAD BUILD/NUCLEO_F303RE/GCC_ARM/qei.o
LOAD C:/mbedOffline44/Datas/MbedOS2/TARGET_NUCLEO_F303RE/TOOLCHAIN_GCC_ARM/PeripheralPins.o
LOAD C:/mbedOffline44/Datas/MbedOS2/TARGET_NUCLEO_F303RE/TOOLCHAIN_GCC_ARM/analogin_api.o
LOAD C:/mbedOffline44/Datas/MbedOS2/TARGET_NUCLEO_F303RE/TOOLCHAIN_GCC_ARM/analogin_device.o
LOAD C:/mbedOffline44/Datas/MbedOS2/TARGET_NUCLEO_F303RE/TOOLCHAIN_GCC_ARM/analogout_api.o
LOAD C:/mbedOffline44/Datas/MbedOS2/TARGET_NUCLEO_F303RE/TOOLCHAIN_GCC_ARM/analogout_device.o
LOAD C:/mbedOffline44/Datas/MbedOS2/TARGET_NUCLEO_F303RE/TOOLCHAIN_GCC_ARM/can_api.o
LOAD C:/mbedOffline44/Datas/MbedOS2/TARGET_NUCLEO_F303RE/TOOLCHAIN_GCC_ARM/except.o
LOAD C:/mbedOffline44/Datas/MbedOS2/TARGET_NUCLEO_F303RE/TOOLCHAIN_GCC_ARM/flash_api.o
LOAD C:/mbedOffline44/Datas/MbedOS2/TARGET_NUCLEO_F303RE/TOOLCHAIN_GCC_ARM/gpio_api.o
LOAD C:/mbedOffline44/Datas/MbedOS2/TARGET_NUCLEO_F303RE/TOOLCHAIN_GCC_ARM/gpio_irq_api.o
LOAD C:/mbedOffline44/Datas/MbedOS2/TARGET_NUCLEO_F303RE/TOOLCHAIN_GCC_ARM/gpio_irq_device.o
LOAD C:/mbedOffline44/Datas/MbedOS2/TARGET_NUCLEO_F303RE/TOOLCHAIN_GCC_ARM/hal_tick_overrides.o
LOAD C:/mbedOffline44/Datas/MbedOS2/TARGET_NUCLEO_F303RE/TOOLCHAIN_GCC_ARM/i2c_api.o
LOAD C:/mbedOffline44/Datas/MbedOS2/TARGET_NUCLEO_F303RE/TOOLCHAIN_GCC_ARM/lp_ticker.o
LOAD C:/mbedOffline44/Datas/MbedOS2/TARGET_NUCLEO_F303RE/TOOLCHAIN_GCC_ARM/mbed_board.o
LOAD C:/mbedOffline44/Datas/MbedOS2/TARGET_NUCLEO_F303RE/TOOLCHAIN_GCC_ARM/mbed_crc_api.o
LOAD C:/mbedOffline44/Datas/MbedOS2/TARGET_NUCLEO_F303RE/TOOLCHAIN_GCC_ARM/mbed_fault_handler.o
LOAD C:/mbedOffline44/Datas/MbedOS2/TARGET_NUCLEO_F303RE/TOOLCHAIN_GCC_ARM/mbed_overrides.o
LOAD C:/mbedOffline44/Datas/MbedOS2/TARGET_NUCLEO_F303RE/TOOLCHAIN_GCC_ARM/mbed_retarget.o
LOAD C:/mbedOffline44/Datas/MbedOS2/TARGET_NUCLEO_F303RE/TOOLCHAIN_GCC_ARM/mbed_sdk_boot.o
LOAD C:/mbedOffline44/Datas/MbedOS2/TARGET_NUCLEO_F303RE/TOOLCHAIN_GCC_ARM/mbed_tz_context.o
LOAD C:/mbedOffline44/Datas/MbedOS2/TARGET_NUCLEO_F303RE/TOOLCHAIN_GCC_ARM/pinmap.o
LOAD C:/mbedOffline44/Datas/MbedOS2/TARGET_NUCLEO_F303RE/TOOLCHAIN_GCC_ARM/port_api.o
LOAD C:/mbedOffline44/Datas/MbedOS2/TARGET_NUCLEO_F303RE/TOOLCHAIN_GCC_ARM/pwmout_api.o
LOAD C:/mbedOffline44/Datas/MbedOS2/TARGET_NUCLEO_F303RE/TOOLCHAIN_GCC_ARM/pwmout_device.o
LOAD C:/mbedOffline44/Datas/MbedOS2/TARGET_NUCLEO_F303RE/TOOLCHAIN_GCC_ARM/qspi_api.o
LOAD C:/mbedOffline44/Datas/MbedOS2/TARGET_NUCLEO_F303RE/TOOLCHAIN_GCC_ARM/rtc_api.o
LOAD C:/mbedOffline44/Datas/MbedOS2/TARGET_NUCLEO_F303RE/TOOLCHAIN_GCC_ARM/serial_api.o
LOAD C:/mbedOffline44/Datas/MbedOS2/TARGET_NUCLEO_F303RE/TOOLCHAIN_GCC_ARM/serial_device.o
LOAD C:/mbedOffline44/Datas/MbedOS2/TARGET_NUCLEO_F303RE/TOOLCHAIN_GCC_ARM/sleep.o
LOAD C:/mbedOffline44/Datas/MbedOS2/TARGET_NUCLEO_F303RE/TOOLCHAIN_GCC_ARM/spi_api.o
LOAD C:/mbedOffline44/Datas/MbedOS2/TARGET_NUCLEO_F303RE/TOOLCHAIN_GCC_ARM/startup_stm32f303xe.o
LOAD C:/mbedOffline44/Datas/MbedOS2/TARGET_NUCLEO_F303RE/TOOLCHAIN_GCC_ARM/stm32f3xx_hal.o
LOAD C:/mbedOffline44/Datas/MbedOS2/TARGET_NUCLEO_F303RE/TOOLCHAIN_GCC_ARM/stm32f3xx_hal_adc.o
LOAD C:/mbedOffline44/Datas/MbedOS2/TARGET_NUCLEO_F303RE/TOOLCHAIN_GCC_ARM/stm32f3xx_hal_adc_ex.o
LOAD C:/mbedOffline44/Datas/MbedOS2/TARGET_NUCLEO_F303RE/TOOLCHAIN_GCC_ARM/stm32f3xx_hal_can.o
LOAD C:/mbedOffline44/Datas/MbedOS2/TARGET_NUCLEO_F303RE/TOOLCHAIN_GCC_ARM/stm32f3xx_hal_cec.o
LOAD C:/mbedOffline44/Datas/MbedOS2/TARGET_NUCLEO_F303RE/TOOLCHAIN_GCC_ARM/stm32f3xx_hal_comp.o
LOAD C:/mbedOffline44/Datas/MbedOS2/TARGET_NUCLEO_F303RE/TOOLCHAIN_GCC_ARM/stm32f3xx_hal_cortex.o
LOAD C:/mbedOffline44/Datas/MbedOS2/TARGET_NUCLEO_F303RE/TOOLCHAIN_GCC_ARM/stm32f3xx_hal_crc.o
LOAD C:/mbedOffline44/Datas/MbedOS2/TARGET_NUCLEO_F303RE/TOOLCHAIN_GCC_ARM/stm32f3xx_hal_crc_ex.o
LOAD C:/mbedOffline44/Datas/MbedOS2/TARGET_NUCLEO_F303RE/TOOLCHAIN_GCC_ARM/stm32f3xx_hal_dac.o
LOAD C:/mbedOffline44/Datas/MbedOS2/TARGET_NUCLEO_F303RE/TOOLCHAIN_GCC_ARM/stm32f3xx_hal_dac_ex.o
LOAD C:/mbedOffline44/Datas/MbedOS2/TARGET_NUCLEO_F303RE/TOOLCHAIN_GCC_ARM/stm32f3xx_hal_dma.o
LOAD C:/mbedOffline44/Datas/MbedOS2/TARGET_NUCLEO_F303RE/TOOLCHAIN_GCC_ARM/stm32f3xx_hal_flash.o
LOAD C:/mbedOffline44/Datas/MbedOS2/TARGET_NUCLEO_F303RE/TOOLCHAIN_GCC_ARM/stm32f3xx_hal_flash_ex.o
LOAD C:/mbedOffline44/Datas/MbedOS2/TARGET_NUCLEO_F303RE/TOOLCHAIN_GCC_ARM/stm32f3xx_hal_gpio.o
LOAD C:/mbedOffline44/Datas/MbedOS2/TARGET_NUCLEO_F303RE/TOOLCHAIN_GCC_ARM/stm32f3xx_hal_hrtim.o
LOAD C:/mbedOffline44/Datas/MbedOS2/TARGET_NUCLEO_F303RE/TOOLCHAIN_GCC_ARM/stm32f3xx_hal_i2c.o
LOAD C:/mbedOffline44/Datas/MbedOS2/TARGET_NUCLEO_F303RE/TOOLCHAIN_GCC_ARM/stm32f3xx_hal_i2c_ex.o
LOAD C:/mbedOffline44/Datas/MbedOS2/TARGET_NUCLEO_F303RE/TOOLCHAIN_GCC_ARM/stm32f3xx_hal_i2s.o
LOAD C:/mbedOffline44/Datas/MbedOS2/TARGET_NUCLEO_F303RE/TOOLCHAIN_GCC_ARM/stm32f3xx_hal_i2s_ex.o
LOAD C:/mbedOffline44/Datas/MbedOS2/TARGET_NUCLEO_F303RE/TOOLCHAIN_GCC_ARM/stm32f3xx_hal_irda.o
LOAD C:/mbedOffline44/Datas/MbedOS2/TARGET_NUCLEO_F303RE/TOOLCHAIN_GCC_ARM/stm32f3xx_hal_iwdg.o
LOAD C:/mbedOffline44/Datas/MbedOS2/TARGET_NUCLEO_F303RE/TOOLCHAIN_GCC_ARM/stm32f3xx_hal_nand.o
LOAD C:/mbedOffline44/Datas/MbedOS2/TARGET_NUCLEO_F303RE/TOOLCHAIN_GCC_ARM/stm32f3xx_hal_nor.o
LOAD C:/mbedOffline44/Datas/MbedOS2/TARGET_NUCLEO_F303RE/TOOLCHAIN_GCC_ARM/stm32f3xx_hal_opamp.o
LOAD C:/mbedOffline44/Datas/MbedOS2/TARGET_NUCLEO_F303RE/TOOLCHAIN_GCC_ARM/stm32f3xx_hal_opamp_ex.o
LOAD C:/mbedOffline44/Datas/MbedOS2/TARGET_NUCLEO_F303RE/TOOLCHAIN_GCC_ARM/stm32f3xx_hal_pccard.o
LOAD C:/mbedOffline44/Datas/MbedOS2/TARGET_NUCLEO_F303RE/TOOLCHAIN_GCC_ARM/stm32f3xx_hal_pcd.o
LOAD C:/mbedOffline44/Datas/MbedOS2/TARGET_NUCLEO_F303RE/TOOLCHAIN_GCC_ARM/stm32f3xx_hal_pcd_ex.o
LOAD C:/mbedOffline44/Datas/MbedOS2/TARGET_NUCLEO_F303RE/TOOLCHAIN_GCC_ARM/stm32f3xx_hal_pwr.o
LOAD C:/mbedOffline44/Datas/MbedOS2/TARGET_NUCLEO_F303RE/TOOLCHAIN_GCC_ARM/stm32f3xx_hal_pwr_ex.o
LOAD C:/mbedOffline44/Datas/MbedOS2/TARGET_NUCLEO_F303RE/TOOLCHAIN_GCC_ARM/stm32f3xx_hal_rcc.o
LOAD C:/mbedOffline44/Datas/MbedOS2/TARGET_NUCLEO_F303RE/TOOLCHAIN_GCC_ARM/stm32f3xx_hal_rcc_ex.o
LOAD C:/mbedOffline44/Datas/MbedOS2/TARGET_NUCLEO_F303RE/TOOLCHAIN_GCC_ARM/stm32f3xx_hal_rtc.o
LOAD C:/mbedOffline44/Datas/MbedOS2/TARGET_NUCLEO_F303RE/TOOLCHAIN_GCC_ARM/stm32f3xx_hal_rtc_ex.o
LOAD C:/mbedOffline44/Datas/MbedOS2/TARGET_NUCLEO_F303RE/TOOLCHAIN_GCC_ARM/stm32f3xx_hal_sdadc.o
LOAD C:/mbedOffline44/Datas/MbedOS2/TARGET_NUCLEO_F303RE/TOOLCHAIN_GCC_ARM/stm32f3xx_hal_smartcard.o
LOAD C:/mbedOffline44/Datas/MbedOS2/TARGET_NUCLEO_F303RE/TOOLCHAIN_GCC_ARM/stm32f3xx_hal_smartcard_ex.o
LOAD C:/mbedOffline44/Datas/MbedOS2/TARGET_NUCLEO_F303RE/TOOLCHAIN_GCC_ARM/stm32f3xx_hal_smbus.o
LOAD C:/mbedOffline44/Datas/MbedOS2/TARGET_NUCLEO_F303RE/TOOLCHAIN_GCC_ARM/stm32f3xx_hal_spi.o
LOAD C:/mbedOffline44/Datas/MbedOS2/TARGET_NUCLEO_F303RE/TOOLCHAIN_GCC_ARM/stm32f3xx_hal_spi_ex.o
LOAD C:/mbedOffline44/Datas/MbedOS2/TARGET_NUCLEO_F303RE/TOOLCHAIN_GCC_ARM/stm32f3xx_hal_sram.o
LOAD C:/mbedOffline44/Datas/MbedOS2/TARGET_NUCLEO_F303RE/TOOLCHAIN_GCC_ARM/stm32f3xx_hal_tim.o
LOAD C:/mbedOffline44/Datas/MbedOS2/TARGET_NUCLEO_F303RE/TOOLCHAIN_GCC_ARM/stm32f3xx_hal_tim_ex.o
LOAD C:/mbedOffline44/Datas/MbedOS2/TARGET_NUCLEO_F303RE/TOOLCHAIN_GCC_ARM/stm32f3xx_hal_tsc.o
LOAD C:/mbedOffline44/Datas/MbedOS2/TARGET_NUCLEO_F303RE/TOOLCHAIN_GCC_ARM/stm32f3xx_hal_uart.o
LOAD C:/mbedOffline44/Datas/MbedOS2/TARGET_NUCLEO_F303RE/TOOLCHAIN_GCC_ARM/stm32f3xx_hal_uart_ex.o
LOAD C:/mbedOffline44/Datas/MbedOS2/TARGET_NUCLEO_F303RE/TOOLCHAIN_GCC_ARM/stm32f3xx_hal_usart.o
LOAD C:/mbedOffline44/Datas/MbedOS2/TARGET_NUCLEO_F303RE/TOOLCHAIN_GCC_ARM/stm32f3xx_hal_wwdg.o
LOAD C:/mbedOffline44/Datas/MbedOS2/TARGET_NUCLEO_F303RE/TOOLCHAIN_GCC_ARM/stm32f3xx_ll_adc.o
LOAD C:/mbedOffline44/Datas/MbedOS2/TARGET_NUCLEO_F303RE/TOOLCHAIN_GCC_ARM/stm32f3xx_ll_comp.o
LOAD C:/mbedOffline44/Datas/MbedOS2/TARGET_NUCLEO_F303RE/TOOLCHAIN_GCC_ARM/stm32f3xx_ll_crc.o
LOAD C:/mbedOffline44/Datas/MbedOS2/TARGET_NUCLEO_F303RE/TOOLCHAIN_GCC_ARM/stm32f3xx_ll_dac.o
LOAD C:/mbedOffline44/Datas/MbedOS2/TARGET_NUCLEO_F303RE/TOOLCHAIN_GCC_ARM/stm32f3xx_ll_dma.o
LOAD C:/mbedOffline44/Datas/MbedOS2/TARGET_NUCLEO_F303RE/TOOLCHAIN_GCC_ARM/stm32f3xx_ll_exti.o
LOAD C:/mbedOffline44/Datas/MbedOS2/TARGET_NUCLEO_F303RE/TOOLCHAIN_GCC_ARM/stm32f3xx_ll_fmc.o
LOAD C:/mbedOffline44/Datas/MbedOS2/TARGET_NUCLEO_F303RE/TOOLCHAIN_GCC_ARM/stm32f3xx_ll_gpio.o
LOAD C:/mbedOffline44/Datas/MbedOS2/TARGET_NUCLEO_F303RE/TOOLCHAIN_GCC_ARM/stm32f3xx_ll_hrtim.o
LOAD C:/mbedOffline44/Datas/MbedOS2/TARGET_NUCLEO_F303RE/TOOLCHAIN_GCC_ARM/stm32f3xx_ll_i2c.o
LOAD C:/mbedOffline44/Datas/MbedOS2/TARGET_NUCLEO_F303RE/TOOLCHAIN_GCC_ARM/stm32f3xx_ll_opamp.o
LOAD C:/mbedOffline44/Datas/MbedOS2/TARGET_NUCLEO_F303RE/TOOLCHAIN_GCC_ARM/stm32f3xx_ll_pwr.o
LOAD C:/mbedOffline44/Datas/MbedOS2/TARGET_NUCLEO_F303RE/TOOLCHAIN_GCC_ARM/stm32f3xx_ll_rcc.o
LOAD C:/mbedOffline44/Datas/MbedOS2/TARGET_NUCLEO_F303RE/TOOLCHAIN_GCC_ARM/stm32f3xx_ll_rtc.o
LOAD C:/mbedOffline44/Datas/MbedOS2/TARGET_NUCLEO_F303RE/TOOLCHAIN_GCC_ARM/stm32f3xx_ll_spi.o
LOAD C:/mbedOffline44/Datas/MbedOS2/TARGET_NUCLEO_F303RE/TOOLCHAIN_GCC_ARM/stm32f3xx_ll_tim.o
LOAD C:/mbedOffline44/Datas/MbedOS2/TARGET_NUCLEO_F303RE/TOOLCHAIN_GCC_ARM/stm32f3xx_ll_usart.o
LOAD C:/mbedOffline44/Datas/MbedOS2/TARGET_NUCLEO_F303RE/TOOLCHAIN_GCC_ARM/stm32f3xx_ll_utils.o
LOAD C:/mbedOffline44/Datas/MbedOS2/TARGET_NUCLEO_F303RE/TOOLCHAIN_GCC_ARM/stm_spi_api.o
LOAD C:/mbedOffline44/Datas/MbedOS2/TARGET_NUCLEO_F303RE/TOOLCHAIN_GCC_ARM/system_clock.o
LOAD C:/mbedOffline44/Datas/MbedOS2/TARGET_NUCLEO_F303RE/TOOLCHAIN_GCC_ARM/system_stm32f3xx.o
LOAD C:/mbedOffline44/Datas/MbedOS2/TARGET_NUCLEO_F303RE/TOOLCHAIN_GCC_ARM/trng_api.o
LOAD C:/mbedOffline44/Datas/MbedOS2/TARGET_NUCLEO_F303RE/TOOLCHAIN_GCC_ARM/us_ticker.o
START GROUP
LOAD C:/mbedOffline44/Datas/MbedOS2/TARGET_NUCLEO_F303RE/TOOLCHAIN_GCC_ARM\libmbed.a
LOAD c:/mbedoffline44/gcc-arm-none-eabi-6-2017-q2-update-win32/bin/../lib/gcc/arm-none-eabi/6.3.1/../../../../arm-none-eabi/lib/thumb/v7e-m/fpv4-sp/softfp\libstdc++.a
LOAD c:/mbedoffline44/gcc-arm-none-eabi-6-2017-q2-update-win32/bin/../lib/gcc/arm-none-eabi/6.3.1/../../../../arm-none-eabi/lib/thumb/v7e-m/fpv4-sp/softfp\libsupc++.a
LOAD c:/mbedoffline44/gcc-arm-none-eabi-6-2017-q2-update-win32/bin/../lib/gcc/arm-none-eabi/6.3.1/../../../../arm-none-eabi/lib/thumb/v7e-m/fpv4-sp/softfp\libm.a
LOAD c:/mbedoffline44/gcc-arm-none-eabi-6-2017-q2-update-win32/bin/../lib/gcc/arm-none-eabi/6.3.1/../../../../arm-none-eabi/lib/thumb/v7e-m/fpv4-sp/softfp\libc.a
LOAD c:/mbedoffline44/gcc-arm-none-eabi-6-2017-q2-update-win32/bin/../lib/gcc/arm-none-eabi/6.3.1/thumb/v7e-m/fpv4-sp/softfp\libgcc.a
LOAD c:/mbedoffline44/gcc-arm-none-eabi-6-2017-q2-update-win32/bin/../lib/gcc/arm-none-eabi/6.3.1/../../../../arm-none-eabi/lib/thumb/v7e-m/fpv4-sp/softfp\libnosys.a
END GROUP
LOAD C:/mbedOffline44/Datas/MbedOS2/TARGET_NUCLEO_F303RE/TOOLCHAIN_GCC_ARM\libmbed.a
LOAD c:/mbedoffline44/gcc-arm-none-eabi-6-2017-q2-update-win32/bin/../lib/gcc/arm-none-eabi/6.3.1/../../../../arm-none-eabi/lib/thumb/v7e-m/fpv4-sp/softfp\libstdc++.a
LOAD c:/mbedoffline44/gcc-arm-none-eabi-6-2017-q2-update-win32/bin/../lib/gcc/arm-none-eabi/6.3.1/../../../../arm-none-eabi/lib/thumb/v7e-m/fpv4-sp/softfp\libsupc++.a
LOAD c:/mbedoffline44/gcc-arm-none-eabi-6-2017-q2-update-win32/bin/../lib/gcc/arm-none-eabi/6.3.1/../../../../arm-none-eabi/lib/thumb/v7e-m/fpv4-sp/softfp\libm.a
LOAD c:/mbedoffline44/gcc-arm-none-eabi-6-2017-q2-update-win32/bin/../lib/gcc/arm-none-eabi/6.3.1/../../../../arm-none-eabi/lib/thumb/v7e-m/fpv4-sp/softfp\libc.a
LOAD c:/mbedoffline44/gcc-arm-none-eabi-6-2017-q2-update-win32/bin/../lib/gcc/arm-none-eabi/6.3.1/thumb/v7e-m/fpv4-sp/softfp\libgcc.a
LOAD c:/mbedoffline44/gcc-arm-none-eabi-6-2017-q2-update-win32/bin/../lib/gcc/arm-none-eabi/6.3.1/../../../../arm-none-eabi/lib/thumb/v7e-m/fpv4-sp/softfp\libnosys.a
START GROUP
LOAD c:/mbedoffline44/gcc-arm-none-eabi-6-2017-q2-update-win32/bin/../lib/gcc/arm-none-eabi/6.3.1/thumb/v7e-m/fpv4-sp/softfp\libgcc.a
LOAD c:/mbedoffline44/gcc-arm-none-eabi-6-2017-q2-update-win32/bin/../lib/gcc/arm-none-eabi/6.3.1/../../../../arm-none-eabi/lib/thumb/v7e-m/fpv4-sp/softfp\libc.a
END GROUP
LOAD c:/mbedoffline44/gcc-arm-none-eabi-6-2017-q2-update-win32/bin/../lib/gcc/arm-none-eabi/6.3.1/thumb/v7e-m/fpv4-sp/softfp/crtend.o
LOAD c:/mbedoffline44/gcc-arm-none-eabi-6-2017-q2-update-win32/bin/../lib/gcc/arm-none-eabi/6.3.1/thumb/v7e-m/fpv4-sp/softfp/crtn.o

.text           0x08000000     0xfd54
 *(.isr_vector)
 .isr_vector    0x08000000      0x194 C:/mbedOffline44/Datas/MbedOS2/TARGET_NUCLEO_F303RE/TOOLCHAIN_GCC_ARM/startup_stm32f303xe.o
                0x08000000                g_pfnVectors
 *(.text*)
 .text          0x08000194       0x6c c:/mbedoffline44/gcc-arm-none-eabi-6-2017-q2-update-win32/bin/../lib/gcc/arm-none-eabi/6.3.1/thumb/v7e-m/fpv4-sp/softfp/crtbegin.o
 .text          0x08000200       0x74 c:/mbedoffline44/gcc-arm-none-eabi-6-2017-q2-update-win32/bin/../lib/gcc/arm-none-eabi/6.3.1/../../../../arm-none-eabi/lib/thumb/v7e-m/fpv4-sp/softfp/crt0.o
                0x08000200                _start
                0x08000200                _mainCRTStartup
 .text._ZN4mbed6PwmOut5writeEf
                0x08000274       0x26 BUILD/NUCLEO_F303RE/GCC_ARM/aTB6643KQ.o
                0x08000274                mbed::PwmOut::write(float)
 .text._ZN3rob9aTB6643KQ3setEf
                0x0800029a       0x70 BUILD/NUCLEO_F303RE/GCC_ARM/aTB6643KQ.o
                0x0800029a                rob::aTB6643KQ::set(float)
 *fill*         0x0800030a        0x2 
 .text._ZN3rob9aTB6643KQ4freqEm
                0x0800030c       0x38 BUILD/NUCLEO_F303RE/GCC_ARM/aTB6643KQ.o
                0x0800030c                rob::aTB6643KQ::freq(unsigned long)
 .text._ZN4mbed8CallbackIFvvEE13function_callIPS1_EEvPKv
                0x08000344        0x4 BUILD/NUCLEO_F303RE/GCC_ARM/main.o
                0x08000344                void mbed::Callback<void ()>::function_call<void (*)()>(void const*)
 .text._ZN4mbed8CallbackIFvvEE13function_moveIPS1_EEvPvPKv
                0x08000348        0x8 BUILD/NUCLEO_F303RE/GCC_ARM/main.o
                0x08000348                void mbed::Callback<void ()>::function_move<void (*)()>(void*, void const*)
 .text._ZN4mbed8CallbackIFvvEE13function_dtorIPS1_EEvPv
                0x08000350        0x2 BUILD/NUCLEO_F303RE/GCC_ARM/main.o
                0x08000350                void mbed::Callback<void ()>::function_dtor<void (*)()>(void*)
 .text._ZN11regularC_msD2Ev
                0x08000352        0xe BUILD/NUCLEO_F303RE/GCC_ARM/main.o
                0x08000352                regularC_ms::~regularC_ms()
                0x08000352                regularC_ms::~regularC_ms()
 .text._ZN4mbed6SerialD2Ev
                0x08000360       0x38 BUILD/NUCLEO_F303RE/GCC_ARM/main.o
                0x08000360                mbed::Serial::~Serial()
                0x08000360                mbed::Serial::~Serial()
                0x0800038c                non-virtual thunk to mbed::Serial::~Serial()
                0x08000392                non-virtual thunk to mbed::Serial::~Serial()
 .text._Z14serialReceiverv
                0x08000398       0x60 BUILD/NUCLEO_F303RE/GCC_ARM/main.o
                0x08000398                serialReceiver()
 .text._ZN3rob9aTB6643KQD2Ev
                0x080003f8       0x34 BUILD/NUCLEO_F303RE/GCC_ARM/main.o
                0x080003f8                rob::aTB6643KQ::~aTB6643KQ()
                0x080003f8                rob::aTB6643KQ::~aTB6643KQ()
 .text._ZN3rob9aTB6643KQC2E7PinNameS1_
                0x0800042c       0x40 BUILD/NUCLEO_F303RE/GCC_ARM/main.o
                0x0800042c                rob::aTB6643KQ::aTB6643KQ(PinName, PinName)
                0x0800042c                rob::aTB6643KQ::aTB6643KQ(PinName, PinName)
 .text._ZN11regularC_ms3istEv
                0x0800046c       0x28 BUILD/NUCLEO_F303RE/GCC_ARM/main.o
                0x0800046c                regularC_ms::ist()
 .text._ZN3rob17__aPid_internal__4aPidIfE4calcEf
                0x08000494       0x92 BUILD/NUCLEO_F303RE/GCC_ARM/main.o
                0x08000494                rob::__aPid_internal__::aPid<float>::calc(float)
 *fill*         0x08000526        0x2 
 .text._Z5servov
                0x08000528       0x98 BUILD/NUCLEO_F303RE/GCC_ARM/main.o
                0x08000528                servo()
 .text._Z5motorv
                0x080005c0       0xb4 BUILD/NUCLEO_F303RE/GCC_ARM/main.o
                0x080005c0                motor()
 .text.startup.main
                0x08000674      0x1a8 BUILD/NUCLEO_F303RE/GCC_ARM/main.o
                0x08000674                main
 .text._ZN4mbed6SerialD0Ev
                0x0800081c       0x1e BUILD/NUCLEO_F303RE/GCC_ARM/main.o
                0x0800081c                mbed::Serial::~Serial()
                0x0800082e                non-virtual thunk to mbed::Serial::~Serial()
                0x08000834                non-virtual thunk to mbed::Serial::~Serial()
 *fill*         0x0800083a        0x2 
 .text.startup._GLOBAL__sub_I_pc
                0x0800083c      0x1bc BUILD/NUCLEO_F303RE/GCC_ARM/main.o
 .text._ZN3QEID2Ev
                0x080009f8       0x1e BUILD/NUCLEO_F303RE/GCC_ARM/main.o
                0x080009f8                QEI::~QEI()
                0x080009f8                QEI::~QEI()
 .text._ZN3QEI5indexEv
                0x08000a16        0xc BUILD/NUCLEO_F303RE/GCC_ARM/qei.o
                0x08000a16                QEI::index()
 .text._ZN4mbed8CallbackIFvvEE13function_moveINS2_14method_contextI3QEIMS5_FvvEEEEEvPvPKv
                0x08000a22        0xc BUILD/NUCLEO_F303RE/GCC_ARM/qei.o
                0x08000a22                void mbed::Callback<void ()>::function_move<mbed::Callback<void ()>::method_context<QEI, void (QEI::*)()> >(void*, void const*)
 .text._ZN4mbed8CallbackIFvvEE13function_dtorINS2_14method_contextI3QEIMS5_FvvEEEEEvPv
                0x08000a2e        0x2 BUILD/NUCLEO_F303RE/GCC_ARM/qei.o
                0x08000a2e                void mbed::Callback<void ()>::function_dtor<mbed::Callback<void ()>::method_context<QEI, void (QEI::*)()> >(void*)
 .text._ZN4mbed8CallbackIFvvEE13function_callINS2_14method_contextI3QEIMS5_FvvEEEEEvPKv
                0x08000a30       0x18 BUILD/NUCLEO_F303RE/GCC_ARM/qei.o
                0x08000a30                void mbed::Callback<void ()>::function_call<mbed::Callback<void ()>::method_context<QEI, void (QEI::*)()> >(void const*)
 .text._ZN3QEI6encodeEv
                0x08000a48      0x14c BUILD/NUCLEO_F303RE/GCC_ARM/qei.o
                0x08000a48                QEI::encode()
 .text._ZN3QEI9qei_resetEv
                0x08000b94       0x1c BUILD/NUCLEO_F303RE/GCC_ARM/qei.o
                0x08000b94                QEI::qei_reset()
 .text._ZN3QEI14getRevolutionsEv
                0x08000bb0        0x6 BUILD/NUCLEO_F303RE/GCC_ARM/qei.o
                0x08000bb0                QEI::getRevolutions()
 .text._ZN3QEI8getAngleEv
                0x08000bb6        0x6 BUILD/NUCLEO_F303RE/GCC_ARM/qei.o
                0x08000bb6                QEI::getAngle()
 .text._ZN4mbed8CallbackIFvvEED2Ev
                0x08000bbc       0x10 BUILD/NUCLEO_F303RE/GCC_ARM/qei.o
                0x08000bbc                mbed::Callback<void ()>::~Callback()
                0x08000bbc                mbed::Callback<void ()>::~Callback()
 .text._ZN4mbed11InterruptIn4riseI3QEIMS2_FvvEEEvPT_T0_
                0x08000bcc       0x44 BUILD/NUCLEO_F303RE/GCC_ARM/qei.o
                0x08000bcc                void mbed::InterruptIn::rise<QEI, void (QEI::*)()>(QEI*, void (QEI::*)())
 .text._ZN4mbed11InterruptIn4fallI3QEIMS2_FvvEEEvPT_T0_
                0x08000c10       0x44 BUILD/NUCLEO_F303RE/GCC_ARM/qei.o
                0x08000c10                void mbed::InterruptIn::fall<QEI, void (QEI::*)()>(QEI*, void (QEI::*)())
 .text._ZN3QEIC2E7PinNameS0_S0_iPN4mbed5TimerENS_8EncodingE
                0x08000c54       0xe0 BUILD/NUCLEO_F303RE/GCC_ARM/qei.o
                0x08000c54                QEI::QEI(PinName, PinName, PinName, int, mbed::Timer*, QEI::Encoding)
                0x08000c54                QEI::QEI(PinName, PinName, PinName, int, mbed::Timer*, QEI::Encoding)
 .text.CAN_SCE_IRQHandler
                0x08000d34       0xf0 C:/mbedOffline44/Datas/MbedOS2/TARGET_NUCLEO_F303RE/TOOLCHAIN_GCC_ARM/can_api.o
                0x08000d34                CAN_SCE_IRQHandler
 .text.USB_HP_CAN_TX_IRQHandler
                0x08000e24        0x4 C:/mbedOffline44/Datas/MbedOS2/TARGET_NUCLEO_F303RE/TOOLCHAIN_GCC_ARM/can_api.o
                0x08000e24                USB_HP_CAN_TX_IRQHandler
 .text.USB_LP_CAN_RX0_IRQHandler
                0x08000e28        0x4 C:/mbedOffline44/Datas/MbedOS2/TARGET_NUCLEO_F303RE/TOOLCHAIN_GCC_ARM/can_api.o
                0x08000e28                USB_LP_CAN_RX0_IRQHandler
 .text          0x08000e2c       0xc0 C:/mbedOffline44/Datas/MbedOS2/TARGET_NUCLEO_F303RE/TOOLCHAIN_GCC_ARM/except.o
                0x08000e2c                HardFault_Handler
                0x08000e32                MemManage_Handler
                0x08000e38                BusFault_Handler
                0x08000e3e                UsageFault_Handler
                0x08000e44                Fault_Handler
 .text.LL_GPIO_SetPinMode
                0x08000eec       0x2c C:/mbedOffline44/Datas/MbedOS2/TARGET_NUCLEO_F303RE/TOOLCHAIN_GCC_ARM/gpio_api.o
 .text.Set_GPIO_Clock
                0x08000f18       0xf8 C:/mbedOffline44/Datas/MbedOS2/TARGET_NUCLEO_F303RE/TOOLCHAIN_GCC_ARM/gpio_api.o
                0x08000f18                Set_GPIO_Clock
 .text.gpio_set
                0x08001010       0x2c C:/mbedOffline44/Datas/MbedOS2/TARGET_NUCLEO_F303RE/TOOLCHAIN_GCC_ARM/gpio_api.o
                0x08001010                gpio_set
 .text.gpio_init
                0x0800103c       0x44 C:/mbedOffline44/Datas/MbedOS2/TARGET_NUCLEO_F303RE/TOOLCHAIN_GCC_ARM/gpio_api.o
                0x0800103c                gpio_init
 .text.gpio_mode
                0x08001080        0x8 C:/mbedOffline44/Datas/MbedOS2/TARGET_NUCLEO_F303RE/TOOLCHAIN_GCC_ARM/gpio_api.o
                0x08001080                gpio_mode
 .text.gpio_dir
                0x08001088       0x10 C:/mbedOffline44/Datas/MbedOS2/TARGET_NUCLEO_F303RE/TOOLCHAIN_GCC_ARM/gpio_api.o
                0x08001088                gpio_dir
 .text.handle_interrupt_in
                0x08001098       0x9c C:/mbedOffline44/Datas/MbedOS2/TARGET_NUCLEO_F303RE/TOOLCHAIN_GCC_ARM/gpio_irq_api.o
 .text.gpio_irq6
                0x08001134        0x8 C:/mbedOffline44/Datas/MbedOS2/TARGET_NUCLEO_F303RE/TOOLCHAIN_GCC_ARM/gpio_irq_api.o
 .text.gpio_irq5
                0x0800113c        0x8 C:/mbedOffline44/Datas/MbedOS2/TARGET_NUCLEO_F303RE/TOOLCHAIN_GCC_ARM/gpio_irq_api.o
 .text.gpio_irq4
                0x08001144        0x8 C:/mbedOffline44/Datas/MbedOS2/TARGET_NUCLEO_F303RE/TOOLCHAIN_GCC_ARM/gpio_irq_api.o
 .text.gpio_irq3
                0x0800114c        0x8 C:/mbedOffline44/Datas/MbedOS2/TARGET_NUCLEO_F303RE/TOOLCHAIN_GCC_ARM/gpio_irq_api.o
 .text.gpio_irq2
                0x08001154        0x8 C:/mbedOffline44/Datas/MbedOS2/TARGET_NUCLEO_F303RE/TOOLCHAIN_GCC_ARM/gpio_irq_api.o
 .text.gpio_irq1
                0x0800115c        0x8 C:/mbedOffline44/Datas/MbedOS2/TARGET_NUCLEO_F303RE/TOOLCHAIN_GCC_ARM/gpio_irq_api.o
 .text.gpio_irq0
                0x08001164        0x8 C:/mbedOffline44/Datas/MbedOS2/TARGET_NUCLEO_F303RE/TOOLCHAIN_GCC_ARM/gpio_irq_api.o
 .text.gpio_irq_set
                0x0800116c       0x78 C:/mbedOffline44/Datas/MbedOS2/TARGET_NUCLEO_F303RE/TOOLCHAIN_GCC_ARM/gpio_irq_api.o
                0x0800116c                gpio_irq_set
 .text.gpio_irq_enable
                0x080011e4       0x78 C:/mbedOffline44/Datas/MbedOS2/TARGET_NUCLEO_F303RE/TOOLCHAIN_GCC_ARM/gpio_irq_api.o
                0x080011e4                gpio_irq_enable
 .text.gpio_irq_init
                0x0800125c      0x10c C:/mbedOffline44/Datas/MbedOS2/TARGET_NUCLEO_F303RE/TOOLCHAIN_GCC_ARM/gpio_irq_api.o
                0x0800125c                gpio_irq_init
 .text.gpio_irq_disable
                0x08001368       0x90 C:/mbedOffline44/Datas/MbedOS2/TARGET_NUCLEO_F303RE/TOOLCHAIN_GCC_ARM/gpio_irq_api.o
                0x08001368                gpio_irq_disable
 .text.gpio_irq_free
                0x080013f8       0x54 C:/mbedOffline44/Datas/MbedOS2/TARGET_NUCLEO_F303RE/TOOLCHAIN_GCC_ARM/gpio_irq_api.o
                0x080013f8                gpio_irq_free
 .text.HAL_InitTick
                0x0800144c        0xa C:/mbedOffline44/Datas/MbedOS2/TARGET_NUCLEO_F303RE/TOOLCHAIN_GCC_ARM/hal_tick_overrides.o
                0x0800144c                HAL_InitTick
 *fill*         0x08001456        0x2 
 .text.HAL_GetTick
                0x08001458       0x30 C:/mbedOffline44/Datas/MbedOS2/TARGET_NUCLEO_F303RE/TOOLCHAIN_GCC_ARM/hal_tick_overrides.o
                0x08001458                HAL_GetTick
 .text.mbed_die
                0x08001488       0x5c C:/mbedOffline44/Datas/MbedOS2/TARGET_NUCLEO_F303RE/TOOLCHAIN_GCC_ARM/mbed_board.o
                0x08001488                mbed_die
 .text.mbed_error_puts
                0x080014e4       0x20 C:/mbedOffline44/Datas/MbedOS2/TARGET_NUCLEO_F303RE/TOOLCHAIN_GCC_ARM/mbed_board.o
                0x080014e4                mbed_error_puts
 .text.mbed_error_vprintf
                0x08001504       0x34 C:/mbedOffline44/Datas/MbedOS2/TARGET_NUCLEO_F303RE/TOOLCHAIN_GCC_ARM/mbed_board.o
                0x08001504                mbed_error_vprintf
 .text.mbed_error_printf
                0x08001538       0x1a C:/mbedOffline44/Datas/MbedOS2/TARGET_NUCLEO_F303RE/TOOLCHAIN_GCC_ARM/mbed_board.o
                0x08001538                mbed_error_printf
 *fill*         0x08001552        0x2 
 .text.print_context_info
                0x08001554       0xec C:/mbedOffline44/Datas/MbedOS2/TARGET_NUCLEO_F303RE/TOOLCHAIN_GCC_ARM/mbed_fault_handler.o
                0x08001554                print_context_info
 .text.mbed_fault_handler
                0x08001640       0x90 C:/mbedOffline44/Datas/MbedOS2/TARGET_NUCLEO_F303RE/TOOLCHAIN_GCC_ARM/mbed_fault_handler.o
                0x08001640                mbed_fault_handler
 .text.mbed_sdk_init
                0x080016d0       0x20 C:/mbedOffline44/Datas/MbedOS2/TARGET_NUCLEO_F303RE/TOOLCHAIN_GCC_ARM/mbed_overrides.o
                0x080016d0                mbed_sdk_init
 .text._ZN4mbed10FileHandle4syncEv
                0x080016f0        0x4 C:/mbedOffline44/Datas/MbedOS2/TARGET_NUCLEO_F303RE/TOOLCHAIN_GCC_ARM/mbed_retarget.o
                0x080016f0                mbed::FileHandle::sync()
 .text._ZN4mbed10FileHandle4tellEv
                0x080016f4        0xa C:/mbedOffline44/Datas/MbedOS2/TARGET_NUCLEO_F303RE/TOOLCHAIN_GCC_ARM/mbed_retarget.o
                0x080016f4                mbed::FileHandle::tell()
 .text._ZN4mbed10FileHandle6rewindEv
                0x080016fe        0xa C:/mbedOffline44/Datas/MbedOS2/TARGET_NUCLEO_F303RE/TOOLCHAIN_GCC_ARM/mbed_retarget.o
                0x080016fe                mbed::FileHandle::rewind()
 .text._ZN4mbed10FileHandle5lseekEli
                0x08001708        0x6 C:/mbedOffline44/Datas/MbedOS2/TARGET_NUCLEO_F303RE/TOOLCHAIN_GCC_ARM/mbed_retarget.o
                0x08001708                mbed::FileHandle::lseek(long, int)
 .text._ZN4mbed10FileHandle5fsyncEv
                0x0800170e        0x6 C:/mbedOffline44/Datas/MbedOS2/TARGET_NUCLEO_F303RE/TOOLCHAIN_GCC_ARM/mbed_retarget.o
                0x0800170e                mbed::FileHandle::fsync()
 .text._ZN4mbed10FileHandle4flenEv
                0x08001714        0x6 C:/mbedOffline44/Datas/MbedOS2/TARGET_NUCLEO_F303RE/TOOLCHAIN_GCC_ARM/mbed_retarget.o
                0x08001714                mbed::FileHandle::flen()
 .text._ZN4mbed10FileHandle12set_blockingEb
                0x0800171a        0xc C:/mbedOffline44/Datas/MbedOS2/TARGET_NUCLEO_F303RE/TOOLCHAIN_GCC_ARM/mbed_retarget.o
                0x0800171a                mbed::FileHandle::set_blocking(bool)
 .text._ZNK4mbed10FileHandle11is_blockingEv
                0x08001726        0x4 C:/mbedOffline44/Datas/MbedOS2/TARGET_NUCLEO_F303RE/TOOLCHAIN_GCC_ARM/mbed_retarget.o
                0x08001726                mbed::FileHandle::is_blocking() const
 .text._ZNK4mbed10FileHandle4pollEs
                0x0800172a        0x4 C:/mbedOffline44/Datas/MbedOS2/TARGET_NUCLEO_F303RE/TOOLCHAIN_GCC_ARM/mbed_retarget.o
                0x0800172a                mbed::FileHandle::poll(short) const
 .text._ZN4mbed10FileHandle5sigioENS_8CallbackIFvvEEE
                0x0800172e        0x2 C:/mbedOffline44/Datas/MbedOS2/TARGET_NUCLEO_F303RE/TOOLCHAIN_GCC_ARM/mbed_retarget.o
                0x0800172e                mbed::FileHandle::sigio(mbed::Callback<void ()>)
 .text._ZN12DirectSerial4seekEli
                0x08001730        0x6 C:/mbedOffline44/Datas/MbedOS2/TARGET_NUCLEO_F303RE/TOOLCHAIN_GCC_ARM/mbed_retarget.o
                0x08001730                DirectSerial::seek(long, int)
 .text._ZN12DirectSerial4sizeEv
                0x08001736        0x6 C:/mbedOffline44/Datas/MbedOS2/TARGET_NUCLEO_F303RE/TOOLCHAIN_GCC_ARM/mbed_retarget.o
                0x08001736                DirectSerial::size()
 .text._ZN12DirectSerial6isattyEv
                0x0800173c        0x4 C:/mbedOffline44/Datas/MbedOS2/TARGET_NUCLEO_F303RE/TOOLCHAIN_GCC_ARM/mbed_retarget.o
                0x0800173c                DirectSerial::isatty()
 .text._ZN12DirectSerial5closeEv
                0x08001740        0x4 C:/mbedOffline44/Datas/MbedOS2/TARGET_NUCLEO_F303RE/TOOLCHAIN_GCC_ARM/mbed_retarget.o
                0x08001740                DirectSerial::close()
 .text._ZN12DirectSerialD2Ev
                0x08001744        0x2 C:/mbedOffline44/Datas/MbedOS2/TARGET_NUCLEO_F303RE/TOOLCHAIN_GCC_ARM/mbed_retarget.o
                0x08001744                DirectSerial::~DirectSerial()
                0x08001744                DirectSerial::~DirectSerial()
 *fill*         0x08001746        0x2 
 .text._ZN12DirectSerial5writeEPKvj
                0x08001748       0x24 C:/mbedOffline44/Datas/MbedOS2/TARGET_NUCLEO_F303RE/TOOLCHAIN_GCC_ARM/mbed_retarget.o
                0x08001748                DirectSerial::write(void const*, unsigned int)
 .text._ZNK12DirectSerial4pollEs
                0x0800176c       0x30 C:/mbedOffline44/Datas/MbedOS2/TARGET_NUCLEO_F303RE/TOOLCHAIN_GCC_ARM/mbed_retarget.o
                0x0800176c                DirectSerial::poll(short) const
 .text._ZN12DirectSerialD0Ev
                0x0800179c        0xc C:/mbedOffline44/Datas/MbedOS2/TARGET_NUCLEO_F303RE/TOOLCHAIN_GCC_ARM/mbed_retarget.o
                0x0800179c                DirectSerial::~DirectSerial()
 .text._ZN12DirectSerial4readEPvj
                0x080017a8       0x1c C:/mbedOffline44/Datas/MbedOS2/TARGET_NUCLEO_F303RE/TOOLCHAIN_GCC_ARM/mbed_retarget.o
                0x080017a8                DirectSerial::read(void*, unsigned int)
 .text._ZN12DirectSerialC2E7PinNameS0_i
                0x080017c4       0x30 C:/mbedOffline44/Datas/MbedOS2/TARGET_NUCLEO_F303RE/TOOLCHAIN_GCC_ARM/mbed_retarget.o
                0x080017c4                DirectSerial::DirectSerial(PinName, PinName, int)
                0x080017c4                DirectSerial::DirectSerial(PinName, PinName, int)
 .text._ZN4mbed28mbed_target_override_consoleEi
                0x080017f4        0x4 C:/mbedOffline44/Datas/MbedOS2/TARGET_NUCLEO_F303RE/TOOLCHAIN_GCC_ARM/mbed_retarget.o
                0x080017f4                mbed::mbed_target_override_console(int)
 .text._ZN4mbed21mbed_override_consoleEi
                0x080017f8        0x4 C:/mbedOffline44/Datas/MbedOS2/TARGET_NUCLEO_F303RE/TOOLCHAIN_GCC_ARM/mbed_retarget.o
                0x080017f8                mbed::mbed_override_console(int)
 .text.__cxa_pure_virtual
                0x080017fc        0x8 C:/mbedOffline44/Datas/MbedOS2/TARGET_NUCLEO_F303RE/TOOLCHAIN_GCC_ARM/mbed_retarget.o
                0x080017fc                __cxa_pure_virtual
 .text._sbrk    0x08001804       0x44 C:/mbedOffline44/Datas/MbedOS2/TARGET_NUCLEO_F303RE/TOOLCHAIN_GCC_ARM/mbed_retarget.o
                0x08001804                _sbrk
 .text.__aeabi_atexit
                0x08001848        0x4 C:/mbedOffline44/Datas/MbedOS2/TARGET_NUCLEO_F303RE/TOOLCHAIN_GCC_ARM/mbed_retarget.o
                0x08001848                __aeabi_atexit
 .text.__wrap_atexit
                0x0800184c        0x4 C:/mbedOffline44/Datas/MbedOS2/TARGET_NUCLEO_F303RE/TOOLCHAIN_GCC_ARM/mbed_retarget.o
                0x0800184c                __wrap_atexit
 .text._ZN4mbed26mbed_set_unbuffered_streamEP7__sFILE
                0x08001850        0x6 C:/mbedOffline44/Datas/MbedOS2/TARGET_NUCLEO_F303RE/TOOLCHAIN_GCC_ARM/mbed_retarget.o
                0x08001850                mbed::mbed_set_unbuffered_stream(__sFILE*)
 .text.__rtos_malloc_lock
                0x08001856        0x2 C:/mbedOffline44/Datas/MbedOS2/TARGET_NUCLEO_F303RE/TOOLCHAIN_GCC_ARM/mbed_retarget.o
                0x08001856                __rtos_malloc_lock
 .text.__rtos_malloc_unlock
                0x08001858        0x2 C:/mbedOffline44/Datas/MbedOS2/TARGET_NUCLEO_F303RE/TOOLCHAIN_GCC_ARM/mbed_retarget.o
                0x08001858                __rtos_malloc_unlock
 .text.__malloc_lock
                0x0800185a        0x8 C:/mbedOffline44/Datas/MbedOS2/TARGET_NUCLEO_F303RE/TOOLCHAIN_GCC_ARM/mbed_retarget.o
                0x0800185a                __malloc_lock
 .text.__malloc_unlock
                0x08001862        0x8 C:/mbedOffline44/Datas/MbedOS2/TARGET_NUCLEO_F303RE/TOOLCHAIN_GCC_ARM/mbed_retarget.o
                0x08001862                __malloc_unlock
 *fill*         0x0800186a        0x2 
 .text.__cxa_guard_acquire
                0x0800186c       0x30 C:/mbedOffline44/Datas/MbedOS2/TARGET_NUCLEO_F303RE/TOOLCHAIN_GCC_ARM/mbed_retarget.o
                0x0800186c                __cxa_guard_acquire
 .text.__cxa_guard_release
                0x0800189c       0x2c C:/mbedOffline44/Datas/MbedOS2/TARGET_NUCLEO_F303RE/TOOLCHAIN_GCC_ARM/mbed_retarget.o
                0x0800189c                __cxa_guard_release
 .text._ZL7get_fhci
                0x080018c8       0x80 C:/mbedOffline44/Datas/MbedOS2/TARGET_NUCLEO_F303RE/TOOLCHAIN_GCC_ARM/mbed_retarget.o
 .text.close    0x08001948       0x3c C:/mbedOffline44/Datas/MbedOS2/TARGET_NUCLEO_F303RE/TOOLCHAIN_GCC_ARM/mbed_retarget.o
                0x08001948                close
 .text._close   0x08001984        0x4 C:/mbedOffline44/Datas/MbedOS2/TARGET_NUCLEO_F303RE/TOOLCHAIN_GCC_ARM/mbed_retarget.o
                0x08001984                _close
 .text.write    0x08001988       0x34 C:/mbedOffline44/Datas/MbedOS2/TARGET_NUCLEO_F303RE/TOOLCHAIN_GCC_ARM/mbed_retarget.o
                0x08001988                write
 .text._write   0x080019bc       0x24 C:/mbedOffline44/Datas/MbedOS2/TARGET_NUCLEO_F303RE/TOOLCHAIN_GCC_ARM/mbed_retarget.o
                0x080019bc                _write
 .text.read     0x080019e0       0x34 C:/mbedOffline44/Datas/MbedOS2/TARGET_NUCLEO_F303RE/TOOLCHAIN_GCC_ARM/mbed_retarget.o
                0x080019e0                read
 .text._read    0x08001a14       0x1c C:/mbedOffline44/Datas/MbedOS2/TARGET_NUCLEO_F303RE/TOOLCHAIN_GCC_ARM/mbed_retarget.o
                0x08001a14                _read
 .text.isatty   0x08001a30       0x2c C:/mbedOffline44/Datas/MbedOS2/TARGET_NUCLEO_F303RE/TOOLCHAIN_GCC_ARM/mbed_retarget.o
                0x08001a30                isatty
 .text.fdopen   0x08001a5c       0x3a C:/mbedOffline44/Datas/MbedOS2/TARGET_NUCLEO_F303RE/TOOLCHAIN_GCC_ARM/mbed_retarget.o
                0x08001a5c                fdopen
 .text._isatty  0x08001a96        0x4 C:/mbedOffline44/Datas/MbedOS2/TARGET_NUCLEO_F303RE/TOOLCHAIN_GCC_ARM/mbed_retarget.o
                0x08001a96                _isatty
 .text.lseek    0x08001a9a       0x34 C:/mbedOffline44/Datas/MbedOS2/TARGET_NUCLEO_F303RE/TOOLCHAIN_GCC_ARM/mbed_retarget.o
                0x08001a9a                lseek
 .text._lseek   0x08001ace        0x4 C:/mbedOffline44/Datas/MbedOS2/TARGET_NUCLEO_F303RE/TOOLCHAIN_GCC_ARM/mbed_retarget.o
                0x08001ace                _lseek
 .text.fsync    0x08001ad2       0x2e C:/mbedOffline44/Datas/MbedOS2/TARGET_NUCLEO_F303RE/TOOLCHAIN_GCC_ARM/mbed_retarget.o
                0x08001ad2                fsync
 .text._exit    0x08001b00       0x30 C:/mbedOffline44/Datas/MbedOS2/TARGET_NUCLEO_F303RE/TOOLCHAIN_GCC_ARM/mbed_retarget.o
                0x08001b00                _exit
 .text.__wrap_exit
                0x08001b30        0x6 C:/mbedOffline44/Datas/MbedOS2/TARGET_NUCLEO_F303RE/TOOLCHAIN_GCC_ARM/mbed_retarget.o
                0x08001b30                __wrap_exit
 .text.fstat    0x08001b36       0x3c C:/mbedOffline44/Datas/MbedOS2/TARGET_NUCLEO_F303RE/TOOLCHAIN_GCC_ARM/mbed_retarget.o
                0x08001b36                fstat
 .text._fstat   0x08001b72        0x4 C:/mbedOffline44/Datas/MbedOS2/TARGET_NUCLEO_F303RE/TOOLCHAIN_GCC_ARM/mbed_retarget.o
                0x08001b72                _fstat
 .text._ZdlPv   0x08001b76        0x4 C:/mbedOffline44/Datas/MbedOS2/TARGET_NUCLEO_F303RE/TOOLCHAIN_GCC_ARM/mbed_retarget.o
                0x08001b76                operator delete(void*)
 *fill*         0x08001b7a        0x2 
 .text._ZNK12SingletonPtrI13PlatformMutexE3getEv
                0x08001b7c       0x28 C:/mbedOffline44/Datas/MbedOS2/TARGET_NUCLEO_F303RE/TOOLCHAIN_GCC_ARM/mbed_retarget.o
                0x08001b7c                SingletonPtr<PlatformMutex>::get() const
 .text._ZN4mbed17remove_filehandleEPNS_10FileHandleE
                0x08001ba4       0x34 C:/mbedOffline44/Datas/MbedOS2/TARGET_NUCLEO_F303RE/TOOLCHAIN_GCC_ARM/mbed_retarget.o
                0x08001ba4                mbed::remove_filehandle(mbed::FileHandle*)
 .text._ZL18reserve_filehandlev
                0x08001bd8       0x48 C:/mbedOffline44/Datas/MbedOS2/TARGET_NUCLEO_F303RE/TOOLCHAIN_GCC_ARM/mbed_retarget.o
 .text._ZN4mbed10bind_to_fdEPNS_10FileHandleE
                0x08001c20       0x18 C:/mbedOffline44/Datas/MbedOS2/TARGET_NUCLEO_F303RE/TOOLCHAIN_GCC_ARM/mbed_retarget.o
                0x08001c20                mbed::bind_to_fd(mbed::FileHandle*)
 .text._ZN4mbed6fdopenEPNS_10FileHandleEPKc
                0x08001c38       0x3c C:/mbedOffline44/Datas/MbedOS2/TARGET_NUCLEO_F303RE/TOOLCHAIN_GCC_ARM/mbed_retarget.o
                0x08001c38                mbed::fdopen(mbed::FileHandle*, char const*)
 .text.open     0x08001c74       0x98 C:/mbedOffline44/Datas/MbedOS2/TARGET_NUCLEO_F303RE/TOOLCHAIN_GCC_ARM/mbed_retarget.o
                0x08001c74                open
 .text._open    0x08001d0c       0x74 C:/mbedOffline44/Datas/MbedOS2/TARGET_NUCLEO_F303RE/TOOLCHAIN_GCC_ARM/mbed_retarget.o
                0x08001d0c                _open
 .text.mbed_main
                0x08001d80        0x2 C:/mbedOffline44/Datas/MbedOS2/TARGET_NUCLEO_F303RE/TOOLCHAIN_GCC_ARM/mbed_sdk_boot.o
                0x08001d80                mbed_main
 .text.software_init_hook_rtos
                0x08001d82        0x2 C:/mbedOffline44/Datas/MbedOS2/TARGET_NUCLEO_F303RE/TOOLCHAIN_GCC_ARM/mbed_sdk_boot.o
                0x08001d82                software_init_hook_rtos
 .text.mbed_copy_nvic
                0x08001d84       0x2c C:/mbedOffline44/Datas/MbedOS2/TARGET_NUCLEO_F303RE/TOOLCHAIN_GCC_ARM/mbed_sdk_boot.o
                0x08001d84                mbed_copy_nvic
 .text.software_init_hook
                0x08001db0       0x10 C:/mbedOffline44/Datas/MbedOS2/TARGET_NUCLEO_F303RE/TOOLCHAIN_GCC_ARM/mbed_sdk_boot.o
                0x08001db0                software_init_hook
 .text.__wrap_main
                0x08001dc0        0xe C:/mbedOffline44/Datas/MbedOS2/TARGET_NUCLEO_F303RE/TOOLCHAIN_GCC_ARM/mbed_sdk_boot.o
                0x08001dc0                __wrap_main
 .text.LL_GPIO_SetPinPull
                0x08001dce       0x2c C:/mbedOffline44/Datas/MbedOS2/TARGET_NUCLEO_F303RE/TOOLCHAIN_GCC_ARM/pinmap.o
 .text.stm_pin_PullConfig
                0x08001dfa        0xe C:/mbedOffline44/Datas/MbedOS2/TARGET_NUCLEO_F303RE/TOOLCHAIN_GCC_ARM/pinmap.o
 .text.pin_function
                0x08001e08      0x120 C:/mbedOffline44/Datas/MbedOS2/TARGET_NUCLEO_F303RE/TOOLCHAIN_GCC_ARM/pinmap.o
                0x08001e08                pin_function
 .text.pin_mode
                0x08001f28       0x94 C:/mbedOffline44/Datas/MbedOS2/TARGET_NUCLEO_F303RE/TOOLCHAIN_GCC_ARM/pinmap.o
                0x08001f28                pin_mode
 .text.pwmout_write
                0x08001fbc       0xc4 C:/mbedOffline44/Datas/MbedOS2/TARGET_NUCLEO_F303RE/TOOLCHAIN_GCC_ARM/pwmout_api.o
                0x08001fbc                pwmout_write
 .text.pwmout_read
                0x08002080       0x3c C:/mbedOffline44/Datas/MbedOS2/TARGET_NUCLEO_F303RE/TOOLCHAIN_GCC_ARM/pwmout_api.o
                0x08002080                pwmout_read
 .text.pwmout_period_us
                0x080020bc      0x138 C:/mbedOffline44/Datas/MbedOS2/TARGET_NUCLEO_F303RE/TOOLCHAIN_GCC_ARM/pwmout_api.o
                0x080020bc                pwmout_period_us
 .text.pwmout_init
                0x080021f4      0x194 C:/mbedOffline44/Datas/MbedOS2/TARGET_NUCLEO_F303RE/TOOLCHAIN_GCC_ARM/pwmout_api.o
                0x080021f4                pwmout_init
 .text.debug.constprop.1
                0x08002388       0x28 C:/mbedOffline44/Datas/MbedOS2/TARGET_NUCLEO_F303RE/TOOLCHAIN_GCC_ARM/serial_api.o
 .text.serial_readable
                0x080023b0       0x20 C:/mbedOffline44/Datas/MbedOS2/TARGET_NUCLEO_F303RE/TOOLCHAIN_GCC_ARM/serial_api.o
                0x080023b0                serial_readable
 .text.serial_writable
                0x080023d0       0x18 C:/mbedOffline44/Datas/MbedOS2/TARGET_NUCLEO_F303RE/TOOLCHAIN_GCC_ARM/serial_api.o
                0x080023d0                serial_writable
 .text.init_uart
                0x080023e8       0x60 C:/mbedOffline44/Datas/MbedOS2/TARGET_NUCLEO_F303RE/TOOLCHAIN_GCC_ARM/serial_api.o
                0x080023e8                init_uart
 .text.serial_baud
                0x08002448       0x20 C:/mbedOffline44/Datas/MbedOS2/TARGET_NUCLEO_F303RE/TOOLCHAIN_GCC_ARM/serial_api.o
                0x08002448                serial_baud
 .text.get_uart_index
                0x08002468       0x44 C:/mbedOffline44/Datas/MbedOS2/TARGET_NUCLEO_F303RE/TOOLCHAIN_GCC_ARM/serial_api.o
                0x08002468                get_uart_index
 .text.serial_init
                0x080024ac      0x188 C:/mbedOffline44/Datas/MbedOS2/TARGET_NUCLEO_F303RE/TOOLCHAIN_GCC_ARM/serial_api.o
                0x080024ac                serial_init
 .text.__NVIC_EnableIRQ
                0x08002634       0x1c C:/mbedOffline44/Datas/MbedOS2/TARGET_NUCLEO_F303RE/TOOLCHAIN_GCC_ARM/serial_device.o
 .text.__NVIC_DisableIRQ
                0x08002650       0x28 C:/mbedOffline44/Datas/MbedOS2/TARGET_NUCLEO_F303RE/TOOLCHAIN_GCC_ARM/serial_device.o
 .text.uart_irq
                0x08002678       0x74 C:/mbedOffline44/Datas/MbedOS2/TARGET_NUCLEO_F303RE/TOOLCHAIN_GCC_ARM/serial_device.o
 .text.uart5_irq
                0x080026ec        0xc C:/mbedOffline44/Datas/MbedOS2/TARGET_NUCLEO_F303RE/TOOLCHAIN_GCC_ARM/serial_device.o
 .text.uart4_irq
                0x080026f8        0xc C:/mbedOffline44/Datas/MbedOS2/TARGET_NUCLEO_F303RE/TOOLCHAIN_GCC_ARM/serial_device.o
 .text.uart3_irq
                0x08002704        0xc C:/mbedOffline44/Datas/MbedOS2/TARGET_NUCLEO_F303RE/TOOLCHAIN_GCC_ARM/serial_device.o
 .text.uart2_irq
                0x08002710        0xc C:/mbedOffline44/Datas/MbedOS2/TARGET_NUCLEO_F303RE/TOOLCHAIN_GCC_ARM/serial_device.o
 .text.uart1_irq
                0x0800271c        0xc C:/mbedOffline44/Datas/MbedOS2/TARGET_NUCLEO_F303RE/TOOLCHAIN_GCC_ARM/serial_device.o
 .text.serial_irq_handler
                0x08002728       0x18 C:/mbedOffline44/Datas/MbedOS2/TARGET_NUCLEO_F303RE/TOOLCHAIN_GCC_ARM/serial_device.o
                0x08002728                serial_irq_handler
 .text.serial_irq_set
                0x08002740       0xcc C:/mbedOffline44/Datas/MbedOS2/TARGET_NUCLEO_F303RE/TOOLCHAIN_GCC_ARM/serial_device.o
                0x08002740                serial_irq_set
 .text.serial_getc
                0x0800280c       0x2c C:/mbedOffline44/Datas/MbedOS2/TARGET_NUCLEO_F303RE/TOOLCHAIN_GCC_ARM/serial_device.o
                0x0800280c                serial_getc
 .text.serial_putc
                0x08002838       0x30 C:/mbedOffline44/Datas/MbedOS2/TARGET_NUCLEO_F303RE/TOOLCHAIN_GCC_ARM/serial_device.o
                0x08002838                serial_putc
 .text.Reset_Handler
                0x08002868       0x4c C:/mbedOffline44/Datas/MbedOS2/TARGET_NUCLEO_F303RE/TOOLCHAIN_GCC_ARM/startup_stm32f303xe.o
                0x08002868                Reset_Handler
 .text.Default_Handler
                0x080028b4        0x2 C:/mbedOffline44/Datas/MbedOS2/TARGET_NUCLEO_F303RE/TOOLCHAIN_GCC_ARM/startup_stm32f303xe.o
                0x080028b4                RTC_Alarm_IRQHandler
                0x080028b4                TIM8_TRG_COM_IRQHandler
                0x080028b4                TIM8_CC_IRQHandler
                0x080028b4                DebugMon_Handler
                0x080028b4                SPI4_IRQHandler
                0x080028b4                TIM1_CC_IRQHandler
                0x080028b4                USB_HP_IRQHandler
                0x080028b4                SysTick_Handler
                0x080028b4                PVD_IRQHandler
                0x080028b4                TAMP_STAMP_IRQHandler
                0x080028b4                PendSV_Handler
                0x080028b4                NMI_Handler
                0x080028b4                EXTI3_IRQHandler
                0x080028b4                I2C3_ER_IRQHandler
                0x080028b4                EXTI0_IRQHandler
                0x080028b4                I2C2_EV_IRQHandler
                0x080028b4                FPU_IRQHandler
                0x080028b4                TIM1_UP_TIM16_IRQHandler
                0x080028b4                ADC1_2_IRQHandler
                0x080028b4                SPI1_IRQHandler
                0x080028b4                TIM6_DAC_IRQHandler
                0x080028b4                TIM8_UP_IRQHandler
                0x080028b4                DMA2_Channel2_IRQHandler
                0x080028b4                DMA1_Channel4_IRQHandler
                0x080028b4                TIM20_TRG_COM_IRQHandler
                0x080028b4                USART3_IRQHandler
                0x080028b4                DMA1_Channel7_IRQHandler
                0x080028b4                UART5_IRQHandler
                0x080028b4                ADC3_IRQHandler
                0x080028b4                TIM4_IRQHandler
                0x080028b4                CAN_RX1_IRQHandler
                0x080028b4                DMA2_Channel1_IRQHandler
                0x080028b4                I2C1_EV_IRQHandler
                0x080028b4                DMA1_Channel6_IRQHandler
                0x080028b4                UART4_IRQHandler
                0x080028b4                DMA2_Channel4_IRQHandler
                0x080028b4                TIM3_IRQHandler
                0x080028b4                RCC_IRQHandler
                0x080028b4                TIM20_UP_IRQHandler
                0x080028b4                DMA1_Channel1_IRQHandler
                0x080028b4                Default_Handler
                0x080028b4                USBWakeUp_RMP_IRQHandler
                0x080028b4                EXTI15_10_IRQHandler
                0x080028b4                TIM7_IRQHandler
                0x080028b4                I2C3_EV_IRQHandler
                0x080028b4                EXTI9_5_IRQHandler
                0x080028b4                RTC_WKUP_IRQHandler
                0x080028b4                SPI2_IRQHandler
                0x080028b4                SVC_Handler
                0x080028b4                DMA2_Channel5_IRQHandler
                0x080028b4                DMA1_Channel5_IRQHandler
                0x080028b4                USB_LP_IRQHandler
                0x080028b4                EXTI4_IRQHandler
                0x080028b4                TIM1_TRG_COM_TIM17_IRQHandler
                0x080028b4                DMA1_Channel3_IRQHandler
                0x080028b4                ADC4_IRQHandler
                0x080028b4                WWDG_IRQHandler
                0x080028b4                TIM2_IRQHandler
                0x080028b4                COMP7_IRQHandler
                0x080028b4                COMP1_2_3_IRQHandler
                0x080028b4                EXTI1_IRQHandler
                0x080028b4                USART2_IRQHandler
                0x080028b4                COMP4_5_6_IRQHandler
                0x080028b4                TIM20_BRK_IRQHandler
                0x080028b4                I2C2_ER_IRQHandler
                0x080028b4                DMA1_Channel2_IRQHandler
                0x080028b4                TIM8_BRK_IRQHandler
                0x080028b4                FLASH_IRQHandler
                0x080028b4                TIM20_CC_IRQHandler
                0x080028b4                USART1_IRQHandler
                0x080028b4                SPI3_IRQHandler
                0x080028b4                I2C1_ER_IRQHandler
                0x080028b4                FMC_IRQHandler
                0x080028b4                USBWakeUp_IRQHandler
                0x080028b4                DMA2_Channel3_IRQHandler
                0x080028b4                EXTI2_TSC_IRQHandler
                0x080028b4                TIM1_BRK_TIM15_IRQHandler
 .text.HAL_MspInit
                0x080028b6        0x2 C:/mbedOffline44/Datas/MbedOS2/TARGET_NUCLEO_F303RE/TOOLCHAIN_GCC_ARM/stm32f3xx_hal.o
                0x080028b6                HAL_MspInit
 .text.HAL_Init
                0x080028b8       0x24 C:/mbedOffline44/Datas/MbedOS2/TARGET_NUCLEO_F303RE/TOOLCHAIN_GCC_ARM/stm32f3xx_hal.o
                0x080028b8                HAL_Init
 .text.HAL_NVIC_SetPriorityGrouping
                0x080028dc       0x24 C:/mbedOffline44/Datas/MbedOS2/TARGET_NUCLEO_F303RE/TOOLCHAIN_GCC_ARM/stm32f3xx_hal_cortex.o
                0x080028dc                HAL_NVIC_SetPriorityGrouping
 .text.HAL_RCC_OscConfig
                0x08002900      0x4fc C:/mbedOffline44/Datas/MbedOS2/TARGET_NUCLEO_F303RE/TOOLCHAIN_GCC_ARM/stm32f3xx_hal_rcc.o
                0x08002900                HAL_RCC_OscConfig
 .text.HAL_RCC_GetSysClockFreq
                0x08002dfc       0x58 C:/mbedOffline44/Datas/MbedOS2/TARGET_NUCLEO_F303RE/TOOLCHAIN_GCC_ARM/stm32f3xx_hal_rcc.o
                0x08002dfc                HAL_RCC_GetSysClockFreq
 .text.HAL_RCC_ClockConfig
                0x08002e54      0x184 C:/mbedOffline44/Datas/MbedOS2/TARGET_NUCLEO_F303RE/TOOLCHAIN_GCC_ARM/stm32f3xx_hal_rcc.o
                0x08002e54                HAL_RCC_ClockConfig
 .text.HAL_RCC_GetPCLK1Freq
                0x08002fd8       0x30 C:/mbedOffline44/Datas/MbedOS2/TARGET_NUCLEO_F303RE/TOOLCHAIN_GCC_ARM/stm32f3xx_hal_rcc.o
                0x08002fd8                HAL_RCC_GetPCLK1Freq
 .text.HAL_RCC_GetPCLK2Freq
                0x08003008       0x30 C:/mbedOffline44/Datas/MbedOS2/TARGET_NUCLEO_F303RE/TOOLCHAIN_GCC_ARM/stm32f3xx_hal_rcc.o
                0x08003008                HAL_RCC_GetPCLK2Freq
 .text.HAL_RCC_GetClockConfig
                0x08003038       0x3c C:/mbedOffline44/Datas/MbedOS2/TARGET_NUCLEO_F303RE/TOOLCHAIN_GCC_ARM/stm32f3xx_hal_rcc.o
                0x08003038                HAL_RCC_GetClockConfig
 .text.HAL_RCCEx_PeriphCLKConfig
                0x08003074      0x288 C:/mbedOffline44/Datas/MbedOS2/TARGET_NUCLEO_F303RE/TOOLCHAIN_GCC_ARM/stm32f3xx_hal_rcc_ex.o
                0x08003074                HAL_RCCEx_PeriphCLKConfig
 .text.HAL_TIM_OC_MspInit
                0x080032fc        0x2 C:/mbedOffline44/Datas/MbedOS2/TARGET_NUCLEO_F303RE/TOOLCHAIN_GCC_ARM/stm32f3xx_hal_tim.o
                0x080032fc                HAL_TIM_OC_MspInit
 .text.HAL_TIM_PWM_MspInit
                0x080032fe        0x2 C:/mbedOffline44/Datas/MbedOS2/TARGET_NUCLEO_F303RE/TOOLCHAIN_GCC_ARM/stm32f3xx_hal_tim.o
                0x080032fe                HAL_TIM_PWM_MspInit
 .text.TIM_Base_SetConfig
                0x08003300       0xd4 C:/mbedOffline44/Datas/MbedOS2/TARGET_NUCLEO_F303RE/TOOLCHAIN_GCC_ARM/stm32f3xx_hal_tim.o
                0x08003300                TIM_Base_SetConfig
 .text.HAL_TIM_OC_Init
                0x080033d4       0x34 C:/mbedOffline44/Datas/MbedOS2/TARGET_NUCLEO_F303RE/TOOLCHAIN_GCC_ARM/stm32f3xx_hal_tim.o
                0x080033d4                HAL_TIM_OC_Init
 .text.HAL_TIM_PWM_Init
                0x08003408       0x34 C:/mbedOffline44/Datas/MbedOS2/TARGET_NUCLEO_F303RE/TOOLCHAIN_GCC_ARM/stm32f3xx_hal_tim.o
                0x08003408                HAL_TIM_PWM_Init
 .text.TIM_OC1_SetConfig
                0x0800343c       0xa8 C:/mbedOffline44/Datas/MbedOS2/TARGET_NUCLEO_F303RE/TOOLCHAIN_GCC_ARM/stm32f3xx_hal_tim.o
                0x0800343c                TIM_OC1_SetConfig
 .text.TIM_OC2_SetConfig
                0x080034e4       0x9c C:/mbedOffline44/Datas/MbedOS2/TARGET_NUCLEO_F303RE/TOOLCHAIN_GCC_ARM/stm32f3xx_hal_tim.o
                0x080034e4                TIM_OC2_SetConfig
 .text.TIM_OC3_SetConfig
                0x08003580       0x98 C:/mbedOffline44/Datas/MbedOS2/TARGET_NUCLEO_F303RE/TOOLCHAIN_GCC_ARM/stm32f3xx_hal_tim.o
                0x08003580                TIM_OC3_SetConfig
 .text.TIM_OC4_SetConfig
                0x08003618       0x70 C:/mbedOffline44/Datas/MbedOS2/TARGET_NUCLEO_F303RE/TOOLCHAIN_GCC_ARM/stm32f3xx_hal_tim.o
                0x08003618                TIM_OC4_SetConfig
 .text.TIM_CCxChannelCmd
                0x08003688       0x18 C:/mbedOffline44/Datas/MbedOS2/TARGET_NUCLEO_F303RE/TOOLCHAIN_GCC_ARM/stm32f3xx_hal_tim.o
                0x08003688                TIM_CCxChannelCmd
 .text.HAL_TIM_OC_Stop
                0x080036a0       0x7c C:/mbedOffline44/Datas/MbedOS2/TARGET_NUCLEO_F303RE/TOOLCHAIN_GCC_ARM/stm32f3xx_hal_tim.o
                0x080036a0                HAL_TIM_OC_Stop
 .text.HAL_TIM_PWM_Start
                0x0800371c       0x54 C:/mbedOffline44/Datas/MbedOS2/TARGET_NUCLEO_F303RE/TOOLCHAIN_GCC_ARM/stm32f3xx_hal_tim.o
                0x0800371c                HAL_TIM_PWM_Start
 .text.HAL_TIM_OC_Start
                0x08003770        0x4 C:/mbedOffline44/Datas/MbedOS2/TARGET_NUCLEO_F303RE/TOOLCHAIN_GCC_ARM/stm32f3xx_hal_tim.o
                0x08003770                HAL_TIM_OC_Start
 .text.TIM_CCxNChannelCmd
                0x08003774       0x18 C:/mbedOffline44/Datas/MbedOS2/TARGET_NUCLEO_F303RE/TOOLCHAIN_GCC_ARM/stm32f3xx_hal_tim_ex.o
 .text.TIM_OC5_SetConfig
                0x0800378c       0x70 C:/mbedOffline44/Datas/MbedOS2/TARGET_NUCLEO_F303RE/TOOLCHAIN_GCC_ARM/stm32f3xx_hal_tim_ex.o
 .text.TIM_OC6_SetConfig
                0x080037fc       0x70 C:/mbedOffline44/Datas/MbedOS2/TARGET_NUCLEO_F303RE/TOOLCHAIN_GCC_ARM/stm32f3xx_hal_tim_ex.o
 .text.HAL_TIMEx_PWMN_Start
                0x0800386c       0x22 C:/mbedOffline44/Datas/MbedOS2/TARGET_NUCLEO_F303RE/TOOLCHAIN_GCC_ARM/stm32f3xx_hal_tim_ex.o
                0x0800386c                HAL_TIMEx_PWMN_Start
 .text.HAL_TIM_PWM_ConfigChannel
                0x0800388e      0x10e C:/mbedOffline44/Datas/MbedOS2/TARGET_NUCLEO_F303RE/TOOLCHAIN_GCC_ARM/stm32f3xx_hal_tim_ex.o
                0x0800388e                HAL_TIM_PWM_ConfigChannel
 .text.HAL_UART_MspInit
                0x0800399c        0x2 C:/mbedOffline44/Datas/MbedOS2/TARGET_NUCLEO_F303RE/TOOLCHAIN_GCC_ARM/stm32f3xx_hal_uart.o
                0x0800399c                HAL_UART_MspInit
 *fill*         0x0800399e        0x2 
 .text.UART_SetConfig
                0x080039a0      0x210 C:/mbedOffline44/Datas/MbedOS2/TARGET_NUCLEO_F303RE/TOOLCHAIN_GCC_ARM/stm32f3xx_hal_uart.o
                0x080039a0                UART_SetConfig
 .text.UART_AdvFeatureConfig
                0x08003bb0       0xa8 C:/mbedOffline44/Datas/MbedOS2/TARGET_NUCLEO_F303RE/TOOLCHAIN_GCC_ARM/stm32f3xx_hal_uart.o
                0x08003bb0                UART_AdvFeatureConfig
 .text.UART_WaitOnFlagUntilTimeout
                0x08003c58       0x62 C:/mbedOffline44/Datas/MbedOS2/TARGET_NUCLEO_F303RE/TOOLCHAIN_GCC_ARM/stm32f3xx_hal_uart.o
                0x08003c58                UART_WaitOnFlagUntilTimeout
 .text.UART_CheckIdleState
                0x08003cba       0x64 C:/mbedOffline44/Datas/MbedOS2/TARGET_NUCLEO_F303RE/TOOLCHAIN_GCC_ARM/stm32f3xx_hal_uart.o
                0x08003cba                UART_CheckIdleState
 .text.HAL_UART_Init
                0x08003d1e       0x64 C:/mbedOffline44/Datas/MbedOS2/TARGET_NUCLEO_F303RE/TOOLCHAIN_GCC_ARM/stm32f3xx_hal_uart.o
                0x08003d1e                HAL_UART_Init
 *fill*         0x08003d82        0x2 
 .text.SystemInit
                0x08003d84       0x64 C:/mbedOffline44/Datas/MbedOS2/TARGET_NUCLEO_F303RE/TOOLCHAIN_GCC_ARM/system_clock.o
                0x08003d84                SystemInit
 .text.SetSysClock_PLL_HSE
                0x08003de8       0x6a C:/mbedOffline44/Datas/MbedOS2/TARGET_NUCLEO_F303RE/TOOLCHAIN_GCC_ARM/system_clock.o
                0x08003de8                SetSysClock_PLL_HSE
 .text.SetSysClock_PLL_HSI
                0x08003e52       0x66 C:/mbedOffline44/Datas/MbedOS2/TARGET_NUCLEO_F303RE/TOOLCHAIN_GCC_ARM/system_clock.o
                0x08003e52                SetSysClock_PLL_HSI
 .text.SetSysClock
                0x08003eb8       0x1c C:/mbedOffline44/Datas/MbedOS2/TARGET_NUCLEO_F303RE/TOOLCHAIN_GCC_ARM/system_clock.o
                0x08003eb8                SetSysClock
 .text.SystemCoreClockUpdate
                0x08003ed4       0x54 C:/mbedOffline44/Datas/MbedOS2/TARGET_NUCLEO_F303RE/TOOLCHAIN_GCC_ARM/system_stm32f3xx.o
                0x08003ed4                SystemCoreClockUpdate
 .text.timer_irq_handler
                0x08003f28       0x24 C:/mbedOffline44/Datas/MbedOS2/TARGET_NUCLEO_F303RE/TOOLCHAIN_GCC_ARM/us_ticker.o
                0x08003f28                timer_irq_handler
 .text.us_ticker_get_info
                0x08003f4c        0x8 C:/mbedOffline44/Datas/MbedOS2/TARGET_NUCLEO_F303RE/TOOLCHAIN_GCC_ARM/us_ticker.o
                0x08003f4c                us_ticker_get_info
 .text.init_32bit_timer
                0x08003f54       0xa8 C:/mbedOffline44/Datas/MbedOS2/TARGET_NUCLEO_F303RE/TOOLCHAIN_GCC_ARM/us_ticker.o
                0x08003f54                init_32bit_timer
 .text.us_ticker_init
                0x08003ffc       0x18 C:/mbedOffline44/Datas/MbedOS2/TARGET_NUCLEO_F303RE/TOOLCHAIN_GCC_ARM/us_ticker.o
                0x08003ffc                us_ticker_init
 .text.us_ticker_read
                0x08004014        0x8 C:/mbedOffline44/Datas/MbedOS2/TARGET_NUCLEO_F303RE/TOOLCHAIN_GCC_ARM/us_ticker.o
                0x08004014                us_ticker_read
 .text.us_ticker_set_interrupt
                0x0800401c       0x1c C:/mbedOffline44/Datas/MbedOS2/TARGET_NUCLEO_F303RE/TOOLCHAIN_GCC_ARM/us_ticker.o
                0x0800401c                us_ticker_set_interrupt
 .text.us_ticker_fire_interrupt
                0x08004038       0x20 C:/mbedOffline44/Datas/MbedOS2/TARGET_NUCLEO_F303RE/TOOLCHAIN_GCC_ARM/us_ticker.o
                0x08004038                us_ticker_fire_interrupt
 .text.us_ticker_disable_interrupt
                0x08004058       0x14 C:/mbedOffline44/Datas/MbedOS2/TARGET_NUCLEO_F303RE/TOOLCHAIN_GCC_ARM/us_ticker.o
                0x08004058                us_ticker_disable_interrupt
 .text.us_ticker_clear_interrupt
                0x0800406c       0x10 C:/mbedOffline44/Datas/MbedOS2/TARGET_NUCLEO_F303RE/TOOLCHAIN_GCC_ARM/us_ticker.o
                0x0800406c                us_ticker_clear_interrupt
 .text.us_ticker_free
                0x0800407c       0x18 C:/mbedOffline44/Datas/MbedOS2/TARGET_NUCLEO_F303RE/TOOLCHAIN_GCC_ARM/us_ticker.o
                0x0800407c                us_ticker_free
 .text._ZN4mbed11InterruptIn8irq_initE7PinName
                0x08004094       0x10 C:/mbedOffline44/Datas/MbedOS2/TARGET_NUCLEO_F303RE/TOOLCHAIN_GCC_ARM\libmbed.a(InterruptIn.o)
                0x08004094                mbed::InterruptIn::irq_init(PinName)
 .text._ZN4mbed11InterruptInC2E7PinName
                0x080040a4       0x58 C:/mbedOffline44/Datas/MbedOS2/TARGET_NUCLEO_F303RE/TOOLCHAIN_GCC_ARM\libmbed.a(InterruptIn.o)
                0x080040a4                mbed::InterruptIn::InterruptIn(PinName)
                0x080040a4                mbed::InterruptIn::InterruptIn(PinName)
 .text._ZN4mbed11InterruptIn4readEv
                0x080040fc       0x10 C:/mbedOffline44/Datas/MbedOS2/TARGET_NUCLEO_F303RE/TOOLCHAIN_GCC_ARM\libmbed.a(InterruptIn.o)
                0x080040fc                mbed::InterruptIn::read()
 .text._ZN4mbed11InterruptInD2Ev
                0x0800410c       0x28 C:/mbedOffline44/Datas/MbedOS2/TARGET_NUCLEO_F303RE/TOOLCHAIN_GCC_ARM\libmbed.a(InterruptIn.o)
                0x0800410c                mbed::InterruptIn::~InterruptIn()
                0x0800410c                mbed::InterruptIn::~InterruptIn()
 .text._ZN4mbed11InterruptInD0Ev
                0x08004134       0x12 C:/mbedOffline44/Datas/MbedOS2/TARGET_NUCLEO_F303RE/TOOLCHAIN_GCC_ARM\libmbed.a(InterruptIn.o)
                0x08004134                mbed::InterruptIn::~InterruptIn()
 .text._ZN4mbed8CallbackIFvvEEaSERKS2_
                0x08004146       0x24 C:/mbedOffline44/Datas/MbedOS2/TARGET_NUCLEO_F303RE/TOOLCHAIN_GCC_ARM\libmbed.a(InterruptIn.o)
                0x08004146                mbed::Callback<void ()>::operator=(mbed::Callback<void ()> const&)
 .text._ZN4mbed11InterruptIn4riseENS_8CallbackIFvvEEE
                0x0800416a       0x4c C:/mbedOffline44/Datas/MbedOS2/TARGET_NUCLEO_F303RE/TOOLCHAIN_GCC_ARM\libmbed.a(InterruptIn.o)
                0x0800416a                mbed::InterruptIn::rise(mbed::Callback<void ()>)
 .text._ZN4mbed11InterruptIn4fallENS_8CallbackIFvvEEE
                0x080041b6       0x4c C:/mbedOffline44/Datas/MbedOS2/TARGET_NUCLEO_F303RE/TOOLCHAIN_GCC_ARM\libmbed.a(InterruptIn.o)
                0x080041b6                mbed::InterruptIn::fall(mbed::Callback<void ()>)
 *fill*         0x08004202        0x2 
 .text._ZNK4mbed8CallbackIFvvEE4callEv
                0x08004204       0x24 C:/mbedOffline44/Datas/MbedOS2/TARGET_NUCLEO_F303RE/TOOLCHAIN_GCC_ARM\libmbed.a(InterruptIn.o)
                0x08004204                mbed::Callback<void ()>::call() const
 .text._ZN4mbed11InterruptIn12_irq_handlerEm14gpio_irq_event
                0x08004228       0x22 C:/mbedOffline44/Datas/MbedOS2/TARGET_NUCLEO_F303RE/TOOLCHAIN_GCC_ARM\libmbed.a(InterruptIn.o)
                0x08004228                mbed::InterruptIn::_irq_handler(unsigned long, gpio_irq_event)
 .text._ZN4mbed6Serial6unlockEv
                0x0800424a        0x2 C:/mbedOffline44/Datas/MbedOS2/TARGET_NUCLEO_F303RE/TOOLCHAIN_GCC_ARM\libmbed.a(Serial.o)
                0x0800424a                mbed::Serial::unlock()
                0x0800424a                mbed::Serial::lock()
 .text._ZThn176_N4mbed6Serial4lockEv
                0x0800424c        0x8 C:/mbedOffline44/Datas/MbedOS2/TARGET_NUCLEO_F303RE/TOOLCHAIN_GCC_ARM\libmbed.a(Serial.o)
                0x0800424c                non-virtual thunk to mbed::Serial::lock()
 .text._ZThn176_N4mbed6Serial6unlockEv
                0x08004254        0x8 C:/mbedOffline44/Datas/MbedOS2/TARGET_NUCLEO_F303RE/TOOLCHAIN_GCC_ARM\libmbed.a(Serial.o)
                0x08004254                non-virtual thunk to mbed::Serial::unlock()
 .text._ZN4mbed6Serial5_getcEv
                0x0800425c        0x4 C:/mbedOffline44/Datas/MbedOS2/TARGET_NUCLEO_F303RE/TOOLCHAIN_GCC_ARM\libmbed.a(Serial.o)
                0x0800425c                mbed::Serial::_getc()
 .text._ZThn176_N4mbed6Serial5_getcEv
                0x08004260        0x8 C:/mbedOffline44/Datas/MbedOS2/TARGET_NUCLEO_F303RE/TOOLCHAIN_GCC_ARM\libmbed.a(Serial.o)
                0x08004260                non-virtual thunk to mbed::Serial::_getc()
 .text._ZN4mbed6Serial5_putcEi
                0x08004268        0x4 C:/mbedOffline44/Datas/MbedOS2/TARGET_NUCLEO_F303RE/TOOLCHAIN_GCC_ARM\libmbed.a(Serial.o)
                0x08004268                mbed::Serial::_putc(int)
 .text._ZThn176_N4mbed6Serial5_putcEi
                0x0800426c        0x8 C:/mbedOffline44/Datas/MbedOS2/TARGET_NUCLEO_F303RE/TOOLCHAIN_GCC_ARM\libmbed.a(Serial.o)
                0x0800426c                non-virtual thunk to mbed::Serial::_putc(int)
 .text._ZN4mbed6SerialC2E7PinNameS1_PKci
                0x08004274       0x34 C:/mbedOffline44/Datas/MbedOS2/TARGET_NUCLEO_F303RE/TOOLCHAIN_GCC_ARM\libmbed.a(Serial.o)
                0x08004274                mbed::Serial::Serial(PinName, PinName, char const*, int)
                0x08004274                mbed::Serial::Serial(PinName, PinName, char const*, int)
 .text._ZN4mbed10SerialBase4lockEv
                0x080042a8        0x2 C:/mbedOffline44/Datas/MbedOS2/TARGET_NUCLEO_F303RE/TOOLCHAIN_GCC_ARM\libmbed.a(SerialBase.o)
                0x080042a8                mbed::SerialBase::lock()
 .text._ZN4mbed10SerialBase6unlockEv
                0x080042aa        0x2 C:/mbedOffline44/Datas/MbedOS2/TARGET_NUCLEO_F303RE/TOOLCHAIN_GCC_ARM\libmbed.a(SerialBase.o)
                0x080042aa                mbed::SerialBase::unlock()
 .text._ZN6CThunkIN4mbed10SerialBaseEE10trampolineEP10CThunkBase
                0x080042ac       0x2a C:/mbedOffline44/Datas/MbedOS2/TARGET_NUCLEO_F303RE/TOOLCHAIN_GCC_ARM\libmbed.a(SerialBase.o)
                0x080042ac                CThunk<mbed::SerialBase>::trampoline(CThunkBase*)
 *fill*         0x080042d6        0x2 
 .text._ZN4mbed10SerialBase12_irq_handlerEm9SerialIrq
                0x080042d8       0x38 C:/mbedOffline44/Datas/MbedOS2/TARGET_NUCLEO_F303RE/TOOLCHAIN_GCC_ARM\libmbed.a(SerialBase.o)
                0x080042d8                mbed::SerialBase::_irq_handler(unsigned long, SerialIrq)
 .text._ZN4mbed10SerialBase4baudEi
                0x08004310       0x28 C:/mbedOffline44/Datas/MbedOS2/TARGET_NUCLEO_F303RE/TOOLCHAIN_GCC_ARM\libmbed.a(SerialBase.o)
                0x08004310                mbed::SerialBase::baud(int)
 .text._ZN4mbed10SerialBase10_base_getcEv
                0x08004338        0x6 C:/mbedOffline44/Datas/MbedOS2/TARGET_NUCLEO_F303RE/TOOLCHAIN_GCC_ARM\libmbed.a(SerialBase.o)
                0x08004338                mbed::SerialBase::_base_getc()
 .text._ZN4mbed10SerialBase10_base_putcEi
                0x0800433e        0xe C:/mbedOffline44/Datas/MbedOS2/TARGET_NUCLEO_F303RE/TOOLCHAIN_GCC_ARM\libmbed.a(SerialBase.o)
                0x0800433e                mbed::SerialBase::_base_putc(int)
 .text._ZN4mbed8CallbackIFviEED2Ev
                0x0800434c       0x10 C:/mbedOffline44/Datas/MbedOS2/TARGET_NUCLEO_F303RE/TOOLCHAIN_GCC_ARM\libmbed.a(SerialBase.o)
                0x0800434c                mbed::Callback<void (int)>::~Callback()
                0x0800434c                mbed::Callback<void (int)>::~Callback()
 .text._ZN4mbed10SerialBaseC2E7PinNameS1_i
                0x0800435c       0xcc C:/mbedOffline44/Datas/MbedOS2/TARGET_NUCLEO_F303RE/TOOLCHAIN_GCC_ARM\libmbed.a(SerialBase.o)
                0x0800435c                mbed::SerialBase::SerialBase(PinName, PinName, int)
                0x0800435c                mbed::SerialBase::SerialBase(PinName, PinName, int)
 .text._ZN4mbed10SerialBase6attachENS_8CallbackIFvvEEENS0_7IrqTypeE
                0x08004428       0x74 C:/mbedOffline44/Datas/MbedOS2/TARGET_NUCLEO_F303RE/TOOLCHAIN_GCC_ARM\libmbed.a(SerialBase.o)
                0x08004428                mbed::SerialBase::attach(mbed::Callback<void ()>, mbed::SerialBase::IrqType)
 .text._ZN4mbed10SerialBaseD2Ev
                0x0800449c       0x74 C:/mbedOffline44/Datas/MbedOS2/TARGET_NUCLEO_F303RE/TOOLCHAIN_GCC_ARM\libmbed.a(SerialBase.o)
                0x0800449c                mbed::SerialBase::~SerialBase()
                0x0800449c                mbed::SerialBase::~SerialBase()
 .text._ZN4mbed10SerialBaseD0Ev
                0x08004510       0x12 C:/mbedOffline44/Datas/MbedOS2/TARGET_NUCLEO_F303RE/TOOLCHAIN_GCC_ARM\libmbed.a(SerialBase.o)
                0x08004510                mbed::SerialBase::~SerialBase()
 .text._ZN4mbed5TimerD2Ev
                0x08004522       0x20 C:/mbedOffline44/Datas/MbedOS2/TARGET_NUCLEO_F303RE/TOOLCHAIN_GCC_ARM\libmbed.a(Timer.o)
                0x08004522                mbed::Timer::~Timer()
                0x08004522                mbed::Timer::~Timer()
 .text._ZN4mbed5Timer5startEv
                0x08004542       0x2a C:/mbedOffline44/Datas/MbedOS2/TARGET_NUCLEO_F303RE/TOOLCHAIN_GCC_ARM\libmbed.a(Timer.o)
                0x08004542                mbed::Timer::start()
 .text._ZN4mbed5Timer9slicetimeEv
                0x0800456c       0x2c C:/mbedOffline44/Datas/MbedOS2/TARGET_NUCLEO_F303RE/TOOLCHAIN_GCC_ARM\libmbed.a(Timer.o)
                0x0800456c                mbed::Timer::slicetime()
 .text._ZN4mbed5Timer23read_high_resolution_usEv
                0x08004598       0x20 C:/mbedOffline44/Datas/MbedOS2/TARGET_NUCLEO_F303RE/TOOLCHAIN_GCC_ARM\libmbed.a(Timer.o)
                0x08004598                mbed::Timer::read_high_resolution_us()
 .text._ZN4mbed5Timer7read_msEv
                0x080045b8       0x12 C:/mbedOffline44/Datas/MbedOS2/TARGET_NUCLEO_F303RE/TOOLCHAIN_GCC_ARM\libmbed.a(Timer.o)
                0x080045b8                mbed::Timer::read_ms()
 .text._ZN4mbed5Timer5resetEv
                0x080045ca       0x22 C:/mbedOffline44/Datas/MbedOS2/TARGET_NUCLEO_F303RE/TOOLCHAIN_GCC_ARM\libmbed.a(Timer.o)
                0x080045ca                mbed::Timer::reset()
 .text._ZN4mbed5TimerC2Ev
                0x080045ec       0x28 C:/mbedOffline44/Datas/MbedOS2/TARGET_NUCLEO_F303RE/TOOLCHAIN_GCC_ARM\libmbed.a(Timer.o)
                0x080045ec                mbed::Timer::Timer()
                0x080045ec                mbed::Timer::Timer()
 .text._gpio_init_in
                0x08004614       0x26 C:/mbedOffline44/Datas/MbedOS2/TARGET_NUCLEO_F303RE/TOOLCHAIN_GCC_ARM\libmbed.a(mbed_gpio.o)
 .text._gpio_init_out.part.1
                0x0800463a       0x26 C:/mbedOffline44/Datas/MbedOS2/TARGET_NUCLEO_F303RE/TOOLCHAIN_GCC_ARM\libmbed.a(mbed_gpio.o)
 .text.gpio_init_in
                0x08004660        0x6 C:/mbedOffline44/Datas/MbedOS2/TARGET_NUCLEO_F303RE/TOOLCHAIN_GCC_ARM\libmbed.a(mbed_gpio.o)
                0x08004660                gpio_init_in
 .text.gpio_init_out_ex
                0x08004666       0x20 C:/mbedOffline44/Datas/MbedOS2/TARGET_NUCLEO_F303RE/TOOLCHAIN_GCC_ARM\libmbed.a(mbed_gpio.o)
                0x08004666                gpio_init_out_ex
 .text.gpio_init_out
                0x08004686        0x6 C:/mbedOffline44/Datas/MbedOS2/TARGET_NUCLEO_F303RE/TOOLCHAIN_GCC_ARM\libmbed.a(mbed_gpio.o)
                0x08004686                gpio_init_out
 .text.pinmap_pinout
                0x0800468c       0x48 C:/mbedOffline44/Datas/MbedOS2/TARGET_NUCLEO_F303RE/TOOLCHAIN_GCC_ARM\libmbed.a(mbed_pinmap_common.o)
                0x0800468c                pinmap_pinout
 .text.pinmap_merge
                0x080046d4       0x30 C:/mbedOffline44/Datas/MbedOS2/TARGET_NUCLEO_F303RE/TOOLCHAIN_GCC_ARM\libmbed.a(mbed_pinmap_common.o)
                0x080046d4                pinmap_merge
 .text.pinmap_find_peripheral
                0x08004704       0x18 C:/mbedOffline44/Datas/MbedOS2/TARGET_NUCLEO_F303RE/TOOLCHAIN_GCC_ARM\libmbed.a(mbed_pinmap_common.o)
                0x08004704                pinmap_find_peripheral
 .text.pinmap_peripheral
                0x0800471c       0x2c C:/mbedOffline44/Datas/MbedOS2/TARGET_NUCLEO_F303RE/TOOLCHAIN_GCC_ARM\libmbed.a(mbed_pinmap_common.o)
                0x0800471c                pinmap_peripheral
 .text.pinmap_find_function
                0x08004748       0x18 C:/mbedOffline44/Datas/MbedOS2/TARGET_NUCLEO_F303RE/TOOLCHAIN_GCC_ARM\libmbed.a(mbed_pinmap_common.o)
                0x08004748                pinmap_find_function
 .text.pinmap_function
                0x08004760       0x2c C:/mbedOffline44/Datas/MbedOS2/TARGET_NUCLEO_F303RE/TOOLCHAIN_GCC_ARM\libmbed.a(mbed_pinmap_common.o)
                0x08004760                pinmap_function
 .text.update_present_time
                0x0800478c      0x100 C:/mbedOffline44/Datas/MbedOS2/TARGET_NUCLEO_F303RE/TOOLCHAIN_GCC_ARM\libmbed.a(mbed_ticker_api.o)
 .text._ticker_match_interval_passed
                0x0800488c       0x28 C:/mbedOffline44/Datas/MbedOS2/TARGET_NUCLEO_F303RE/TOOLCHAIN_GCC_ARM\libmbed.a(mbed_ticker_api.o)
                0x0800488c                _ticker_match_interval_passed
 .text.schedule_interrupt
                0x080048b4      0x100 C:/mbedOffline44/Datas/MbedOS2/TARGET_NUCLEO_F303RE/TOOLCHAIN_GCC_ARM\libmbed.a(mbed_ticker_api.o)
 .text.initialize
                0x080049b4       0xf4 C:/mbedOffline44/Datas/MbedOS2/TARGET_NUCLEO_F303RE/TOOLCHAIN_GCC_ARM\libmbed.a(mbed_ticker_api.o)
 .text.ticker_irq_handler
                0x08004aa8       0x64 C:/mbedOffline44/Datas/MbedOS2/TARGET_NUCLEO_F303RE/TOOLCHAIN_GCC_ARM\libmbed.a(mbed_ticker_api.o)
                0x08004aa8                ticker_irq_handler
 .text.ticker_read_us
                0x08004b0c       0x22 C:/mbedOffline44/Datas/MbedOS2/TARGET_NUCLEO_F303RE/TOOLCHAIN_GCC_ARM\libmbed.a(mbed_ticker_api.o)
                0x08004b0c                ticker_read_us
 .text.ticker_read
                0x08004b2e        0x8 C:/mbedOffline44/Datas/MbedOS2/TARGET_NUCLEO_F303RE/TOOLCHAIN_GCC_ARM\libmbed.a(mbed_ticker_api.o)
                0x08004b2e                ticker_read
 *fill*         0x08004b36        0x2 
 .text.get_us_ticker_data
                0x08004b38        0x8 C:/mbedOffline44/Datas/MbedOS2/TARGET_NUCLEO_F303RE/TOOLCHAIN_GCC_ARM\libmbed.a(mbed_us_ticker_api.o)
                0x08004b38                get_us_ticker_data
 .text.us_ticker_irq_handler
                0x08004b40       0x14 C:/mbedOffline44/Datas/MbedOS2/TARGET_NUCLEO_F303RE/TOOLCHAIN_GCC_ARM\libmbed.a(mbed_us_ticker_api.o)
                0x08004b40                us_ticker_irq_handler
 .text._ZN10CThunkBase11cthunk_freeEPFvvE
                0x08004b54       0x10 C:/mbedOffline44/Datas/MbedOS2/TARGET_NUCLEO_F303RE/TOOLCHAIN_GCC_ARM\libmbed.a(CThunkBase.o)
                0x08004b54                CThunkBase::cthunk_free(void (*)())
 .text._ZN4mbed8FilePathC2EPKc
                0x08004b64       0x54 C:/mbedOffline44/Datas/MbedOS2/TARGET_NUCLEO_F303RE/TOOLCHAIN_GCC_ARM\libmbed.a(FilePath.o)
                0x08004b64                mbed::FilePath::FilePath(char const*)
                0x08004b64                mbed::FilePath::FilePath(char const*)
 .text._ZN4mbed8FilePath8fileNameEv
                0x08004bb8        0x4 C:/mbedOffline44/Datas/MbedOS2/TARGET_NUCLEO_F303RE/TOOLCHAIN_GCC_ARM\libmbed.a(FilePath.o)
                0x08004bb8                mbed::FilePath::fileName()
 .text._ZN4mbed8FilePath12isFileSystemEv
                0x08004bbc       0x12 C:/mbedOffline44/Datas/MbedOS2/TARGET_NUCLEO_F303RE/TOOLCHAIN_GCC_ARM\libmbed.a(FilePath.o)
                0x08004bbc                mbed::FilePath::isFileSystem()
 .text._ZN4mbed8FilePath10fileSystemEv
                0x08004bce       0x12 C:/mbedOffline44/Datas/MbedOS2/TARGET_NUCLEO_F303RE/TOOLCHAIN_GCC_ARM\libmbed.a(FilePath.o)
                0x08004bce                mbed::FilePath::fileSystem()
 .text._ZN4mbed8FilePath6isFileEv
                0x08004be0       0x12 C:/mbedOffline44/Datas/MbedOS2/TARGET_NUCLEO_F303RE/TOOLCHAIN_GCC_ARM\libmbed.a(FilePath.o)
                0x08004be0                mbed::FilePath::isFile()
 .text._ZN4mbed8FilePath4fileEv
                0x08004bf2       0x12 C:/mbedOffline44/Datas/MbedOS2/TARGET_NUCLEO_F303RE/TOOLCHAIN_GCC_ARM\libmbed.a(FilePath.o)
                0x08004bf2                mbed::FilePath::file()
 .text._ZN4mbed8FilePath6existsEv
                0x08004c04        0xa C:/mbedOffline44/Datas/MbedOS2/TARGET_NUCLEO_F303RE/TOOLCHAIN_GCC_ARM\libmbed.a(FilePath.o)
                0x08004c04                mbed::FilePath::exists()
 .text._ZN4mbed10FileHandle6isattyEv
                0x08004c0e        0x4 C:/mbedOffline44/Datas/MbedOS2/TARGET_NUCLEO_F303RE/TOOLCHAIN_GCC_ARM\libmbed.a(Stream.o)
                0x08004c0e                mbed::FileHandle::isatty()
 .text._ZN4mbed6Stream4lockEv
                0x08004c12        0x2 C:/mbedOffline44/Datas/MbedOS2/TARGET_NUCLEO_F303RE/TOOLCHAIN_GCC_ARM\libmbed.a(Stream.o)
                0x08004c12                mbed::Stream::lock()
 .text._ZN4mbed6Stream6unlockEv
                0x08004c14        0x2 C:/mbedOffline44/Datas/MbedOS2/TARGET_NUCLEO_F303RE/TOOLCHAIN_GCC_ARM\libmbed.a(Stream.o)
                0x08004c14                mbed::Stream::unlock()
 .text._ZN4mbed6Stream5writeEPKvj
                0x08004c16       0x30 C:/mbedOffline44/Datas/MbedOS2/TARGET_NUCLEO_F303RE/TOOLCHAIN_GCC_ARM\libmbed.a(Stream.o)
                0x08004c16                mbed::Stream::write(void const*, unsigned int)
 .text._ZN4mbed6Stream4readEPvj
                0x08004c46       0x32 C:/mbedOffline44/Datas/MbedOS2/TARGET_NUCLEO_F303RE/TOOLCHAIN_GCC_ARM\libmbed.a(Stream.o)
                0x08004c46                mbed::Stream::read(void*, unsigned int)
 .text._ZN4mbed6Stream4seekEli
                0x08004c78        0x4 C:/mbedOffline44/Datas/MbedOS2/TARGET_NUCLEO_F303RE/TOOLCHAIN_GCC_ARM\libmbed.a(Stream.o)
                0x08004c78                mbed::Stream::seek(long, int)
 .text._ZN4mbed6Stream6rewindEv
                0x08004c7c        0x2 C:/mbedOffline44/Datas/MbedOS2/TARGET_NUCLEO_F303RE/TOOLCHAIN_GCC_ARM\libmbed.a(Stream.o)
                0x08004c7c                mbed::Stream::rewind()
 .text._ZN4mbed6Stream4syncEv
                0x08004c7e        0x4 C:/mbedOffline44/Datas/MbedOS2/TARGET_NUCLEO_F303RE/TOOLCHAIN_GCC_ARM\libmbed.a(Stream.o)
                0x08004c7e                mbed::Stream::isatty()
                0x08004c7e                mbed::Stream::sync()
                0x08004c7e                mbed::Stream::close()
 .text._ZN4mbed6Stream4sizeEv
                0x08004c82        0x4 C:/mbedOffline44/Datas/MbedOS2/TARGET_NUCLEO_F303RE/TOOLCHAIN_GCC_ARM\libmbed.a(Stream.o)
                0x08004c82                mbed::Stream::tell()
                0x08004c82                mbed::Stream::size()
 *fill*         0x08004c86        0x2 
 .text._ZN4mbed8FileLikeD2Ev
                0x08004c88       0x24 C:/mbedOffline44/Datas/MbedOS2/TARGET_NUCLEO_F303RE/TOOLCHAIN_GCC_ARM\libmbed.a(Stream.o)
                0x08004c88                mbed::FileLike::~FileLike()
                0x08004c88                mbed::FileLike::~FileLike()
                0x08004ca4                non-virtual thunk to mbed::FileLike::~FileLike()
 .text._ZN4mbed8FileLikeD0Ev
                0x08004cac       0x18 C:/mbedOffline44/Datas/MbedOS2/TARGET_NUCLEO_F303RE/TOOLCHAIN_GCC_ARM\libmbed.a(Stream.o)
                0x08004cac                mbed::FileLike::~FileLike()
                0x08004cbe                non-virtual thunk to mbed::FileLike::~FileLike()
 .text._ZN4mbed6StreamC2EPKc
                0x08004cc4       0x54 C:/mbedOffline44/Datas/MbedOS2/TARGET_NUCLEO_F303RE/TOOLCHAIN_GCC_ARM\libmbed.a(Stream.o)
                0x08004cc4                mbed::Stream::Stream(char const*)
                0x08004cc4                mbed::Stream::Stream(char const*)
 .text._ZN4mbed6StreamD2Ev
                0x08004d18       0x24 C:/mbedOffline44/Datas/MbedOS2/TARGET_NUCLEO_F303RE/TOOLCHAIN_GCC_ARM\libmbed.a(Stream.o)
                0x08004d18                mbed::Stream::~Stream()
                0x08004d18                mbed::Stream::~Stream()
 .text._ZN4mbed6Stream4getcEv
                0x08004d3c       0x24 C:/mbedOffline44/Datas/MbedOS2/TARGET_NUCLEO_F303RE/TOOLCHAIN_GCC_ARM\libmbed.a(Stream.o)
                0x08004d3c                mbed::Stream::getc()
 .text._ZN4mbed6Stream6printfEPKcz
                0x08004d60       0x3e C:/mbedOffline44/Datas/MbedOS2/TARGET_NUCLEO_F303RE/TOOLCHAIN_GCC_ARM\libmbed.a(Stream.o)
                0x08004d60                mbed::Stream::printf(char const*, ...)
 *fill*         0x08004d9e        0x2 
 .text.mbed_assert_internal
                0x08004da0       0x20 C:/mbedOffline44/Datas/MbedOS2/TARGET_NUCLEO_F303RE/TOOLCHAIN_GCC_ARM\libmbed.a(mbed_assert.o)
                0x08004da0                mbed_assert_internal
 .text.core_util_are_interrupts_enabled
                0x08004dc0        0xc C:/mbedOffline44/Datas/MbedOS2/TARGET_NUCLEO_F303RE/TOOLCHAIN_GCC_ARM\libmbed.a(mbed_critical.o)
                0x08004dc0                core_util_are_interrupts_enabled
 .text.core_util_is_isr_active
                0x08004dcc        0xc C:/mbedOffline44/Datas/MbedOS2/TARGET_NUCLEO_F303RE/TOOLCHAIN_GCC_ARM\libmbed.a(mbed_critical.o)
                0x08004dcc                core_util_is_isr_active
 .text.core_util_critical_section_enter
                0x08004dd8       0x2c C:/mbedOffline44/Datas/MbedOS2/TARGET_NUCLEO_F303RE/TOOLCHAIN_GCC_ARM\libmbed.a(mbed_critical.o)
                0x08004dd8                core_util_critical_section_enter
 .text.core_util_critical_section_exit
                0x08004e04       0x1c C:/mbedOffline44/Datas/MbedOS2/TARGET_NUCLEO_F303RE/TOOLCHAIN_GCC_ARM\libmbed.a(mbed_critical.o)
                0x08004e04                core_util_critical_section_exit
 .text.core_util_atomic_flag_test_and_set
                0x08004e20       0x18 C:/mbedOffline44/Datas/MbedOS2/TARGET_NUCLEO_F303RE/TOOLCHAIN_GCC_ARM\libmbed.a(mbed_critical.o)
                0x08004e20                core_util_atomic_flag_test_and_set
 .text.core_util_atomic_incr_u16
                0x08004e38       0x14 C:/mbedOffline44/Datas/MbedOS2/TARGET_NUCLEO_F303RE/TOOLCHAIN_GCC_ARM\libmbed.a(mbed_critical.o)
                0x08004e38                core_util_atomic_incr_u16
 .text.core_util_atomic_decr_u16
                0x08004e4c       0x14 C:/mbedOffline44/Datas/MbedOS2/TARGET_NUCLEO_F303RE/TOOLCHAIN_GCC_ARM\libmbed.a(mbed_critical.o)
                0x08004e4c                core_util_atomic_decr_u16
 .text.mbed_halt_system
                0x08004e60       0x34 C:/mbedOffline44/Datas/MbedOS2/TARGET_NUCLEO_F303RE/TOOLCHAIN_GCC_ARM\libmbed.a(mbed_error.o)
 .text.handle_error.isra.0
                0x08004e94       0x70 C:/mbedOffline44/Datas/MbedOS2/TARGET_NUCLEO_F303RE/TOOLCHAIN_GCC_ARM\libmbed.a(mbed_error.o)
 .text.print_error_report.constprop.1
                0x08004f04      0x104 C:/mbedOffline44/Datas/MbedOS2/TARGET_NUCLEO_F303RE/TOOLCHAIN_GCC_ARM\libmbed.a(mbed_error.o)
 .text.error    0x08005008       0x40 C:/mbedOffline44/Datas/MbedOS2/TARGET_NUCLEO_F303RE/TOOLCHAIN_GCC_ARM\libmbed.a(mbed_error.o)
                0x08005008                error
 .text.mbed_error
                0x08005048       0x30 C:/mbedOffline44/Datas/MbedOS2/TARGET_NUCLEO_F303RE/TOOLCHAIN_GCC_ARM\libmbed.a(mbed_error.o)
                0x08005048                mbed_error
 .text.sleep_manager_lock_deep_sleep_internal
                0x08005078       0x44 C:/mbedOffline44/Datas/MbedOS2/TARGET_NUCLEO_F303RE/TOOLCHAIN_GCC_ARM\libmbed.a(mbed_sleep_manager.o)
                0x08005078                sleep_manager_lock_deep_sleep_internal
 .text.sleep_manager_unlock_deep_sleep_internal
                0x080050bc       0x3c C:/mbedOffline44/Datas/MbedOS2/TARGET_NUCLEO_F303RE/TOOLCHAIN_GCC_ARM\libmbed.a(mbed_sleep_manager.o)
                0x080050bc                sleep_manager_unlock_deep_sleep_internal
 .text.wait_us  0x080050f8       0x1e C:/mbedOffline44/Datas/MbedOS2/TARGET_NUCLEO_F303RE/TOOLCHAIN_GCC_ARM\libmbed.a(mbed_wait_api_no_rtos.o)
                0x080050f8                wait_us
 *fill*         0x08005116        0x2 
 .text.hal_critical_section_enter
                0x08005118       0x24 C:/mbedOffline44/Datas/MbedOS2/TARGET_NUCLEO_F303RE/TOOLCHAIN_GCC_ARM\libmbed.a(mbed_critical_section_api.o)
                0x08005118                hal_critical_section_enter
 .text.hal_critical_section_exit
                0x0800513c       0x34 C:/mbedOffline44/Datas/MbedOS2/TARGET_NUCLEO_F303RE/TOOLCHAIN_GCC_ARM\libmbed.a(mbed_critical_section_api.o)
                0x0800513c                hal_critical_section_exit
 .text._ZN4mbed8FileBase11getPathTypeEv
                0x08005170        0x4 C:/mbedOffline44/Datas/MbedOS2/TARGET_NUCLEO_F303RE/TOOLCHAIN_GCC_ARM\libmbed.a(FileBase.o)
                0x08005170                mbed::FileBase::getPathType()
 .text._ZN4mbed8FileBaseC2EPKcNS_8PathTypeE
                0x08005174       0x3c C:/mbedOffline44/Datas/MbedOS2/TARGET_NUCLEO_F303RE/TOOLCHAIN_GCC_ARM\libmbed.a(FileBase.o)
                0x08005174                mbed::FileBase::FileBase(char const*, mbed::PathType)
                0x08005174                mbed::FileBase::FileBase(char const*, mbed::PathType)
 .text._ZN4mbed8FileBaseD2Ev
                0x080051b0       0x5c C:/mbedOffline44/Datas/MbedOS2/TARGET_NUCLEO_F303RE/TOOLCHAIN_GCC_ARM\libmbed.a(FileBase.o)
                0x080051b0                mbed::FileBase::~FileBase()
                0x080051b0                mbed::FileBase::~FileBase()
 .text._ZN4mbed8FileBaseD0Ev
                0x0800520c       0x12 C:/mbedOffline44/Datas/MbedOS2/TARGET_NUCLEO_F303RE/TOOLCHAIN_GCC_ARM\libmbed.a(FileBase.o)
                0x0800520c                mbed::FileBase::~FileBase()
 *fill*         0x0800521e        0x2 
 .text._ZN4mbed8FileBase6lookupEPKcj
                0x08005220       0x68 C:/mbedOffline44/Datas/MbedOS2/TARGET_NUCLEO_F303RE/TOOLCHAIN_GCC_ARM\libmbed.a(FileBase.o)
                0x08005220                mbed::FileBase::lookup(char const*, unsigned int)
 .text._ZN4mbed10FileHandle4sizeEv
                0x08005288       0x32 C:/mbedOffline44/Datas/MbedOS2/TARGET_NUCLEO_F303RE/TOOLCHAIN_GCC_ARM\libmbed.a(FileHandle.o)
                0x08005288                mbed::FileHandle::size()
 *fill*         0x080052ba        0x2 
 .text.atof     0x080052bc        0x8 c:/mbedoffline44/gcc-arm-none-eabi-6-2017-q2-update-win32/bin/../lib/gcc/arm-none-eabi/6.3.1/../../../../arm-none-eabi/lib/thumb/v7e-m/fpv4-sp/softfp\libc.a(lib_a-atof.o)
                0x080052bc                atof
 .text.__errno  0x080052c4        0xc c:/mbedoffline44/gcc-arm-none-eabi-6-2017-q2-update-win32/bin/../lib/gcc/arm-none-eabi/6.3.1/../../../../arm-none-eabi/lib/thumb/v7e-m/fpv4-sp/softfp\libc.a(lib_a-errno.o)
                0x080052c4                __errno
 .text._fclose_r
                0x080052d0       0xc4 c:/mbedoffline44/gcc-arm-none-eabi-6-2017-q2-update-win32/bin/../lib/gcc/arm-none-eabi/6.3.1/../../../../arm-none-eabi/lib/thumb/v7e-m/fpv4-sp/softfp\libc.a(lib_a-fclose.o)
                0x080052d0                _fclose_r
 .text.fclose   0x08005394       0x10 c:/mbedoffline44/gcc-arm-none-eabi-6-2017-q2-update-win32/bin/../lib/gcc/arm-none-eabi/6.3.1/../../../../arm-none-eabi/lib/thumb/v7e-m/fpv4-sp/softfp\libc.a(lib_a-fclose.o)
                0x08005394                fclose
 .text.__sflush_r
                0x080053a4      0x140 c:/mbedoffline44/gcc-arm-none-eabi-6-2017-q2-update-win32/bin/../lib/gcc/arm-none-eabi/6.3.1/../../../../arm-none-eabi/lib/thumb/v7e-m/fpv4-sp/softfp\libc.a(lib_a-fflush.o)
                0x080053a4                __sflush_r
 .text._fflush_r
                0x080054e4       0x54 c:/mbedoffline44/gcc-arm-none-eabi-6-2017-q2-update-win32/bin/../lib/gcc/arm-none-eabi/6.3.1/../../../../arm-none-eabi/lib/thumb/v7e-m/fpv4-sp/softfp\libc.a(lib_a-fflush.o)
                0x080054e4                _fflush_r
 .text.fflush   0x08005538       0x24 c:/mbedoffline44/gcc-arm-none-eabi-6-2017-q2-update-win32/bin/../lib/gcc/arm-none-eabi/6.3.1/../../../../arm-none-eabi/lib/thumb/v7e-m/fpv4-sp/softfp\libc.a(lib_a-fflush.o)
                0x08005538                fflush
 .text.fgetc    0x0800555c       0x70 c:/mbedoffline44/gcc-arm-none-eabi-6-2017-q2-update-win32/bin/../lib/gcc/arm-none-eabi/6.3.1/../../../../arm-none-eabi/lib/thumb/v7e-m/fpv4-sp/softfp\libc.a(lib_a-fgetc.o)
                0x0800555c                fgetc
 .text._cleanup_r
                0x080055cc        0xc c:/mbedoffline44/gcc-arm-none-eabi-6-2017-q2-update-win32/bin/../lib/gcc/arm-none-eabi/6.3.1/../../../../arm-none-eabi/lib/thumb/v7e-m/fpv4-sp/softfp\libc.a(lib_a-findfp.o)
                0x080055cc                _cleanup_r
 .text.std.isra.0
                0x080055d8       0x50 c:/mbedoffline44/gcc-arm-none-eabi-6-2017-q2-update-win32/bin/../lib/gcc/arm-none-eabi/6.3.1/../../../../arm-none-eabi/lib/thumb/v7e-m/fpv4-sp/softfp\libc.a(lib_a-findfp.o)
 .text.__sfmoreglue
                0x08005628       0x30 c:/mbedoffline44/gcc-arm-none-eabi-6-2017-q2-update-win32/bin/../lib/gcc/arm-none-eabi/6.3.1/../../../../arm-none-eabi/lib/thumb/v7e-m/fpv4-sp/softfp\libc.a(lib_a-findfp.o)
                0x08005628                __sfmoreglue
 .text.__sinit  0x08005658       0x58 c:/mbedoffline44/gcc-arm-none-eabi-6-2017-q2-update-win32/bin/../lib/gcc/arm-none-eabi/6.3.1/../../../../arm-none-eabi/lib/thumb/v7e-m/fpv4-sp/softfp\libc.a(lib_a-findfp.o)
                0x08005658                __sinit
 .text.__sfp    0x080056b0       0xa8 c:/mbedoffline44/gcc-arm-none-eabi-6-2017-q2-update-win32/bin/../lib/gcc/arm-none-eabi/6.3.1/../../../../arm-none-eabi/lib/thumb/v7e-m/fpv4-sp/softfp\libc.a(lib_a-findfp.o)
                0x080056b0                __sfp
 .text.__sfp_lock_acquire
                0x08005758        0xc c:/mbedoffline44/gcc-arm-none-eabi-6-2017-q2-update-win32/bin/../lib/gcc/arm-none-eabi/6.3.1/../../../../arm-none-eabi/lib/thumb/v7e-m/fpv4-sp/softfp\libc.a(lib_a-findfp.o)
                0x08005758                __sfp_lock_acquire
 .text.__sfp_lock_release
                0x08005764        0xc c:/mbedoffline44/gcc-arm-none-eabi-6-2017-q2-update-win32/bin/../lib/gcc/arm-none-eabi/6.3.1/../../../../arm-none-eabi/lib/thumb/v7e-m/fpv4-sp/softfp\libc.a(lib_a-findfp.o)
                0x08005764                __sfp_lock_release
 .text._fopen_r
                0x08005770       0xc0 c:/mbedoffline44/gcc-arm-none-eabi-6-2017-q2-update-win32/bin/../lib/gcc/arm-none-eabi/6.3.1/../../../../arm-none-eabi/lib/thumb/v7e-m/fpv4-sp/softfp\libc.a(lib_a-fopen.o)
                0x08005770                _fopen_r
 .text.fopen    0x08005830       0x10 c:/mbedoffline44/gcc-arm-none-eabi-6-2017-q2-update-win32/bin/../lib/gcc/arm-none-eabi/6.3.1/../../../../arm-none-eabi/lib/thumb/v7e-m/fpv4-sp/softfp\libc.a(lib_a-fopen.o)
                0x08005830                fopen
 .text._fseek_r
                0x08005840        0x4 c:/mbedoffline44/gcc-arm-none-eabi-6-2017-q2-update-win32/bin/../lib/gcc/arm-none-eabi/6.3.1/../../../../arm-none-eabi/lib/thumb/v7e-m/fpv4-sp/softfp\libc.a(lib_a-fseek.o)
                0x08005840                _fseek_r
 .text.fseek    0x08005844       0x18 c:/mbedoffline44/gcc-arm-none-eabi-6-2017-q2-update-win32/bin/../lib/gcc/arm-none-eabi/6.3.1/../../../../arm-none-eabi/lib/thumb/v7e-m/fpv4-sp/softfp\libc.a(lib_a-fseek.o)
                0x08005844                fseek
 .text._fseeko_r
                0x0800585c      0x328 c:/mbedoffline44/gcc-arm-none-eabi-6-2017-q2-update-win32/bin/../lib/gcc/arm-none-eabi/6.3.1/../../../../arm-none-eabi/lib/thumb/v7e-m/fpv4-sp/softfp\libc.a(lib_a-fseeko.o)
                0x0800585c                _fseeko_r
 .text._fstat_r
                0x08005b84       0x28 c:/mbedoffline44/gcc-arm-none-eabi-6-2017-q2-update-win32/bin/../lib/gcc/arm-none-eabi/6.3.1/../../../../arm-none-eabi/lib/thumb/v7e-m/fpv4-sp/softfp\libc.a(lib_a-fstatr.o)
                0x08005b84                _fstat_r
 .text.__sfvwrite_r
                0x08005bac      0x2f0 c:/mbedoffline44/gcc-arm-none-eabi-6-2017-q2-update-win32/bin/../lib/gcc/arm-none-eabi/6.3.1/../../../../arm-none-eabi/lib/thumb/v7e-m/fpv4-sp/softfp\libc.a(lib_a-fvwrite.o)
                0x08005bac                __sfvwrite_r
 .text._fwalk   0x08005e9c       0x4c c:/mbedoffline44/gcc-arm-none-eabi-6-2017-q2-update-win32/bin/../lib/gcc/arm-none-eabi/6.3.1/../../../../arm-none-eabi/lib/thumb/v7e-m/fpv4-sp/softfp\libc.a(lib_a-fwalk.o)
                0x08005e9c                _fwalk
 .text._fwalk_reent
                0x08005ee8       0x54 c:/mbedoffline44/gcc-arm-none-eabi-6-2017-q2-update-win32/bin/../lib/gcc/arm-none-eabi/6.3.1/../../../../arm-none-eabi/lib/thumb/v7e-m/fpv4-sp/softfp\libc.a(lib_a-fwalk.o)
                0x08005ee8                _fwalk_reent
 .text.__libc_init_array
                0x08005f3c       0x50 c:/mbedoffline44/gcc-arm-none-eabi-6-2017-q2-update-win32/bin/../lib/gcc/arm-none-eabi/6.3.1/../../../../arm-none-eabi/lib/thumb/v7e-m/fpv4-sp/softfp\libc.a(lib_a-init.o)
                0x08005f3c                __libc_init_array