Archive member included to satisfy reference by file (symbol)

C:/mbedOffline44/Datas/MbedOS2/TARGET_NUCLEO_F446RE/TOOLCHAIN_GCC_ARM\libmbed.a(Serial.o)
                              BUILD/NUCLEO_F446RE/GCC_ARM/main.o (mbed::Serial::Serial(PinName, PinName, char const*, int))
C:/mbedOffline44/Datas/MbedOS2/TARGET_NUCLEO_F446RE/TOOLCHAIN_GCC_ARM\libmbed.a(SerialBase.o)
                              BUILD/NUCLEO_F446RE/GCC_ARM/main.o (mbed::SerialBase::baud(int))
C:/mbedOffline44/Datas/MbedOS2/TARGET_NUCLEO_F446RE/TOOLCHAIN_GCC_ARM\libmbed.a(Timer.o)
                              BUILD/NUCLEO_F446RE/GCC_ARM/main.o (mbed::Timer::~Timer())
C:/mbedOffline44/Datas/MbedOS2/TARGET_NUCLEO_F446RE/TOOLCHAIN_GCC_ARM\libmbed.a(mbed_gpio.o)
                              BUILD/NUCLEO_F446RE/GCC_ARM/main.o (gpio_init_out)
C:/mbedOffline44/Datas/MbedOS2/TARGET_NUCLEO_F446RE/TOOLCHAIN_GCC_ARM\libmbed.a(mbed_lp_ticker_api.o)
                              C:/mbedOffline44/Datas/MbedOS2/TARGET_NUCLEO_F446RE/TOOLCHAIN_GCC_ARM\libmbed.a(Timer.o) (get_lp_ticker_data)
C:/mbedOffline44/Datas/MbedOS2/TARGET_NUCLEO_F446RE/TOOLCHAIN_GCC_ARM\libmbed.a(mbed_lp_ticker_wrapper.o)
                              C:/mbedOffline44/Datas/MbedOS2/TARGET_NUCLEO_F446RE/TOOLCHAIN_GCC_ARM\libmbed.a(mbed_lp_ticker_api.o) (lp_ticker_wrapper_irq_handler)
C:/mbedOffline44/Datas/MbedOS2/TARGET_NUCLEO_F446RE/TOOLCHAIN_GCC_ARM\libmbed.a(mbed_pinmap_common.o)
                              C:/mbedOffline44/Datas/MbedOS2/TARGET_NUCLEO_F446RE/TOOLCHAIN_GCC_ARM/analogin_device.o (pinmap_pinout)
C:/mbedOffline44/Datas/MbedOS2/TARGET_NUCLEO_F446RE/TOOLCHAIN_GCC_ARM\libmbed.a(mbed_ticker_api.o)
                              C:/mbedOffline44/Datas/MbedOS2/TARGET_NUCLEO_F446RE/TOOLCHAIN_GCC_ARM\libmbed.a(mbed_lp_ticker_api.o) (ticker_irq_handler)
C:/mbedOffline44/Datas/MbedOS2/TARGET_NUCLEO_F446RE/TOOLCHAIN_GCC_ARM\libmbed.a(mbed_us_ticker_api.o)
                              C:/mbedOffline44/Datas/MbedOS2/TARGET_NUCLEO_F446RE/TOOLCHAIN_GCC_ARM/hal_tick_overrides.o (get_us_ticker_data)
C:/mbedOffline44/Datas/MbedOS2/TARGET_NUCLEO_F446RE/TOOLCHAIN_GCC_ARM\libmbed.a(CThunkBase.o)
                              C:/mbedOffline44/Datas/MbedOS2/TARGET_NUCLEO_F446RE/TOOLCHAIN_GCC_ARM\libmbed.a(SerialBase.o) (CThunkBase::cthunk_alloc(CThunkBase*))
C:/mbedOffline44/Datas/MbedOS2/TARGET_NUCLEO_F446RE/TOOLCHAIN_GCC_ARM\libmbed.a(FilePath.o)
                              C:/mbedOffline44/Datas/MbedOS2/TARGET_NUCLEO_F446RE/TOOLCHAIN_GCC_ARM/mbed_retarget.o (mbed::FilePath::FilePath(char const*))
C:/mbedOffline44/Datas/MbedOS2/TARGET_NUCLEO_F446RE/TOOLCHAIN_GCC_ARM\libmbed.a(Stream.o)
                              C:/mbedOffline44/Datas/MbedOS2/TARGET_NUCLEO_F446RE/TOOLCHAIN_GCC_ARM\libmbed.a(Serial.o) (mbed::Stream::write(void const*, unsigned int))
C:/mbedOffline44/Datas/MbedOS2/TARGET_NUCLEO_F446RE/TOOLCHAIN_GCC_ARM\libmbed.a(mbed_assert.o)
                              C:/mbedOffline44/Datas/MbedOS2/TARGET_NUCLEO_F446RE/TOOLCHAIN_GCC_ARM/analogin_device.o (mbed_assert_internal)
C:/mbedOffline44/Datas/MbedOS2/TARGET_NUCLEO_F446RE/TOOLCHAIN_GCC_ARM\libmbed.a(mbed_critical.o)
                              BUILD/NUCLEO_F446RE/GCC_ARM/main.o (core_util_critical_section_enter)
C:/mbedOffline44/Datas/MbedOS2/TARGET_NUCLEO_F446RE/TOOLCHAIN_GCC_ARM\libmbed.a(mbed_error.o)
                              C:/mbedOffline44/Datas/MbedOS2/TARGET_NUCLEO_F446RE/TOOLCHAIN_GCC_ARM/analogin_device.o (error)
C:/mbedOffline44/Datas/MbedOS2/TARGET_NUCLEO_F446RE/TOOLCHAIN_GCC_ARM\libmbed.a(mbed_mktime.o)
                              C:/mbedOffline44/Datas/MbedOS2/TARGET_NUCLEO_F446RE/TOOLCHAIN_GCC_ARM/rtc_api.o (_rtc_maketime)
C:/mbedOffline44/Datas/MbedOS2/TARGET_NUCLEO_F446RE/TOOLCHAIN_GCC_ARM\libmbed.a(mbed_poll.o)
                              C:/mbedOffline44/Datas/MbedOS2/TARGET_NUCLEO_F446RE/TOOLCHAIN_GCC_ARM/mbed_retarget.o (mbed::poll(mbed::pollfh*, unsigned int, int))
C:/mbedOffline44/Datas/MbedOS2/TARGET_NUCLEO_F446RE/TOOLCHAIN_GCC_ARM\libmbed.a(mbed_sleep_manager.o)
                              BUILD/NUCLEO_F446RE/GCC_ARM/main.o (sleep_manager_lock_deep_sleep_internal)
C:/mbedOffline44/Datas/MbedOS2/TARGET_NUCLEO_F446RE/TOOLCHAIN_GCC_ARM\libmbed.a(mbed_wait_api_no_rtos.o)
                              C:/mbedOffline44/Datas/MbedOS2/TARGET_NUCLEO_F446RE/TOOLCHAIN_GCC_ARM/i2c_api.o (wait_us)
C:/mbedOffline44/Datas/MbedOS2/TARGET_NUCLEO_F446RE/TOOLCHAIN_GCC_ARM\libmbed.a(LowPowerTickerWrapper.o)
                              C:/mbedOffline44/Datas/MbedOS2/TARGET_NUCLEO_F446RE/TOOLCHAIN_GCC_ARM\libmbed.a(mbed_lp_ticker_wrapper.o) (LowPowerTickerWrapper::irq_handler(void (*)(ticker_data_t const*)))
C:/mbedOffline44/Datas/MbedOS2/TARGET_NUCLEO_F446RE/TOOLCHAIN_GCC_ARM\libmbed.a(mbed_critical_section_api.o)
[...]
Memory Configuration

Name             Origin             Length             Attributes
FLASH            0x08000000         0x00080000         xr
RAM              0x200001c8         0x0001fe38         xrw
*default*        0x00000000         0xffffffff

Linker script and memory map

LOAD c:/mbedoffline44/gcc-arm-none-eabi-6-2017-q2-update-win32/bin/../lib/gcc/arm-none-eabi/6.3.1/thumb/v7e-m/fpv4-sp/softfp/crti.o
LOAD c:/mbedoffline44/gcc-arm-none-eabi-6-2017-q2-update-win32/bin/../lib/gcc/arm-none-eabi/6.3.1/thumb/v7e-m/fpv4-sp/softfp/crtbegin.o
LOAD c:/mbedoffline44/gcc-arm-none-eabi-6-2017-q2-update-win32/bin/../lib/gcc/arm-none-eabi/6.3.1/../../../../arm-none-eabi/lib/thumb/v7e-m/fpv4-sp/softfp/crt0.o
LOAD BUILD/NUCLEO_F446RE/GCC_ARM/main.o
LOAD C:/mbedOffline44/Datas/MbedOS2/TARGET_NUCLEO_F446RE/TOOLCHAIN_GCC_ARM/PeripheralPins.o
LOAD C:/mbedOffline44/Datas/MbedOS2/TARGET_NUCLEO_F446RE/TOOLCHAIN_GCC_ARM/analogin_api.o
LOAD C:/mbedOffline44/Datas/MbedOS2/TARGET_NUCLEO_F446RE/TOOLCHAIN_GCC_ARM/analogin_device.o
LOAD C:/mbedOffline44/Datas/MbedOS2/TARGET_NUCLEO_F446RE/TOOLCHAIN_GCC_ARM/analogout_api.o
LOAD C:/mbedOffline44/Datas/MbedOS2/TARGET_NUCLEO_F446RE/TOOLCHAIN_GCC_ARM/analogout_device.o
LOAD C:/mbedOffline44/Datas/MbedOS2/TARGET_NUCLEO_F446RE/TOOLCHAIN_GCC_ARM/can_api.o
LOAD C:/mbedOffline44/Datas/MbedOS2/TARGET_NUCLEO_F446RE/TOOLCHAIN_GCC_ARM/except.o
LOAD C:/mbedOffline44/Datas/MbedOS2/TARGET_NUCLEO_F446RE/TOOLCHAIN_GCC_ARM/flash_api.o
LOAD C:/mbedOffline44/Datas/MbedOS2/TARGET_NUCLEO_F446RE/TOOLCHAIN_GCC_ARM/gpio_api.o
LOAD C:/mbedOffline44/Datas/MbedOS2/TARGET_NUCLEO_F446RE/TOOLCHAIN_GCC_ARM/gpio_irq_api.o
LOAD C:/mbedOffline44/Datas/MbedOS2/TARGET_NUCLEO_F446RE/TOOLCHAIN_GCC_ARM/gpio_irq_device.o
LOAD C:/mbedOffline44/Datas/MbedOS2/TARGET_NUCLEO_F446RE/TOOLCHAIN_GCC_ARM/hal_tick_overrides.o
LOAD C:/mbedOffline44/Datas/MbedOS2/TARGET_NUCLEO_F446RE/TOOLCHAIN_GCC_ARM/i2c_api.o
LOAD C:/mbedOffline44/Datas/MbedOS2/TARGET_NUCLEO_F446RE/TOOLCHAIN_GCC_ARM/lp_ticker.o
LOAD C:/mbedOffline44/Datas/MbedOS2/TARGET_NUCLEO_F446RE/TOOLCHAIN_GCC_ARM/mbed_board.o
LOAD C:/mbedOffline44/Datas/MbedOS2/TARGET_NUCLEO_F446RE/TOOLCHAIN_GCC_ARM/mbed_crc_api.o
LOAD C:/mbedOffline44/Datas/MbedOS2/TARGET_NUCLEO_F446RE/TOOLCHAIN_GCC_ARM/mbed_fault_handler.o
LOAD C:/mbedOffline44/Datas/MbedOS2/TARGET_NUCLEO_F446RE/TOOLCHAIN_GCC_ARM/mbed_overrides.o
LOAD C:/mbedOffline44/Datas/MbedOS2/TARGET_NUCLEO_F446RE/TOOLCHAIN_GCC_ARM/mbed_retarget.o
LOAD C:/mbedOffline44/Datas/MbedOS2/TARGET_NUCLEO_F446RE/TOOLCHAIN_GCC_ARM/mbed_sdk_boot.o
LOAD C:/mbedOffline44/Datas/MbedOS2/TARGET_NUCLEO_F446RE/TOOLCHAIN_GCC_ARM/mbed_tz_context.o
LOAD C:/mbedOffline44/Datas/MbedOS2/TARGET_NUCLEO_F446RE/TOOLCHAIN_GCC_ARM/pinmap.o
LOAD C:/mbedOffline44/Datas/MbedOS2/TARGET_NUCLEO_F446RE/TOOLCHAIN_GCC_ARM/port_api.o
LOAD C:/mbedOffline44/Datas/MbedOS2/TARGET_NUCLEO_F446RE/TOOLCHAIN_GCC_ARM/pwmout_api.o
LOAD C:/mbedOffline44/Datas/MbedOS2/TARGET_NUCLEO_F446RE/TOOLCHAIN_GCC_ARM/pwmout_device.o
LOAD C:/mbedOffline44/Datas/MbedOS2/TARGET_NUCLEO_F446RE/TOOLCHAIN_GCC_ARM/qspi_api.o
LOAD C:/mbedOffline44/Datas/MbedOS2/TARGET_NUCLEO_F446RE/TOOLCHAIN_GCC_ARM/rtc_api.o
LOAD C:/mbedOffline44/Datas/MbedOS2/TARGET_NUCLEO_F446RE/TOOLCHAIN_GCC_ARM/serial_api.o
LOAD C:/mbedOffline44/Datas/MbedOS2/TARGET_NUCLEO_F446RE/TOOLCHAIN_GCC_ARM/serial_device.o
LOAD C:/mbedOffline44/Datas/MbedOS2/TARGET_NUCLEO_F446RE/TOOLCHAIN_GCC_ARM/sleep.o
LOAD C:/mbedOffline44/Datas/MbedOS2/TARGET_NUCLEO_F446RE/TOOLCHAIN_GCC_ARM/spi_api.o
LOAD C:/mbedOffline44/Datas/MbedOS2/TARGET_NUCLEO_F446RE/TOOLCHAIN_GCC_ARM/startup_stm32f446xx.o
LOAD C:/mbedOffline44/Datas/MbedOS2/TARGET_NUCLEO_F446RE/TOOLCHAIN_GCC_ARM/stm32f4xx_hal.o
LOAD C:/mbedOffline44/Datas/MbedOS2/TARGET_NUCLEO_F446RE/TOOLCHAIN_GCC_ARM/stm32f4xx_hal_adc.o
LOAD C:/mbedOffline44/Datas/MbedOS2/TARGET_NUCLEO_F446RE/TOOLCHAIN_GCC_ARM/stm32f4xx_hal_adc_ex.o
LOAD C:/mbedOffline44/Datas/MbedOS2/TARGET_NUCLEO_F446RE/TOOLCHAIN_GCC_ARM/stm32f4xx_hal_can.o
LOAD C:/mbedOffline44/Datas/MbedOS2/TARGET_NUCLEO_F446RE/TOOLCHAIN_GCC_ARM/stm32f4xx_hal_can_legacy.o
LOAD C:/mbedOffline44/Datas/MbedOS2/TARGET_NUCLEO_F446RE/TOOLCHAIN_GCC_ARM/stm32f4xx_hal_cec.o
LOAD C:/mbedOffline44/Datas/MbedOS2/TARGET_NUCLEO_F446RE/TOOLCHAIN_GCC_ARM/stm32f4xx_hal_cortex.o
LOAD C:/mbedOffline44/Datas/MbedOS2/TARGET_NUCLEO_F446RE/TOOLCHAIN_GCC_ARM/stm32f4xx_hal_crc.o
LOAD C:/mbedOffline44/Datas/MbedOS2/TARGET_NUCLEO_F446RE/TOOLCHAIN_GCC_ARM/stm32f4xx_hal_cryp.o
LOAD C:/mbedOffline44/Datas/MbedOS2/TARGET_NUCLEO_F446RE/TOOLCHAIN_GCC_ARM/stm32f4xx_hal_cryp_ex.o
LOAD C:/mbedOffline44/Datas/MbedOS2/TARGET_NUCLEO_F446RE/TOOLCHAIN_GCC_ARM/stm32f4xx_hal_dac.o
LOAD C:/mbedOffline44/Datas/MbedOS2/TARGET_NUCLEO_F446RE/TOOLCHAIN_GCC_ARM/stm32f4xx_hal_dac_ex.o
LOAD C:/mbedOffline44/Datas/MbedOS2/TARGET_NUCLEO_F446RE/TOOLCHAIN_GCC_ARM/stm32f4xx_hal_dcmi.o
LOAD C:/mbedOffline44/Datas/MbedOS2/TARGET_NUCLEO_F446RE/TOOLCHAIN_GCC_ARM/stm32f4xx_hal_dcmi_ex.o
LOAD C:/mbedOffline44/Datas/MbedOS2/TARGET_NUCLEO_F446RE/TOOLCHAIN_GCC_ARM/stm32f4xx_hal_dfsdm.o
LOAD C:/mbedOffline44/Datas/MbedOS2/TARGET_NUCLEO_F446RE/TOOLCHAIN_GCC_ARM/stm32f4xx_hal_dma.o
LOAD C:/mbedOffline44/Datas/MbedOS2/TARGET_NUCLEO_F446RE/TOOLCHAIN_GCC_ARM/stm32f4xx_hal_dma2d.o
LOAD C:/mbedOffline44/Datas/MbedOS2/TARGET_NUCLEO_F446RE/TOOLCHAIN_GCC_ARM/stm32f4xx_hal_dma_ex.o
LOAD C:/mbedOffline44/Datas/MbedOS2/TARGET_NUCLEO_F446RE/TOOLCHAIN_GCC_ARM/stm32f4xx_hal_dsi.o
LOAD C:/mbedOffline44/Datas/MbedOS2/TARGET_NUCLEO_F446RE/TOOLCHAIN_GCC_ARM/stm32f4xx_hal_eth.o
LOAD C:/mbedOffline44/Datas/MbedOS2/TARGET_NUCLEO_F446RE/TOOLCHAIN_GCC_ARM/stm32f4xx_hal_flash.o
LOAD C:/mbedOffline44/Datas/MbedOS2/TARGET_NUCLEO_F446RE/TOOLCHAIN_GCC_ARM/stm32f4xx_hal_flash_ex.o
LOAD C:/mbedOffline44/Datas/MbedOS2/TARGET_NUCLEO_F446RE/TOOLCHAIN_GCC_ARM/stm32f4xx_hal_flash_ramfunc.o
LOAD C:/mbedOffline44/Datas/MbedOS2/TARGET_NUCLEO_F446RE/TOOLCHAIN_GCC_ARM/stm32f4xx_hal_fmpi2c.o
LOAD C:/mbedOffline44/Datas/MbedOS2/TARGET_NUCLEO_F446RE/TOOLCHAIN_GCC_ARM/stm32f4xx_hal_fmpi2c_ex.o
LOAD C:/mbedOffline44/Datas/MbedOS2/TARGET_NUCLEO_F446RE/TOOLCHAIN_GCC_ARM/stm32f4xx_hal_gpio.o
LOAD C:/mbedOffline44/Datas/MbedOS2/TARGET_NUCLEO_F446RE/TOOLCHAIN_GCC_ARM/stm32f4xx_hal_hash.o
LOAD C:/mbedOffline44/Datas/MbedOS2/TARGET_NUCLEO_F446RE/TOOLCHAIN_GCC_ARM/stm32f4xx_hal_hash_ex.o
LOAD C:/mbedOffline44/Datas/MbedOS2/TARGET_NUCLEO_F446RE/TOOLCHAIN_GCC_ARM/stm32f4xx_hal_hcd.o
LOAD C:/mbedOffline44/Datas/MbedOS2/TARGET_NUCLEO_F446RE/TOOLCHAIN_GCC_ARM/stm32f4xx_hal_i2c.o
LOAD C:/mbedOffline44/Datas/MbedOS2/TARGET_NUCLEO_F446RE/TOOLCHAIN_GCC_ARM/stm32f4xx_hal_i2c_ex.o
LOAD C:/mbedOffline44/Datas/MbedOS2/TARGET_NUCLEO_F446RE/TOOLCHAIN_GCC_ARM/stm32f4xx_hal_i2s.o
LOAD C:/mbedOffline44/Datas/MbedOS2/TARGET_NUCLEO_F446RE/TOOLCHAIN_GCC_ARM/stm32f4xx_hal_i2s_ex.o
LOAD C:/mbedOffline44/Datas/MbedOS2/TARGET_NUCLEO_F446RE/TOOLCHAIN_GCC_ARM/stm32f4xx_hal_irda.o
LOAD C:/mbedOffline44/Datas/MbedOS2/TARGET_NUCLEO_F446RE/TOOLCHAIN_GCC_ARM/stm32f4xx_hal_iwdg.o
LOAD C:/mbedOffline44/Datas/MbedOS2/TARGET_NUCLEO_F446RE/TOOLCHAIN_GCC_ARM/stm32f4xx_hal_lptim.o
LOAD C:/mbedOffline44/Datas/MbedOS2/TARGET_NUCLEO_F446RE/TOOLCHAIN_GCC_ARM/stm32f4xx_hal_ltdc.o
LOAD C:/mbedOffline44/Datas/MbedOS2/TARGET_NUCLEO_F446RE/TOOLCHAIN_GCC_ARM/stm32f4xx_hal_ltdc_ex.o
LOAD C:/mbedOffline44/Datas/MbedOS2/TARGET_NUCLEO_F446RE/TOOLCHAIN_GCC_ARM/stm32f4xx_hal_mmc.o
LOAD C:/mbedOffline44/Datas/MbedOS2/TARGET_NUCLEO_F446RE/TOOLCHAIN_GCC_ARM/stm32f4xx_hal_nand.o
LOAD C:/mbedOffline44/Datas/MbedOS2/TARGET_NUCLEO_F446RE/TOOLCHAIN_GCC_ARM/stm32f4xx_hal_nor.o
LOAD C:/mbedOffline44/Datas/MbedOS2/TARGET_NUCLEO_F446RE/TOOLCHAIN_GCC_ARM/stm32f4xx_hal_pccard.o
LOAD C:/mbedOffline44/Datas/MbedOS2/TARGET_NUCLEO_F446RE/TOOLCHAIN_GCC_ARM/stm32f4xx_hal_pcd.o
LOAD C:/mbedOffline44/Datas/MbedOS2/TARGET_NUCLEO_F446RE/TOOLCHAIN_GCC_ARM/stm32f4xx_hal_pcd_ex.o
LOAD C:/mbedOffline44/Datas/MbedOS2/TARGET_NUCLEO_F446RE/TOOLCHAIN_GCC_ARM/stm32f4xx_hal_pwr.o
LOAD C:/mbedOffline44/Datas/MbedOS2/TARGET_NUCLEO_F446RE/TOOLCHAIN_GCC_ARM/stm32f4xx_hal_pwr_ex.o
LOAD C:/mbedOffline44/Datas/MbedOS2/TARGET_NUCLEO_F446RE/TOOLCHAIN_GCC_ARM/stm32f4xx_hal_qspi.o
LOAD C:/mbedOffline44/Datas/MbedOS2/TARGET_NUCLEO_F446RE/TOOLCHAIN_GCC_ARM/stm32f4xx_hal_rcc.o
LOAD C:/mbedOffline44/Datas/MbedOS2/TARGET_NUCLEO_F446RE/TOOLCHAIN_GCC_ARM/stm32f4xx_hal_rcc_ex.o
LOAD C:/mbedOffline44/Datas/MbedOS2/TARGET_NUCLEO_F446RE/TOOLCHAIN_GCC_ARM/stm32f4xx_hal_rng.o
LOAD C:/mbedOffline44/Datas/MbedOS2/TARGET_NUCLEO_F446RE/TOOLCHAIN_GCC_ARM/stm32f4xx_hal_rtc.o
LOAD C:/mbedOffline44/Datas/MbedOS2/TARGET_NUCLEO_F446RE/TOOLCHAIN_GCC_ARM/stm32f4xx_hal_rtc_ex.o
LOAD C:/mbedOffline44/Datas/MbedOS2/TARGET_NUCLEO_F446RE/TOOLCHAIN_GCC_ARM/stm32f4xx_hal_sai.o
LOAD C:/mbedOffline44/Datas/MbedOS2/TARGET_NUCLEO_F446RE/TOOLCHAIN_GCC_ARM/stm32f4xx_hal_sai_ex.o
LOAD C:/mbedOffline44/Datas/MbedOS2/TARGET_NUCLEO_F446RE/TOOLCHAIN_GCC_ARM/stm32f4xx_hal_sd.o
LOAD C:/mbedOffline44/Datas/MbedOS2/TARGET_NUCLEO_F446RE/TOOLCHAIN_GCC_ARM/stm32f4xx_hal_sdram.o
LOAD C:/mbedOffline44/Datas/MbedOS2/TARGET_NUCLEO_F446RE/TOOLCHAIN_GCC_ARM/stm32f4xx_hal_smartcard.o
LOAD C:/mbedOffline44/Datas/MbedOS2/TARGET_NUCLEO_F446RE/TOOLCHAIN_GCC_ARM/stm32f4xx_hal_spdifrx.o
LOAD C:/mbedOffline44/Datas/MbedOS2/TARGET_NUCLEO_F446RE/TOOLCHAIN_GCC_ARM/stm32f4xx_hal_spi.o
LOAD C:/mbedOffline44/Datas/MbedOS2/TARGET_NUCLEO_F446RE/TOOLCHAIN_GCC_ARM/stm32f4xx_hal_sram.o
LOAD C:/mbedOffline44/Datas/MbedOS2/TARGET_NUCLEO_F446RE/TOOLCHAIN_GCC_ARM/stm32f4xx_hal_tim.o
LOAD C:/mbedOffline44/Datas/MbedOS2/TARGET_NUCLEO_F446RE/TOOLCHAIN_GCC_ARM/stm32f4xx_hal_tim_ex.o
LOAD C:/mbedOffline44/Datas/MbedOS2/TARGET_NUCLEO_F446RE/TOOLCHAIN_GCC_ARM/stm32f4xx_hal_uart.o
LOAD C:/mbedOffline44/Datas/MbedOS2/TARGET_NUCLEO_F446RE/TOOLCHAIN_GCC_ARM/stm32f4xx_hal_usart.o
LOAD C:/mbedOffline44/Datas/MbedOS2/TARGET_NUCLEO_F446RE/TOOLCHAIN_GCC_ARM/stm32f4xx_hal_wwdg.o
LOAD C:/mbedOffline44/Datas/MbedOS2/TARGET_NUCLEO_F446RE/TOOLCHAIN_GCC_ARM/stm32f4xx_ll_adc.o
LOAD C:/mbedOffline44/Datas/MbedOS2/TARGET_NUCLEO_F446RE/TOOLCHAIN_GCC_ARM/stm32f4xx_ll_crc.o
LOAD C:/mbedOffline44/Datas/MbedOS2/TARGET_NUCLEO_F446RE/TOOLCHAIN_GCC_ARM/stm32f4xx_ll_dac.o
LOAD C:/mbedOffline44/Datas/MbedOS2/TARGET_NUCLEO_F446RE/TOOLCHAIN_GCC_ARM/stm32f4xx_ll_dma.o
LOAD C:/mbedOffline44/Datas/MbedOS2/TARGET_NUCLEO_F446RE/TOOLCHAIN_GCC_ARM/stm32f4xx_ll_dma2d.o
LOAD C:/mbedOffline44/Datas/MbedOS2/TARGET_NUCLEO_F446RE/TOOLCHAIN_GCC_ARM/stm32f4xx_ll_exti.o
LOAD C:/mbedOffline44/Datas/MbedOS2/TARGET_NUCLEO_F446RE/TOOLCHAIN_GCC_ARM/stm32f4xx_ll_fmc.o
LOAD C:/mbedOffline44/Datas/MbedOS2/TARGET_NUCLEO_F446RE/TOOLCHAIN_GCC_ARM/stm32f4xx_ll_fsmc.o
LOAD C:/mbedOffline44/Datas/MbedOS2/TARGET_NUCLEO_F446RE/TOOLCHAIN_GCC_ARM/stm32f4xx_ll_gpio.o
LOAD C:/mbedOffline44/Datas/MbedOS2/TARGET_NUCLEO_F446RE/TOOLCHAIN_GCC_ARM/stm32f4xx_ll_i2c.o
LOAD C:/mbedOffline44/Datas/MbedOS2/TARGET_NUCLEO_F446RE/TOOLCHAIN_GCC_ARM/stm32f4xx_ll_lptim.o
LOAD C:/mbedOffline44/Datas/MbedOS2/TARGET_NUCLEO_F446RE/TOOLCHAIN_GCC_ARM/stm32f4xx_ll_pwr.o
LOAD C:/mbedOffline44/Datas/MbedOS2/TARGET_NUCLEO_F446RE/TOOLCHAIN_GCC_ARM/stm32f4xx_ll_rcc.o
LOAD C:/mbedOffline44/Datas/MbedOS2/TARGET_NUCLEO_F446RE/TOOLCHAIN_GCC_ARM/stm32f4xx_ll_rng.o
LOAD C:/mbedOffline44/Datas/MbedOS2/TARGET_NUCLEO_F446RE/TOOLCHAIN_GCC_ARM/stm32f4xx_ll_rtc.o
LOAD C:/mbedOffline44/Datas/MbedOS2/TARGET_NUCLEO_F446RE/TOOLCHAIN_GCC_ARM/stm32f4xx_ll_sdmmc.o
LOAD C:/mbedOffline44/Datas/MbedOS2/TARGET_NUCLEO_F446RE/TOOLCHAIN_GCC_ARM/stm32f4xx_ll_spi.o
LOAD C:/mbedOffline44/Datas/MbedOS2/TARGET_NUCLEO_F446RE/TOOLCHAIN_GCC_ARM/stm32f4xx_ll_tim.o
LOAD C:/mbedOffline44/Datas/MbedOS2/TARGET_NUCLEO_F446RE/TOOLCHAIN_GCC_ARM/stm32f4xx_ll_usart.o
LOAD C:/mbedOffline44/Datas/MbedOS2/TARGET_NUCLEO_F446RE/TOOLCHAIN_GCC_ARM/stm32f4xx_ll_usb.o
LOAD C:/mbedOffline44/Datas/MbedOS2/TARGET_NUCLEO_F446RE/TOOLCHAIN_GCC_ARM/stm32f4xx_ll_utils.o
LOAD C:/mbedOffline44/Datas/MbedOS2/TARGET_NUCLEO_F446RE/TOOLCHAIN_GCC_ARM/stm_spi_api.o
LOAD C:/mbedOffline44/Datas/MbedOS2/TARGET_NUCLEO_F446RE/TOOLCHAIN_GCC_ARM/system_clock.o
LOAD C:/mbedOffline44/Datas/MbedOS2/TARGET_NUCLEO_F446RE/TOOLCHAIN_GCC_ARM/system_stm32f4xx.o
LOAD C:/mbedOffline44/Datas/MbedOS2/TARGET_NUCLEO_F446RE/TOOLCHAIN_GCC_ARM/trng_api.o
LOAD C:/mbedOffline44/Datas/MbedOS2/TARGET_NUCLEO_F446RE/TOOLCHAIN_GCC_ARM/us_ticker.o
START GROUP
LOAD C:/mbedOffline44/Datas/MbedOS2/TARGET_NUCLEO_F446RE/TOOLCHAIN_GCC_ARM\libmbed.a
LOAD c:/mbedoffline44/gcc-arm-none-eabi-6-2017-q2-update-win32/bin/../lib/gcc/arm-none-eabi/6.3.1/../../../../arm-none-eabi/lib/thumb/v7e-m/fpv4-sp/softfp\libstdc++.a
LOAD c:/mbedoffline44/gcc-arm-none-eabi-6-2017-q2-update-win32/bin/../lib/gcc/arm-none-eabi/6.3.1/../../../../arm-none-eabi/lib/thumb/v7e-m/fpv4-sp/softfp\libsupc++.a
LOAD c:/mbedoffline44/gcc-arm-none-eabi-6-2017-q2-update-win32/bin/../lib/gcc/arm-none-eabi/6.3.1/../../../../arm-none-eabi/lib/thumb/v7e-m/fpv4-sp/softfp\libm.a
LOAD c:/mbedoffline44/gcc-arm-none-eabi-6-2017-q2-update-win32/bin/../lib/gcc/arm-none-eabi/6.3.1/../../../../arm-none-eabi/lib/thumb/v7e-m/fpv4-sp/softfp\libc.a
LOAD c:/mbedoffline44/gcc-arm-none-eabi-6-2017-q2-update-win32/bin/../lib/gcc/arm-none-eabi/6.3.1/thumb/v7e-m/fpv4-sp/softfp\libgcc.a
LOAD c:/mbedoffline44/gcc-arm-none-eabi-6-2017-q2-update-win32/bin/../lib/gcc/arm-none-eabi/6.3.1/../../../../arm-none-eabi/lib/thumb/v7e-m/fpv4-sp/softfp\libnosys.a
END GROUP
LOAD C:/mbedOffline44/Datas/MbedOS2/TARGET_NUCLEO_F446RE/TOOLCHAIN_GCC_ARM\libmbed.a
LOAD c:/mbedoffline44/gcc-arm-none-eabi-6-2017-q2-update-win32/bin/../lib/gcc/arm-none-eabi/6.3.1/../../../../arm-none-eabi/lib/thumb/v7e-m/fpv4-sp/softfp\libstdc++.a
LOAD c:/mbedoffline44/gcc-arm-none-eabi-6-2017-q2-update-win32/bin/../lib/gcc/arm-none-eabi/6.3.1/../../../../arm-none-eabi/lib/thumb/v7e-m/fpv4-sp/softfp\libsupc++.a
LOAD c:/mbedoffline44/gcc-arm-none-eabi-6-2017-q2-update-win32/bin/../lib/gcc/arm-none-eabi/6.3.1/../../../../arm-none-eabi/lib/thumb/v7e-m/fpv4-sp/softfp\libm.a
LOAD c:/mbedoffline44/gcc-arm-none-eabi-6-2017-q2-update-win32/bin/../lib/gcc/arm-none-eabi/6.3.1/../../../../arm-none-eabi/lib/thumb/v7e-m/fpv4-sp/softfp\libc.a
LOAD c:/mbedoffline44/gcc-arm-none-eabi-6-2017-q2-update-win32/bin/../lib/gcc/arm-none-eabi/6.3.1/thumb/v7e-m/fpv4-sp/softfp\libgcc.a
LOAD c:/mbedoffline44/gcc-arm-none-eabi-6-2017-q2-update-win32/bin/../lib/gcc/arm-none-eabi/6.3.1/../../../../arm-none-eabi/lib/thumb/v7e-m/fpv4-sp/softfp\libnosys.a
START GROUP
LOAD c:/mbedoffline44/gcc-arm-none-eabi-6-2017-q2-update-win32/bin/../lib/gcc/arm-none-eabi/6.3.1/thumb/v7e-m/fpv4-sp/softfp\libgcc.a
LOAD c:/mbedoffline44/gcc-arm-none-eabi-6-2017-q2-update-win32/bin/../lib/gcc/arm-none-eabi/6.3.1/../../../../arm-none-eabi/lib/thumb/v7e-m/fpv4-sp/softfp\libc.a
END GROUP
LOAD c:/mbedoffline44/gcc-arm-none-eabi-6-2017-q2-update-win32/bin/../lib/gcc/arm-none-eabi/6.3.1/thumb/v7e-m/fpv4-sp/softfp/crtend.o
LOAD c:/mbedoffline44/gcc-arm-none-eabi-6-2017-q2-update-win32/bin/../lib/gcc/arm-none-eabi/6.3.1/thumb/v7e-m/fpv4-sp/softfp/crtn.o

.text           0x08000000     0xee6c
 *(.isr_vector)
 .isr_vector    0x08000000      0x1c4 C:/mbedOffline44/Datas/MbedOS2/TARGET_NUCLEO_F446RE/TOOLCHAIN_GCC_ARM/startup_stm32f446xx.o
                0x08000000                g_pfnVectors
 *(.text*)
 .text          0x080001c4       0x6c c:/mbedoffline44/gcc-arm-none-eabi-6-2017-q2-update-win32/bin/../lib/gcc/arm-none-eabi/6.3.1/thumb/v7e-m/fpv4-sp/softfp/crtbegin.o
 .text          0x08000230       0x74 c:/mbedoffline44/gcc-arm-none-eabi-6-2017-q2-update-win32/bin/../lib/gcc/arm-none-eabi/6.3.1/../../../../arm-none-eabi/lib/thumb/v7e-m/fpv4-sp/softfp/crt0.o
                0x08000230                _start
                0x08000230                _mainCRTStartup
 .text._ZN4mbed8CallbackIFvvEE13function_callIPS1_EEvPKv
                0x080002a4        0x4 BUILD/NUCLEO_F446RE/GCC_ARM/main.o
                0x080002a4                void mbed::Callback<void ()>::function_call<void (*)()>(void const*)
 .text._ZN4mbed8CallbackIFvvEE13function_moveIPS1_EEvPvPKv
                0x080002a8        0x8 BUILD/NUCLEO_F446RE/GCC_ARM/main.o
                0x080002a8                void mbed::Callback<void ()>::function_move<void (*)()>(void*, void const*)
 .text._ZN4mbed8CallbackIFvvEE13function_dtorIPS1_EEvPv
                0x080002b0        0x2 BUILD/NUCLEO_F446RE/GCC_ARM/main.o
                0x080002b0                void mbed::Callback<void ()>::function_dtor<void (*)()>(void*)
 .text._ZN11regularC_msD2Ev
                0x080002b2        0xe BUILD/NUCLEO_F446RE/GCC_ARM/main.o
                0x080002b2                regularC_ms::~regularC_ms()
                0x080002b2                regularC_ms::~regularC_ms()
 .text._ZN4mbed6SerialD2Ev
                0x080002c0       0x38 BUILD/NUCLEO_F446RE/GCC_ARM/main.o
                0x080002c0                mbed::Serial::~Serial()
                0x080002c0                mbed::Serial::~Serial()
                0x080002ec                non-virtual thunk to mbed::Serial::~Serial()
                0x080002f2                non-virtual thunk to mbed::Serial::~Serial()
 .text._Z14serialReceiverv
                0x080002f8       0x5c BUILD/NUCLEO_F446RE/GCC_ARM/main.o
                0x080002f8                serialReceiver()
 .text._ZN4mbed6PwmOutD2Ev
                0x08000354       0x1c BUILD/NUCLEO_F446RE/GCC_ARM/main.o
                0x08000354                mbed::PwmOut::~PwmOut()
                0x08000354                mbed::PwmOut::~PwmOut()
 .text._ZN4mbed6PwmOut5writeEf
                0x08000370       0x26 BUILD/NUCLEO_F446RE/GCC_ARM/main.o
                0x08000370                mbed::PwmOut::write(float)
 .text._ZN11regularC_ms3istEv
                0x08000396       0x28 BUILD/NUCLEO_F446RE/GCC_ARM/main.o
                0x08000396                regularC_ms::ist()
 .text._ZN3rob17__aPid_internal__4aPidIfE4calcEf
                0x080003be       0x92 BUILD/NUCLEO_F446RE/GCC_ARM/main.o
                0x080003be                rob::__aPid_internal__::aPid<float>::calc(float)
 .text._Z5servov
                0x08000450      0x178 BUILD/NUCLEO_F446RE/GCC_ARM/main.o
                0x08000450                servo()
 .text.startup.main
                0x080005c8      0x168 BUILD/NUCLEO_F446RE/GCC_ARM/main.o
                0x080005c8                main
 .text._ZN4mbed6SerialD0Ev
                0x08000730       0x1e BUILD/NUCLEO_F446RE/GCC_ARM/main.o
                0x08000730                mbed::Serial::~Serial()
                0x08000742                non-virtual thunk to mbed::Serial::~Serial()
                0x08000748                non-virtual thunk to mbed::Serial::~Serial()
 *fill*         0x0800074e        0x2 
 .text.startup._GLOBAL__sub_I_xservo
                0x08000750       0xf4 BUILD/NUCLEO_F446RE/GCC_ARM/main.o
 .text.can_irq  0x08000844       0xf4 C:/mbedOffline44/Datas/MbedOS2/TARGET_NUCLEO_F446RE/TOOLCHAIN_GCC_ARM/can_api.o
 .text.CAN1_SCE_IRQHandler
                0x08000938        0xc C:/mbedOffline44/Datas/MbedOS2/TARGET_NUCLEO_F446RE/TOOLCHAIN_GCC_ARM/can_api.o
                0x08000938                CAN1_SCE_IRQHandler
 .text.CAN1_TX_IRQHandler
                0x08000944        0x4 C:/mbedOffline44/Datas/MbedOS2/TARGET_NUCLEO_F446RE/TOOLCHAIN_GCC_ARM/can_api.o
                0x08000944                CAN1_TX_IRQHandler
 .text.CAN1_RX0_IRQHandler
                0x08000948        0x4 C:/mbedOffline44/Datas/MbedOS2/TARGET_NUCLEO_F446RE/TOOLCHAIN_GCC_ARM/can_api.o
                0x08000948                CAN1_RX0_IRQHandler
 .text.CAN2_SCE_IRQHandler
                0x0800094c        0xc C:/mbedOffline44/Datas/MbedOS2/TARGET_NUCLEO_F446RE/TOOLCHAIN_GCC_ARM/can_api.o
                0x0800094c                CAN2_SCE_IRQHandler
 .text.CAN2_TX_IRQHandler
                0x08000958        0x4 C:/mbedOffline44/Datas/MbedOS2/TARGET_NUCLEO_F446RE/TOOLCHAIN_GCC_ARM/can_api.o
                0x08000958                CAN2_TX_IRQHandler
 .text.CAN2_RX0_IRQHandler
                0x0800095c        0x4 C:/mbedOffline44/Datas/MbedOS2/TARGET_NUCLEO_F446RE/TOOLCHAIN_GCC_ARM/can_api.o
                0x0800095c                CAN2_RX0_IRQHandler
 .text          0x08000960       0xc0 C:/mbedOffline44/Datas/MbedOS2/TARGET_NUCLEO_F446RE/TOOLCHAIN_GCC_ARM/except.o
                0x08000960                HardFault_Handler
                0x08000966                MemManage_Handler
                0x0800096c                BusFault_Handler
                0x08000972                UsageFault_Handler
                0x08000978                Fault_Handler
 .text.LL_GPIO_SetPinMode
                0x08000a20       0x2c C:/mbedOffline44/Datas/MbedOS2/TARGET_NUCLEO_F446RE/TOOLCHAIN_GCC_ARM/gpio_api.o
 .text.Set_GPIO_Clock
                0x08000a4c      0x10c C:/mbedOffline44/Datas/MbedOS2/TARGET_NUCLEO_F446RE/TOOLCHAIN_GCC_ARM/gpio_api.o
                0x08000a4c                Set_GPIO_Clock
 .text.gpio_set
                0x08000b58       0x2c C:/mbedOffline44/Datas/MbedOS2/TARGET_NUCLEO_F446RE/TOOLCHAIN_GCC_ARM/gpio_api.o
                0x08000b58                gpio_set
 .text.gpio_init
                0x08000b84       0x40 C:/mbedOffline44/Datas/MbedOS2/TARGET_NUCLEO_F446RE/TOOLCHAIN_GCC_ARM/gpio_api.o
                0x08000b84                gpio_init
 .text.gpio_mode
                0x08000bc4        0x8 C:/mbedOffline44/Datas/MbedOS2/TARGET_NUCLEO_F446RE/TOOLCHAIN_GCC_ARM/gpio_api.o
                0x08000bc4                gpio_mode
 .text.gpio_dir
                0x08000bcc       0x10 C:/mbedOffline44/Datas/MbedOS2/TARGET_NUCLEO_F446RE/TOOLCHAIN_GCC_ARM/gpio_api.o
                0x08000bcc                gpio_dir
 .text.HAL_InitTick
                0x08000bdc        0xa C:/mbedOffline44/Datas/MbedOS2/TARGET_NUCLEO_F446RE/TOOLCHAIN_GCC_ARM/hal_tick_overrides.o
                0x08000bdc                HAL_InitTick
 *fill*         0x08000be6        0x2 
 .text.HAL_GetTick
                0x08000be8       0x30 C:/mbedOffline44/Datas/MbedOS2/TARGET_NUCLEO_F446RE/TOOLCHAIN_GCC_ARM/hal_tick_overrides.o
                0x08000be8                HAL_GetTick
 .text.mbed_die
                0x08000c18       0x60 C:/mbedOffline44/Datas/MbedOS2/TARGET_NUCLEO_F446RE/TOOLCHAIN_GCC_ARM/mbed_board.o
                0x08000c18                mbed_die
 .text.mbed_error_puts
                0x08000c78       0x20 C:/mbedOffline44/Datas/MbedOS2/TARGET_NUCLEO_F446RE/TOOLCHAIN_GCC_ARM/mbed_board.o
                0x08000c78                mbed_error_puts
 .text.mbed_error_vprintf
                0x08000c98       0x34 C:/mbedOffline44/Datas/MbedOS2/TARGET_NUCLEO_F446RE/TOOLCHAIN_GCC_ARM/mbed_board.o
                0x08000c98                mbed_error_vprintf
 .text.mbed_error_printf
                0x08000ccc       0x1a C:/mbedOffline44/Datas/MbedOS2/TARGET_NUCLEO_F446RE/TOOLCHAIN_GCC_ARM/mbed_board.o
                0x08000ccc                mbed_error_printf
 *fill*         0x08000ce6        0x2 
 .text.print_context_info
                0x08000ce8       0xec C:/mbedOffline44/Datas/MbedOS2/TARGET_NUCLEO_F446RE/TOOLCHAIN_GCC_ARM/mbed_fault_handler.o
                0x08000ce8                print_context_info
 .text.mbed_fault_handler
                0x08000dd4       0x90 C:/mbedOffline44/Datas/MbedOS2/TARGET_NUCLEO_F446RE/TOOLCHAIN_GCC_ARM/mbed_fault_handler.o
                0x08000dd4                mbed_fault_handler
 .text.mbed_sdk_init
                0x08000e64       0x20 C:/mbedOffline44/Datas/MbedOS2/TARGET_NUCLEO_F446RE/TOOLCHAIN_GCC_ARM/mbed_overrides.o
                0x08000e64                mbed_sdk_init
 .text._ZN4mbed10FileHandle4syncEv
                0x08000e84        0x4 C:/mbedOffline44/Datas/MbedOS2/TARGET_NUCLEO_F446RE/TOOLCHAIN_GCC_ARM/mbed_retarget.o
                0x08000e84                mbed::FileHandle::sync()
 .text._ZN4mbed10FileHandle4tellEv
                0x08000e88        0xa C:/mbedOffline44/Datas/MbedOS2/TARGET_NUCLEO_F446RE/TOOLCHAIN_GCC_ARM/mbed_retarget.o
                0x08000e88                mbed::FileHandle::tell()
 .text._ZN4mbed10FileHandle6rewindEv
                0x08000e92        0xa C:/mbedOffline44/Datas/MbedOS2/TARGET_NUCLEO_F446RE/TOOLCHAIN_GCC_ARM/mbed_retarget.o
                0x08000e92                mbed::FileHandle::rewind()
 .text._ZN4mbed10FileHandle5lseekEli
                0x08000e9c        0x6 C:/mbedOffline44/Datas/MbedOS2/TARGET_NUCLEO_F446RE/TOOLCHAIN_GCC_ARM/mbed_retarget.o
                0x08000e9c                mbed::FileHandle::lseek(long, int)
 .text._ZN4mbed10FileHandle5fsyncEv
                0x08000ea2        0x6 C:/mbedOffline44/Datas/MbedOS2/TARGET_NUCLEO_F446RE/TOOLCHAIN_GCC_ARM/mbed_retarget.o
                0x08000ea2                mbed::FileHandle::fsync()
 .text._ZN4mbed10FileHandle4flenEv
                0x08000ea8        0x6 C:/mbedOffline44/Datas/MbedOS2/TARGET_NUCLEO_F446RE/TOOLCHAIN_GCC_ARM/mbed_retarget.o
                0x08000ea8                mbed::FileHandle::flen()
 .text._ZN4mbed10FileHandle12set_blockingEb
                0x08000eae        0xc C:/mbedOffline44/Datas/MbedOS2/TARGET_NUCLEO_F446RE/TOOLCHAIN_GCC_ARM/mbed_retarget.o
                0x08000eae                mbed::FileHandle::set_blocking(bool)
 .text._ZNK4mbed10FileHandle11is_blockingEv
                0x08000eba        0x4 C:/mbedOffline44/Datas/MbedOS2/TARGET_NUCLEO_F446RE/TOOLCHAIN_GCC_ARM/mbed_retarget.o
                0x08000eba                mbed::FileHandle::is_blocking() const
 .text._ZNK4mbed10FileHandle4pollEs
                0x08000ebe        0x4 C:/mbedOffline44/Datas/MbedOS2/TARGET_NUCLEO_F446RE/TOOLCHAIN_GCC_ARM/mbed_retarget.o
                0x08000ebe                mbed::FileHandle::poll(short) const
 .text._ZN4mbed10FileHandle5sigioENS_8CallbackIFvvEEE
                0x08000ec2        0x2 C:/mbedOffline44/Datas/MbedOS2/TARGET_NUCLEO_F446RE/TOOLCHAIN_GCC_ARM/mbed_retarget.o
                0x08000ec2                mbed::FileHandle::sigio(mbed::Callback<void ()>)
 .text._ZN12DirectSerial4seekEli
                0x08000ec4        0x6 C:/mbedOffline44/Datas/MbedOS2/TARGET_NUCLEO_F446RE/TOOLCHAIN_GCC_ARM/mbed_retarget.o
                0x08000ec4                DirectSerial::seek(long, int)
 .text._ZN12DirectSerial4sizeEv
                0x08000eca        0x6 C:/mbedOffline44/Datas/MbedOS2/TARGET_NUCLEO_F446RE/TOOLCHAIN_GCC_ARM/mbed_retarget.o
                0x08000eca                DirectSerial::size()
 .text._ZN12DirectSerial6isattyEv
                0x08000ed0        0x4 C:/mbedOffline44/Datas/MbedOS2/TARGET_NUCLEO_F446RE/TOOLCHAIN_GCC_ARM/mbed_retarget.o
                0x08000ed0                DirectSerial::isatty()
 .text._ZN12DirectSerial5closeEv
                0x08000ed4        0x4 C:/mbedOffline44/Datas/MbedOS2/TARGET_NUCLEO_F446RE/TOOLCHAIN_GCC_ARM/mbed_retarget.o
                0x08000ed4                DirectSerial::close()
 .text._ZN12DirectSerialD2Ev
                0x08000ed8        0x2 C:/mbedOffline44/Datas/MbedOS2/TARGET_NUCLEO_F446RE/TOOLCHAIN_GCC_ARM/mbed_retarget.o
                0x08000ed8                DirectSerial::~DirectSerial()
                0x08000ed8                DirectSerial::~DirectSerial()
 *fill*         0x08000eda        0x2 
 .text._ZN12DirectSerial5writeEPKvj
                0x08000edc       0x24 C:/mbedOffline44/Datas/MbedOS2/TARGET_NUCLEO_F446RE/TOOLCHAIN_GCC_ARM/mbed_retarget.o
                0x08000edc                DirectSerial::write(void const*, unsigned int)
 .text._ZNK12DirectSerial4pollEs
                0x08000f00       0x30 C:/mbedOffline44/Datas/MbedOS2/TARGET_NUCLEO_F446RE/TOOLCHAIN_GCC_ARM/mbed_retarget.o
                0x08000f00                DirectSerial::poll(short) const
 .text._ZN12DirectSerialD0Ev
                0x08000f30        0xc C:/mbedOffline44/Datas/MbedOS2/TARGET_NUCLEO_F446RE/TOOLCHAIN_GCC_ARM/mbed_retarget.o
                0x08000f30                DirectSerial::~DirectSerial()
 .text._ZN12DirectSerial4readEPvj
                0x08000f3c       0x1c C:/mbedOffline44/Datas/MbedOS2/TARGET_NUCLEO_F446RE/TOOLCHAIN_GCC_ARM/mbed_retarget.o
                0x08000f3c                DirectSerial::read(void*, unsigned int)
 .text._ZN12DirectSerialC2E7PinNameS0_i
                0x08000f58       0x30 C:/mbedOffline44/Datas/MbedOS2/TARGET_NUCLEO_F446RE/TOOLCHAIN_GCC_ARM/mbed_retarget.o
                0x08000f58                DirectSerial::DirectSerial(PinName, PinName, int)
                0x08000f58                DirectSerial::DirectSerial(PinName, PinName, int)
 .text._ZN4mbed28mbed_target_override_consoleEi
                0x08000f88        0x4 C:/mbedOffline44/Datas/MbedOS2/TARGET_NUCLEO_F446RE/TOOLCHAIN_GCC_ARM/mbed_retarget.o
                0x08000f88                mbed::mbed_target_override_console(int)
 .text._ZN4mbed21mbed_override_consoleEi
                0x08000f8c        0x4 C:/mbedOffline44/Datas/MbedOS2/TARGET_NUCLEO_F446RE/TOOLCHAIN_GCC_ARM/mbed_retarget.o
                0x08000f8c                mbed::mbed_override_console(int)
 .text.__cxa_pure_virtual
                0x08000f90        0x8 C:/mbedOffline44/Datas/MbedOS2/TARGET_NUCLEO_F446RE/TOOLCHAIN_GCC_ARM/mbed_retarget.o
                0x08000f90                __cxa_pure_virtual
 .text._sbrk    0x08000f98       0x44 C:/mbedOffline44/Datas/MbedOS2/TARGET_NUCLEO_F446RE/TOOLCHAIN_GCC_ARM/mbed_retarget.o
                0x08000f98                _sbrk
 .text.__aeabi_atexit
                0x08000fdc        0x4 C:/mbedOffline44/Datas/MbedOS2/TARGET_NUCLEO_F446RE/TOOLCHAIN_GCC_ARM/mbed_retarget.o
                0x08000fdc                __aeabi_atexit
 .text.__wrap_atexit
                0x08000fe0        0x4 C:/mbedOffline44/Datas/MbedOS2/TARGET_NUCLEO_F446RE/TOOLCHAIN_GCC_ARM/mbed_retarget.o
                0x08000fe0                __wrap_atexit
 .text._ZN4mbed26mbed_set_unbuffered_streamEP7__sFILE
                0x08000fe4        0x6 C:/mbedOffline44/Datas/MbedOS2/TARGET_NUCLEO_F446RE/TOOLCHAIN_GCC_ARM/mbed_retarget.o
                0x08000fe4                mbed::mbed_set_unbuffered_stream(__sFILE*)
 .text.__rtos_malloc_lock
                0x08000fea        0x2 C:/mbedOffline44/Datas/MbedOS2/TARGET_NUCLEO_F446RE/TOOLCHAIN_GCC_ARM/mbed_retarget.o
                0x08000fea                __rtos_malloc_lock
 .text.__rtos_malloc_unlock
                0x08000fec        0x2 C:/mbedOffline44/Datas/MbedOS2/TARGET_NUCLEO_F446RE/TOOLCHAIN_GCC_ARM/mbed_retarget.o
                0x08000fec                __rtos_malloc_unlock
 .text.__malloc_lock
                0x08000fee        0x8 C:/mbedOffline44/Datas/MbedOS2/TARGET_NUCLEO_F446RE/TOOLCHAIN_GCC_ARM/mbed_retarget.o
                0x08000fee                __malloc_lock
 .text.__malloc_unlock
                0x08000ff6        0x8 C:/mbedOffline44/Datas/MbedOS2/TARGET_NUCLEO_F446RE/TOOLCHAIN_GCC_ARM/mbed_retarget.o
                0x08000ff6                __malloc_unlock
 *fill*         0x08000ffe        0x2 
 .text.__cxa_guard_acquire
                0x08001000       0x30 C:/mbedOffline44/Datas/MbedOS2/TARGET_NUCLEO_F446RE/TOOLCHAIN_GCC_ARM/mbed_retarget.o
                0x08001000                __cxa_guard_acquire
 .text.__cxa_guard_release
                0x08001030       0x2c C:/mbedOffline44/Datas/MbedOS2/TARGET_NUCLEO_F446RE/TOOLCHAIN_GCC_ARM/mbed_retarget.o
                0x08001030                __cxa_guard_release
 .text._ZL7get_fhci
                0x0800105c       0x80 C:/mbedOffline44/Datas/MbedOS2/TARGET_NUCLEO_F446RE/TOOLCHAIN_GCC_ARM/mbed_retarget.o
 .text.close    0x080010dc       0x3c C:/mbedOffline44/Datas/MbedOS2/TARGET_NUCLEO_F446RE/TOOLCHAIN_GCC_ARM/mbed_retarget.o
                0x080010dc                close
 .text._close   0x08001118        0x4 C:/mbedOffline44/Datas/MbedOS2/TARGET_NUCLEO_F446RE/TOOLCHAIN_GCC_ARM/mbed_retarget.o
                0x08001118                _close
 .text.write    0x0800111c       0x34 C:/mbedOffline44/Datas/MbedOS2/TARGET_NUCLEO_F446RE/TOOLCHAIN_GCC_ARM/mbed_retarget.o
                0x0800111c                write
 .text._write   0x08001150       0x24 C:/mbedOffline44/Datas/MbedOS2/TARGET_NUCLEO_F446RE/TOOLCHAIN_GCC_ARM/mbed_retarget.o
                0x08001150                _write
 .text.read     0x08001174       0x34 C:/mbedOffline44/Datas/MbedOS2/TARGET_NUCLEO_F446RE/TOOLCHAIN_GCC_ARM/mbed_retarget.o
                0x08001174                read
 .text._read    0x080011a8       0x1c C:/mbedOffline44/Datas/MbedOS2/TARGET_NUCLEO_F446RE/TOOLCHAIN_GCC_ARM/mbed_retarget.o
                0x080011a8                _read
 .text.isatty   0x080011c4       0x2c C:/mbedOffline44/Datas/MbedOS2/TARGET_NUCLEO_F446RE/TOOLCHAIN_GCC_ARM/mbed_retarget.o
                0x080011c4                isatty
 .text.fdopen   0x080011f0       0x3a C:/mbedOffline44/Datas/MbedOS2/TARGET_NUCLEO_F446RE/TOOLCHAIN_GCC_ARM/mbed_retarget.o
                0x080011f0                fdopen
 .text._isatty  0x0800122a        0x4 C:/mbedOffline44/Datas/MbedOS2/TARGET_NUCLEO_F446RE/TOOLCHAIN_GCC_ARM/mbed_retarget.o
                0x0800122a                _isatty
 .text.lseek    0x0800122e       0x34 C:/mbedOffline44/Datas/MbedOS2/TARGET_NUCLEO_F446RE/TOOLCHAIN_GCC_ARM/mbed_retarget.o
                0x0800122e                lseek
 .text._lseek   0x08001262        0x4 C:/mbedOffline44/Datas/MbedOS2/TARGET_NUCLEO_F446RE/TOOLCHAIN_GCC_ARM/mbed_retarget.o
                0x08001262                _lseek
 .text.fsync    0x08001266       0x2e C:/mbedOffline44/Datas/MbedOS2/TARGET_NUCLEO_F446RE/TOOLCHAIN_GCC_ARM/mbed_retarget.o
                0x08001266                fsync
 .text._exit    0x08001294       0x30 C:/mbedOffline44/Datas/MbedOS2/TARGET_NUCLEO_F446RE/TOOLCHAIN_GCC_ARM/mbed_retarget.o
                0x08001294                _exit
 .text.__wrap_exit
                0x080012c4        0x6 C:/mbedOffline44/Datas/MbedOS2/TARGET_NUCLEO_F446RE/TOOLCHAIN_GCC_ARM/mbed_retarget.o
                0x080012c4                __wrap_exit
 .text.fstat    0x080012ca       0x3c C:/mbedOffline44/Datas/MbedOS2/TARGET_NUCLEO_F446RE/TOOLCHAIN_GCC_ARM/mbed_retarget.o
                0x080012ca                fstat
 .text._fstat   0x08001306        0x4 C:/mbedOffline44/Datas/MbedOS2/TARGET_NUCLEO_F446RE/TOOLCHAIN_GCC_ARM/mbed_retarget.o
                0x08001306                _fstat
 .text._ZdlPv   0x0800130a        0x4 C:/mbedOffline44/Datas/MbedOS2/TARGET_NUCLEO_F446RE/TOOLCHAIN_GCC_ARM/mbed_retarget.o
                0x0800130a                operator delete(void*)
 *fill*         0x0800130e        0x2 
 .text._ZNK12SingletonPtrI13PlatformMutexE3getEv
                0x08001310       0x28 C:/mbedOffline44/Datas/MbedOS2/TARGET_NUCLEO_F446RE/TOOLCHAIN_GCC_ARM/mbed_retarget.o
                0x08001310                SingletonPtr<PlatformMutex>::get() const
 .text._ZN4mbed17remove_filehandleEPNS_10FileHandleE
                0x08001338       0x34 C:/mbedOffline44/Datas/MbedOS2/TARGET_NUCLEO_F446RE/TOOLCHAIN_GCC_ARM/mbed_retarget.o
                0x08001338                mbed::remove_filehandle(mbed::FileHandle*)
 .text._ZL18reserve_filehandlev
                0x0800136c       0x48 C:/mbedOffline44/Datas/MbedOS2/TARGET_NUCLEO_F446RE/TOOLCHAIN_GCC_ARM/mbed_retarget.o
 .text._ZN4mbed10bind_to_fdEPNS_10FileHandleE
                0x080013b4       0x18 C:/mbedOffline44/Datas/MbedOS2/TARGET_NUCLEO_F446RE/TOOLCHAIN_GCC_ARM/mbed_retarget.o
                0x080013b4                mbed::bind_to_fd(mbed::FileHandle*)
 .text._ZN4mbed6fdopenEPNS_10FileHandleEPKc
                0x080013cc       0x3c C:/mbedOffline44/Datas/MbedOS2/TARGET_NUCLEO_F446RE/TOOLCHAIN_GCC_ARM/mbed_retarget.o
                0x080013cc                mbed::fdopen(mbed::FileHandle*, char const*)
 .text.open     0x08001408       0x98 C:/mbedOffline44/Datas/MbedOS2/TARGET_NUCLEO_F446RE/TOOLCHAIN_GCC_ARM/mbed_retarget.o
                0x08001408                open
 .text._open    0x080014a0       0x74 C:/mbedOffline44/Datas/MbedOS2/TARGET_NUCLEO_F446RE/TOOLCHAIN_GCC_ARM/mbed_retarget.o
                0x080014a0                _open
 .text.mbed_main
                0x08001514        0x2 C:/mbedOffline44/Datas/MbedOS2/TARGET_NUCLEO_F446RE/TOOLCHAIN_GCC_ARM/mbed_sdk_boot.o
                0x08001514                mbed_main
 .text.software_init_hook_rtos
                0x08001516        0x2 C:/mbedOffline44/Datas/MbedOS2/TARGET_NUCLEO_F446RE/TOOLCHAIN_GCC_ARM/mbed_sdk_boot.o
                0x08001516                software_init_hook_rtos
 .text.mbed_copy_nvic
                0x08001518       0x2c C:/mbedOffline44/Datas/MbedOS2/TARGET_NUCLEO_F446RE/TOOLCHAIN_GCC_ARM/mbed_sdk_boot.o
                0x08001518                mbed_copy_nvic
 .text.software_init_hook
                0x08001544       0x10 C:/mbedOffline44/Datas/MbedOS2/TARGET_NUCLEO_F446RE/TOOLCHAIN_GCC_ARM/mbed_sdk_boot.o
                0x08001544                software_init_hook
 .text.__wrap_main
                0x08001554        0xe C:/mbedOffline44/Datas/MbedOS2/TARGET_NUCLEO_F446RE/TOOLCHAIN_GCC_ARM/mbed_sdk_boot.o
                0x08001554                __wrap_main
 .text.LL_GPIO_SetPinPull
                0x08001562       0x2c C:/mbedOffline44/Datas/MbedOS2/TARGET_NUCLEO_F446RE/TOOLCHAIN_GCC_ARM/pinmap.o
 .text.stm_pin_PullConfig
                0x0800158e        0xe C:/mbedOffline44/Datas/MbedOS2/TARGET_NUCLEO_F446RE/TOOLCHAIN_GCC_ARM/pinmap.o
 .text.pin_function
                0x0800159c      0x124 C:/mbedOffline44/Datas/MbedOS2/TARGET_NUCLEO_F446RE/TOOLCHAIN_GCC_ARM/pinmap.o
                0x0800159c                pin_function
 .text.pin_mode
                0x080016c0       0x94 C:/mbedOffline44/Datas/MbedOS2/TARGET_NUCLEO_F446RE/TOOLCHAIN_GCC_ARM/pinmap.o
                0x080016c0                pin_mode
 .text.pwmout_write
                0x08001754       0xc4 C:/mbedOffline44/Datas/MbedOS2/TARGET_NUCLEO_F446RE/TOOLCHAIN_GCC_ARM/pwmout_api.o
                0x08001754                pwmout_write
 .text.pwmout_read
                0x08001818       0x3c C:/mbedOffline44/Datas/MbedOS2/TARGET_NUCLEO_F446RE/TOOLCHAIN_GCC_ARM/pwmout_api.o
                0x08001818                pwmout_read
 .text.pwmout_period_us
                0x08001854      0x138 C:/mbedOffline44/Datas/MbedOS2/TARGET_NUCLEO_F446RE/TOOLCHAIN_GCC_ARM/pwmout_api.o
                0x08001854                pwmout_period_us
 .text.pwmout_init
                0x0800198c      0x214 C:/mbedOffline44/Datas/MbedOS2/TARGET_NUCLEO_F446RE/TOOLCHAIN_GCC_ARM/pwmout_api.o
                0x0800198c                pwmout_init
 .text.pwmout_period_ms
                0x08001ba0        0xa C:/mbedOffline44/Datas/MbedOS2/TARGET_NUCLEO_F446RE/TOOLCHAIN_GCC_ARM/pwmout_api.o
                0x08001ba0                pwmout_period_ms
 *fill*         0x08001baa        0x2 
 .text.debug.constprop.1
                0x08001bac       0x28 C:/mbedOffline44/Datas/MbedOS2/TARGET_NUCLEO_F446RE/TOOLCHAIN_GCC_ARM/serial_api.o
 .text.serial_readable
                0x08001bd4       0x2c C:/mbedOffline44/Datas/MbedOS2/TARGET_NUCLEO_F446RE/TOOLCHAIN_GCC_ARM/serial_api.o
                0x08001bd4                serial_readable
 .text.serial_writable
                0x08001c00       0x14 C:/mbedOffline44/Datas/MbedOS2/TARGET_NUCLEO_F446RE/TOOLCHAIN_GCC_ARM/serial_api.o
                0x08001c00                serial_writable
 .text.init_uart
                0x08001c14       0x58 C:/mbedOffline44/Datas/MbedOS2/TARGET_NUCLEO_F446RE/TOOLCHAIN_GCC_ARM/serial_api.o
                0x08001c14                init_uart
 .text.serial_baud
                0x08001c6c       0x20 C:/mbedOffline44/Datas/MbedOS2/TARGET_NUCLEO_F446RE/TOOLCHAIN_GCC_ARM/serial_api.o
                0x08001c6c                serial_baud
 .text.get_uart_index
                0x08001c8c       0x50 C:/mbedOffline44/Datas/MbedOS2/TARGET_NUCLEO_F446RE/TOOLCHAIN_GCC_ARM/serial_api.o
                0x08001c8c                get_uart_index
 .text.serial_init
                0x08001cdc      0x1b4 C:/mbedOffline44/Datas/MbedOS2/TARGET_NUCLEO_F446RE/TOOLCHAIN_GCC_ARM/serial_api.o
                0x08001cdc                serial_init
 .text.__NVIC_EnableIRQ
                0x08001e90       0x1c C:/mbedOffline44/Datas/MbedOS2/TARGET_NUCLEO_F446RE/TOOLCHAIN_GCC_ARM/serial_device.o
 .text.__NVIC_DisableIRQ
                0x08001eac       0x28 C:/mbedOffline44/Datas/MbedOS2/TARGET_NUCLEO_F446RE/TOOLCHAIN_GCC_ARM/serial_device.o
 .text.uart_irq
                0x08001ed4       0x68 C:/mbedOffline44/Datas/MbedOS2/TARGET_NUCLEO_F446RE/TOOLCHAIN_GCC_ARM/serial_device.o
 .text.uart6_irq
                0x08001f3c        0xc C:/mbedOffline44/Datas/MbedOS2/TARGET_NUCLEO_F446RE/TOOLCHAIN_GCC_ARM/serial_device.o
 .text.uart5_irq
                0x08001f48        0xc C:/mbedOffline44/Datas/MbedOS2/TARGET_NUCLEO_F446RE/TOOLCHAIN_GCC_ARM/serial_device.o
 .text.uart4_irq
                0x08001f54        0xc C:/mbedOffline44/Datas/MbedOS2/TARGET_NUCLEO_F446RE/TOOLCHAIN_GCC_ARM/serial_device.o
 .text.uart3_irq
                0x08001f60        0xc C:/mbedOffline44/Datas/MbedOS2/TARGET_NUCLEO_F446RE/TOOLCHAIN_GCC_ARM/serial_device.o
 .text.uart2_irq
                0x08001f6c        0xc C:/mbedOffline44/Datas/MbedOS2/TARGET_NUCLEO_F446RE/TOOLCHAIN_GCC_ARM/serial_device.o
 .text.uart1_irq
                0x08001f78        0xc C:/mbedOffline44/Datas/MbedOS2/TARGET_NUCLEO_F446RE/TOOLCHAIN_GCC_ARM/serial_device.o
 .text.serial_irq_handler
                0x08001f84       0x18 C:/mbedOffline44/Datas/MbedOS2/TARGET_NUCLEO_F446RE/TOOLCHAIN_GCC_ARM/serial_device.o
                0x08001f84                serial_irq_handler
 .text.serial_irq_set
                0x08001f9c       0xe0 C:/mbedOffline44/Datas/MbedOS2/TARGET_NUCLEO_F446RE/TOOLCHAIN_GCC_ARM/serial_device.o
                0x08001f9c                serial_irq_set
 .text.serial_getc
                0x0800207c       0x24 C:/mbedOffline44/Datas/MbedOS2/TARGET_NUCLEO_F446RE/TOOLCHAIN_GCC_ARM/serial_device.o
                0x0800207c                serial_getc
 .text.serial_putc
                0x080020a0       0x24 C:/mbedOffline44/Datas/MbedOS2/TARGET_NUCLEO_F446RE/TOOLCHAIN_GCC_ARM/serial_device.o
                0x080020a0                serial_putc
 .text.Reset_Handler
                0x080020c4       0x4c C:/mbedOffline44/Datas/MbedOS2/TARGET_NUCLEO_F446RE/TOOLCHAIN_GCC_ARM/startup_stm32f446xx.o
                0x080020c4                Reset_Handler
 .text.Default_Handler
                0x08002110        0x2 C:/mbedOffline44/Datas/MbedOS2/TARGET_NUCLEO_F446RE/TOOLCHAIN_GCC_ARM/startup_stm32f446xx.o
                0x08002110                RTC_Alarm_IRQHandler
                0x08002110                EXTI2_IRQHandler
                0x08002110                TIM8_CC_IRQHandler
                0x08002110                DebugMon_Handler
                0x08002110                SPI4_IRQHandler
                0x08002110                TIM1_CC_IRQHandler
                0x08002110                QuadSPI_IRQHandler
                0x08002110                DMA2_Stream5_IRQHandler
                0x08002110                DMA1_Stream5_IRQHandler
                0x08002110                SysTick_Handler
                0x08002110                PVD_IRQHandler
                0x08002110                SDIO_IRQHandler
                0x08002110                TAMP_STAMP_IRQHandler
                0x08002110                PendSV_Handler
                0x08002110                NMI_Handler
                0x08002110                CAN2_RX1_IRQHandler
                0x08002110                EXTI3_IRQHandler
                0x08002110                TIM8_TRG_COM_TIM14_IRQHandler
                0x08002110                TIM1_UP_TIM10_IRQHandler
                0x08002110                TIM8_UP_TIM13_IRQHandler
                0x08002110                I2C3_ER_IRQHandler
                0x08002110                FMPI2C1_Event_IRQHandler
                0x08002110                EXTI0_IRQHandler
                0x08002110                I2C2_EV_IRQHandler
                0x08002110                DMA1_Stream2_IRQHandler
                0x08002110                FPU_IRQHandler
                0x08002110                OTG_HS_WKUP_IRQHandler
                0x08002110                DMA2_Stream2_IRQHandler
                0x08002110                SPI1_IRQHandler
                0x08002110                TIM6_DAC_IRQHandler
                0x08002110                TIM1_BRK_TIM9_IRQHandler
                0x08002110                DCMI_IRQHandler
                0x08002110                DMA2_Stream3_IRQHandler
                0x08002110                SAI2_IRQHandler
                0x08002110                USART6_IRQHandler
                0x08002110                USART3_IRQHandler
                0x08002110                CAN1_RX1_IRQHandler
                0x08002110                UART5_IRQHandler
                0x08002110                DMA2_Stream0_IRQHandler
                0x08002110                TIM4_IRQHandler
                0x08002110                I2C1_EV_IRQHandler
                0x08002110                DMA1_Stream6_IRQHandler
                0x08002110                DMA1_Stream1_IRQHandler
                0x08002110                UART4_IRQHandler
                0x08002110                TIM3_IRQHandler
                0x08002110                RCC_IRQHandler
                0x08002110                TIM8_BRK_TIM12_IRQHandler
                0x08002110                Default_Handler
                0x08002110                CEC_IRQHandler
                0x08002110                EXTI15_10_IRQHandler
                0x08002110                ADC_IRQHandler
                0x08002110                DMA1_Stream7_IRQHandler
                0x08002110                TIM7_IRQHandler
                0x08002110                TIM5_IRQHandler
                0x08002110                DMA2_Stream7_IRQHandler
                0x08002110                I2C3_EV_IRQHandler
                0x08002110                EXTI9_5_IRQHandler
                0x08002110                RTC_WKUP_IRQHandler
                0x08002110                SPDIF_RX_IRQHandler
                0x08002110                SPI2_IRQHandler
                0x08002110                OTG_HS_EP1_IN_IRQHandler
                0x08002110                DMA1_Stream0_IRQHandler
                0x08002110                SVC_Handler
                0x08002110                EXTI4_IRQHandler
                0x08002110                OTG_HS_EP1_OUT_IRQHandler
                0x08002110                WWDG_IRQHandler
                0x08002110                TIM2_IRQHandler
                0x08002110                OTG_FS_WKUP_IRQHandler
                0x08002110                TIM1_TRG_COM_TIM11_IRQHandler
                0x08002110                OTG_HS_IRQHandler
                0x08002110                EXTI1_IRQHandler
                0x08002110                USART2_IRQHandler
                0x08002110                I2C2_ER_IRQHandler
                0x08002110                DMA2_Stream1_IRQHandler
                0x08002110                FLASH_IRQHandler
                0x08002110                DMA2_Stream4_IRQHandler
                0x08002110                USART1_IRQHandler
                0x08002110                OTG_FS_IRQHandler
                0x08002110                SPI3_IRQHandler
                0x08002110                DMA1_Stream4_IRQHandler
                0x08002110                I2C1_ER_IRQHandler
                0x08002110                FMC_IRQHandler
                0x08002110                DMA2_Stream6_IRQHandler
                0x08002110                SAI1_IRQHandler
                0x08002110                DMA1_Stream3_IRQHandler
                0x08002110                FMPI2C1_Error_IRQHandler
 .text.HAL_MspInit
                0x08002112        0x2 C:/mbedOffline44/Datas/MbedOS2/TARGET_NUCLEO_F446RE/TOOLCHAIN_GCC_ARM/stm32f4xx_hal.o
                0x08002112                HAL_MspInit
 .text.HAL_Init
                0x08002114       0x34 C:/mbedOffline44/Datas/MbedOS2/TARGET_NUCLEO_F446RE/TOOLCHAIN_GCC_ARM/stm32f4xx_hal.o
                0x08002114                HAL_Init
 .text.HAL_NVIC_SetPriorityGrouping
                0x08002148       0x24 C:/mbedOffline44/Datas/MbedOS2/TARGET_NUCLEO_F446RE/TOOLCHAIN_GCC_ARM/stm32f4xx_hal_cortex.o
                0x08002148                HAL_NVIC_SetPriorityGrouping
 .text.HAL_PWREx_EnableOverDrive
                0x0800216c       0x78 C:/mbedOffline44/Datas/MbedOS2/TARGET_NUCLEO_F446RE/TOOLCHAIN_GCC_ARM/stm32f4xx_hal_pwr_ex.o
                0x0800216c                HAL_PWREx_EnableOverDrive
 .text.HAL_RCC_ClockConfig
                0x080021e4      0x134 C:/mbedOffline44/Datas/MbedOS2/TARGET_NUCLEO_F446RE/TOOLCHAIN_GCC_ARM/stm32f4xx_hal_rcc.o
                0x080021e4                HAL_RCC_ClockConfig
 .text.HAL_RCC_GetPCLK1Freq
                0x08002318       0x20 C:/mbedOffline44/Datas/MbedOS2/TARGET_NUCLEO_F446RE/TOOLCHAIN_GCC_ARM/stm32f4xx_hal_rcc.o
                0x08002318                HAL_RCC_GetPCLK1Freq
 .text.HAL_RCC_GetPCLK2Freq
                0x08002338       0x20 C:/mbedOffline44/Datas/MbedOS2/TARGET_NUCLEO_F446RE/TOOLCHAIN_GCC_ARM/stm32f4xx_hal_rcc.o
                0x08002338                HAL_RCC_GetPCLK2Freq
 .text.HAL_RCC_GetClockConfig
                0x08002358       0x3c C:/mbedOffline44/Datas/MbedOS2/TARGET_NUCLEO_F446RE/TOOLCHAIN_GCC_ARM/stm32f4xx_hal_rcc.o
                0x08002358                HAL_RCC_GetClockConfig
 .text.HAL_RCCEx_PeriphCLKConfig
                0x08002394      0x410 C:/mbedOffline44/Datas/MbedOS2/TARGET_NUCLEO_F446RE/TOOLCHAIN_GCC_ARM/stm32f4xx_hal_rcc_ex.o
                0x08002394                HAL_RCCEx_PeriphCLKConfig
 .text.HAL_RCC_GetSysClockFreq
                0x080027a4       0x90 C:/mbedOffline44/Datas/MbedOS2/TARGET_NUCLEO_F446RE/TOOLCHAIN_GCC_ARM/stm32f4xx_hal_rcc_ex.o
                0x080027a4                HAL_RCC_GetSysClockFreq
 .text.HAL_RCC_OscConfig
                0x08002834      0x334 C:/mbedOffline44/Datas/MbedOS2/TARGET_NUCLEO_F446RE/TOOLCHAIN_GCC_ARM/stm32f4xx_hal_rcc_ex.o
                0x08002834                HAL_RCC_OscConfig
 .text.TIM_OC1_SetConfig
                0x08002b68       0x58 C:/mbedOffline44/Datas/MbedOS2/TARGET_NUCLEO_F446RE/TOOLCHAIN_GCC_ARM/stm32f4xx_hal_tim.o
 .text.TIM_OC3_SetConfig
                0x08002bc0       0x60 C:/mbedOffline44/Datas/MbedOS2/TARGET_NUCLEO_F446RE/TOOLCHAIN_GCC_ARM/stm32f4xx_hal_tim.o
 .text.TIM_OC4_SetConfig
                0x08002c20       0x50 C:/mbedOffline44/Datas/MbedOS2/TARGET_NUCLEO_F446RE/TOOLCHAIN_GCC_ARM/stm32f4xx_hal_tim.o
 .text.HAL_TIM_OC_MspInit
                0x08002c70        0x2 C:/mbedOffline44/Datas/MbedOS2/TARGET_NUCLEO_F446RE/TOOLCHAIN_GCC_ARM/stm32f4xx_hal_tim.o
                0x08002c70                HAL_TIM_OC_MspInit
 .text.HAL_TIM_PWM_MspInit
                0x08002c72        0x2 C:/mbedOffline44/Datas/MbedOS2/TARGET_NUCLEO_F446RE/TOOLCHAIN_GCC_ARM/stm32f4xx_hal_tim.o
                0x08002c72                HAL_TIM_PWM_MspInit
 .text.TIM_Base_SetConfig
                0x08002c74       0xc8 C:/mbedOffline44/Datas/MbedOS2/TARGET_NUCLEO_F446RE/TOOLCHAIN_GCC_ARM/stm32f4xx_hal_tim.o
                0x08002c74                TIM_Base_SetConfig
 .text.HAL_TIM_OC_Init
                0x08002d3c       0x34 C:/mbedOffline44/Datas/MbedOS2/TARGET_NUCLEO_F446RE/TOOLCHAIN_GCC_ARM/stm32f4xx_hal_tim.o
                0x08002d3c                HAL_TIM_OC_Init
 .text.HAL_TIM_PWM_Init
                0x08002d70       0x34 C:/mbedOffline44/Datas/MbedOS2/TARGET_NUCLEO_F446RE/TOOLCHAIN_GCC_ARM/stm32f4xx_hal_tim.o
                0x08002d70                HAL_TIM_PWM_Init
 .text.TIM_OC2_SetConfig
                0x08002da4       0x60 C:/mbedOffline44/Datas/MbedOS2/TARGET_NUCLEO_F446RE/TOOLCHAIN_GCC_ARM/stm32f4xx_hal_tim.o
                0x08002da4                TIM_OC2_SetConfig
 .text.HAL_TIM_PWM_ConfigChannel
                0x08002e04       0xc4 C:/mbedOffline44/Datas/MbedOS2/TARGET_NUCLEO_F446RE/TOOLCHAIN_GCC_ARM/stm32f4xx_hal_tim.o
                0x08002e04                HAL_TIM_PWM_ConfigChannel
 .text.TIM_CCxChannelCmd
                0x08002ec8       0x18 C:/mbedOffline44/Datas/MbedOS2/TARGET_NUCLEO_F446RE/TOOLCHAIN_GCC_ARM/stm32f4xx_hal_tim.o
                0x08002ec8                TIM_CCxChannelCmd
 .text.HAL_TIM_OC_Stop
                0x08002ee0       0x5c C:/mbedOffline44/Datas/MbedOS2/TARGET_NUCLEO_F446RE/TOOLCHAIN_GCC_ARM/stm32f4xx_hal_tim.o
                0x08002ee0                HAL_TIM_OC_Stop
 .text.HAL_TIM_PWM_Start
                0x08002f3c       0x34 C:/mbedOffline44/Datas/MbedOS2/TARGET_NUCLEO_F446RE/TOOLCHAIN_GCC_ARM/stm32f4xx_hal_tim.o
                0x08002f3c                HAL_TIM_PWM_Start
 .text.HAL_TIM_OC_Start
                0x08002f70        0x4 C:/mbedOffline44/Datas/MbedOS2/TARGET_NUCLEO_F446RE/TOOLCHAIN_GCC_ARM/stm32f4xx_hal_tim.o
                0x08002f70                HAL_TIM_OC_Start
 .text.TIM_CCxNChannelCmd
                0x08002f74       0x18 C:/mbedOffline44/Datas/MbedOS2/TARGET_NUCLEO_F446RE/TOOLCHAIN_GCC_ARM/stm32f4xx_hal_tim_ex.o
 .text.HAL_TIMEx_PWMN_Start
                0x08002f8c       0x22 C:/mbedOffline44/Datas/MbedOS2/TARGET_NUCLEO_F446RE/TOOLCHAIN_GCC_ARM/stm32f4xx_hal_tim_ex.o
                0x08002f8c                HAL_TIMEx_PWMN_Start
 *fill*         0x08002fae        0x2 
 .text.UART_SetConfig
                0x08002fb0      0x234 C:/mbedOffline44/Datas/MbedOS2/TARGET_NUCLEO_F446RE/TOOLCHAIN_GCC_ARM/stm32f4xx_hal_uart.o
 .text.HAL_UART_MspInit
                0x080031e4        0x2 C:/mbedOffline44/Datas/MbedOS2/TARGET_NUCLEO_F446RE/TOOLCHAIN_GCC_ARM/stm32f4xx_hal_uart.o
                0x080031e4                HAL_UART_MspInit
 .text.HAL_UART_Init
                0x080031e6       0x5c C:/mbedOffline44/Datas/MbedOS2/TARGET_NUCLEO_F446RE/TOOLCHAIN_GCC_ARM/stm32f4xx_hal_uart.o
                0x080031e6                HAL_UART_Init
 *fill*         0x08003242        0x2 
 .text.SystemInit
                0x08003244       0x44 C:/mbedOffline44/Datas/MbedOS2/TARGET_NUCLEO_F446RE/TOOLCHAIN_GCC_ARM/system_clock.o
                0x08003244                SystemInit
 .text.SetSysClock_PLL_HSE
                0x08003288       0xc0 C:/mbedOffline44/Datas/MbedOS2/TARGET_NUCLEO_F446RE/TOOLCHAIN_GCC_ARM/system_clock.o
                0x08003288                SetSysClock_PLL_HSE
 .text.SetSysClock_PLL_HSI
                0x08003348       0xb4 C:/mbedOffline44/Datas/MbedOS2/TARGET_NUCLEO_F446RE/TOOLCHAIN_GCC_ARM/system_clock.o
                0x08003348                SetSysClock_PLL_HSI
 .text.SetSysClock
                0x080033fc       0x1c C:/mbedOffline44/Datas/MbedOS2/TARGET_NUCLEO_F446RE/TOOLCHAIN_GCC_ARM/system_clock.o
                0x080033fc                SetSysClock
 .text.SystemCoreClockUpdate
                0x08003418       0x74 C:/mbedOffline44/Datas/MbedOS2/TARGET_NUCLEO_F446RE/TOOLCHAIN_GCC_ARM/system_stm32f4xx.o
                0x08003418                SystemCoreClockUpdate
 .text.timer_irq_handler
                0x0800348c       0x28 C:/mbedOffline44/Datas/MbedOS2/TARGET_NUCLEO_F446RE/TOOLCHAIN_GCC_ARM/us_ticker.o
                0x0800348c                timer_irq_handler
 .text.us_ticker_get_info
                0x080034b4        0x8 C:/mbedOffline44/Datas/MbedOS2/TARGET_NUCLEO_F446RE/TOOLCHAIN_GCC_ARM/us_ticker.o
                0x080034b4                us_ticker_get_info
 .text.init_32bit_timer
                0x080034bc       0xa8 C:/mbedOffline44/Datas/MbedOS2/TARGET_NUCLEO_F446RE/TOOLCHAIN_GCC_ARM/us_ticker.o
                0x080034bc                init_32bit_timer
 .text.us_ticker_init
                0x08003564       0x18 C:/mbedOffline44/Datas/MbedOS2/TARGET_NUCLEO_F446RE/TOOLCHAIN_GCC_ARM/us_ticker.o
                0x08003564                us_ticker_init
 .text.us_ticker_read
                0x0800357c        0xc C:/mbedOffline44/Datas/MbedOS2/TARGET_NUCLEO_F446RE/TOOLCHAIN_GCC_ARM/us_ticker.o
                0x0800357c                us_ticker_read
 .text.us_ticker_set_interrupt
                0x08003588       0x1c C:/mbedOffline44/Datas/MbedOS2/TARGET_NUCLEO_F446RE/TOOLCHAIN_GCC_ARM/us_ticker.o
                0x08003588                us_ticker_set_interrupt
 .text.us_ticker_fire_interrupt
                0x080035a4       0x20 C:/mbedOffline44/Datas/MbedOS2/TARGET_NUCLEO_F446RE/TOOLCHAIN_GCC_ARM/us_ticker.o
                0x080035a4                us_ticker_fire_interrupt
 .text.us_ticker_disable_interrupt
                0x080035c4       0x14 C:/mbedOffline44/Datas/MbedOS2/TARGET_NUCLEO_F446RE/TOOLCHAIN_GCC_ARM/us_ticker.o
                0x080035c4                us_ticker_disable_interrupt
 .text.us_ticker_clear_interrupt
                0x080035d8       0x10 C:/mbedOffline44/Datas/MbedOS2/TARGET_NUCLEO_F446RE/TOOLCHAIN_GCC_ARM/us_ticker.o
                0x080035d8                us_ticker_clear_interrupt
 .text.us_ticker_free
                0x080035e8       0x18 C:/mbedOffline44/Datas/MbedOS2/TARGET_NUCLEO_F446RE/TOOLCHAIN_GCC_ARM/us_ticker.o
                0x080035e8                us_ticker_free
 .text._ZN4mbed6Serial6unlockEv
                0x08003600        0x2 C:/mbedOffline44/Datas/MbedOS2/TARGET_NUCLEO_F446RE/TOOLCHAIN_GCC_ARM\libmbed.a(Serial.o)
                0x08003600                mbed::Serial::unlock()
                0x08003600                mbed::Serial::lock()
 .text._ZThn176_N4mbed6Serial4lockEv
                0x08003602        0x8 C:/mbedOffline44/Datas/MbedOS2/TARGET_NUCLEO_F446RE/TOOLCHAIN_GCC_ARM\libmbed.a(Serial.o)
                0x08003602                non-virtual thunk to mbed::Serial::lock()
 .text._ZThn176_N4mbed6Serial6unlockEv
                0x0800360a        0x8 C:/mbedOffline44/Datas/MbedOS2/TARGET_NUCLEO_F446RE/TOOLCHAIN_GCC_ARM\libmbed.a(Serial.o)
                0x0800360a                non-virtual thunk to mbed::Serial::unlock()
 .text._ZN4mbed6Serial5_getcEv
                0x08003612        0x4 C:/mbedOffline44/Datas/MbedOS2/TARGET_NUCLEO_F446RE/TOOLCHAIN_GCC_ARM\libmbed.a(Serial.o)
                0x08003612                mbed::Serial::_getc()
 .text._ZThn176_N4mbed6Serial5_getcEv
                0x08003616        0x8 C:/mbedOffline44/Datas/MbedOS2/TARGET_NUCLEO_F446RE/TOOLCHAIN_GCC_ARM\libmbed.a(Serial.o)
                0x08003616                non-virtual thunk to mbed::Serial::_getc()
 .text._ZN4mbed6Serial5_putcEi
                0x0800361e        0x4 C:/mbedOffline44/Datas/MbedOS2/TARGET_NUCLEO_F446RE/TOOLCHAIN_GCC_ARM\libmbed.a(Serial.o)
                0x0800361e                mbed::Serial::_putc(int)
 .text._ZThn176_N4mbed6Serial5_putcEi
                0x08003622        0x8 C:/mbedOffline44/Datas/MbedOS2/TARGET_NUCLEO_F446RE/TOOLCHAIN_GCC_ARM\libmbed.a(Serial.o)
                0x08003622                non-virtual thunk to mbed::Serial::_putc(int)
 *fill*         0x0800362a        0x2 
 .text._ZN4mbed6SerialC2E7PinNameS1_PKci
                0x0800362c       0x34 C:/mbedOffline44/Datas/MbedOS2/TARGET_NUCLEO_F446RE/TOOLCHAIN_GCC_ARM\libmbed.a(Serial.o)
                0x0800362c                mbed::Serial::Serial(PinName, PinName, char const*, int)
                0x0800362c                mbed::Serial::Serial(PinName, PinName, char const*, int)
 .text._ZN4mbed10SerialBase4lockEv
                0x08003660        0x2 C:/mbedOffline44/Datas/MbedOS2/TARGET_NUCLEO_F446RE/TOOLCHAIN_GCC_ARM\libmbed.a(SerialBase.o)
                0x08003660                mbed::SerialBase::lock()
 .text._ZN4mbed10SerialBase6unlockEv
                0x08003662        0x2 C:/mbedOffline44/Datas/MbedOS2/TARGET_NUCLEO_F446RE/TOOLCHAIN_GCC_ARM\libmbed.a(SerialBase.o)
                0x08003662                mbed::SerialBase::unlock()
 .text._ZN6CThunkIN4mbed10SerialBaseEE10trampolineEP10CThunkBase
                0x08003664       0x2a C:/mbedOffline44/Datas/MbedOS2/TARGET_NUCLEO_F446RE/TOOLCHAIN_GCC_ARM\libmbed.a(SerialBase.o)
                0x08003664                CThunk<mbed::SerialBase>::trampoline(CThunkBase*)
 *fill*         0x0800368e        0x2 
 .text._ZN4mbed10SerialBase12_irq_handlerEm9SerialIrq
                0x08003690       0x38 C:/mbedOffline44/Datas/MbedOS2/TARGET_NUCLEO_F446RE/TOOLCHAIN_GCC_ARM\libmbed.a(SerialBase.o)
                0x08003690                mbed::SerialBase::_irq_handler(unsigned long, SerialIrq)
 .text._ZN4mbed10SerialBase4baudEi
                0x080036c8       0x28 C:/mbedOffline44/Datas/MbedOS2/TARGET_NUCLEO_F446RE/TOOLCHAIN_GCC_ARM\libmbed.a(SerialBase.o)
                0x080036c8                mbed::SerialBase::baud(int)
 .text._ZN4mbed10SerialBase10_base_getcEv
                0x080036f0        0x6 C:/mbedOffline44/Datas/MbedOS2/TARGET_NUCLEO_F446RE/TOOLCHAIN_GCC_ARM\libmbed.a(SerialBase.o)
                0x080036f0                mbed::SerialBase::_base_getc()
 .text._ZN4mbed10SerialBase10_base_putcEi
                0x080036f6        0xe C:/mbedOffline44/Datas/MbedOS2/TARGET_NUCLEO_F446RE/TOOLCHAIN_GCC_ARM\libmbed.a(SerialBase.o)
                0x080036f6                mbed::SerialBase::_base_putc(int)
 .text._ZN4mbed8CallbackIFviEED2Ev
                0x08003704       0x10 C:/mbedOffline44/Datas/MbedOS2/TARGET_NUCLEO_F446RE/TOOLCHAIN_GCC_ARM\libmbed.a(SerialBase.o)
                0x08003704                mbed::Callback<void (int)>::~Callback()
                0x08003704                mbed::Callback<void (int)>::~Callback()
 .text._ZN4mbed8CallbackIFvvEED2Ev
                0x08003714       0x10 C:/mbedOffline44/Datas/MbedOS2/TARGET_NUCLEO_F446RE/TOOLCHAIN_GCC_ARM\libmbed.a(SerialBase.o)
                0x08003714                mbed::Callback<void ()>::~Callback()
                0x08003714                mbed::Callback<void ()>::~Callback()
 .text._ZN4mbed8CallbackIFvvEEaSERKS2_
                0x08003724       0x24 C:/mbedOffline44/Datas/MbedOS2/TARGET_NUCLEO_F446RE/TOOLCHAIN_GCC_ARM\libmbed.a(SerialBase.o)
                0x08003724                mbed::Callback<void ()>::operator=(mbed::Callback<void ()> const&)
 .text._ZN4mbed10SerialBaseC2E7PinNameS1_i
                0x08003748       0xcc C:/mbedOffline44/Datas/MbedOS2/TARGET_NUCLEO_F446RE/TOOLCHAIN_GCC_ARM\libmbed.a(SerialBase.o)
                0x08003748                mbed::SerialBase::SerialBase(PinName, PinName, int)
                0x08003748                mbed::SerialBase::SerialBase(PinName, PinName, int)
 .text._ZN4mbed10SerialBase6attachENS_8CallbackIFvvEEENS0_7IrqTypeE
                0x08003814       0x74 C:/mbedOffline44/Datas/MbedOS2/TARGET_NUCLEO_F446RE/TOOLCHAIN_GCC_ARM\libmbed.a(SerialBase.o)
                0x08003814                mbed::SerialBase::attach(mbed::Callback<void ()>, mbed::SerialBase::IrqType)
 .text._ZN4mbed10SerialBaseD2Ev
                0x08003888       0x74 C:/mbedOffline44/Datas/MbedOS2/TARGET_NUCLEO_F446RE/TOOLCHAIN_GCC_ARM\libmbed.a(SerialBase.o)
                0x08003888                mbed::SerialBase::~SerialBase()
                0x08003888                mbed::SerialBase::~SerialBase()
 .text._ZN4mbed10SerialBaseD0Ev
                0x080038fc       0x12 C:/mbedOffline44/Datas/MbedOS2/TARGET_NUCLEO_F446RE/TOOLCHAIN_GCC_ARM\libmbed.a(SerialBase.o)
                0x080038fc                mbed::SerialBase::~SerialBase()
 .text._ZN4mbed5TimerD2Ev
                0x0800390e       0x20 C:/mbedOffline44/Datas/MbedOS2/TARGET_NUCLEO_F446RE/TOOLCHAIN_GCC_ARM\libmbed.a(Timer.o)
                0x0800390e                mbed::Timer::~Timer()
                0x0800390e                mbed::Timer::~Timer()
 .text._ZN4mbed5Timer5startEv
                0x0800392e       0x2a C:/mbedOffline44/Datas/MbedOS2/TARGET_NUCLEO_F446RE/TOOLCHAIN_GCC_ARM\libmbed.a(Timer.o)
                0x0800392e                mbed::Timer::start()
 .text._ZN4mbed5Timer9slicetimeEv
                0x08003958       0x2c C:/mbedOffline44/Datas/MbedOS2/TARGET_NUCLEO_F446RE/TOOLCHAIN_GCC_ARM\libmbed.a(Timer.o)
                0x08003958                mbed::Timer::slicetime()
 .text._ZN4mbed5Timer23read_high_resolution_usEv
                0x08003984       0x20 C:/mbedOffline44/Datas/MbedOS2/TARGET_NUCLEO_F446RE/TOOLCHAIN_GCC_ARM\libmbed.a(Timer.o)
                0x08003984                mbed::Timer::read_high_resolution_us()
 .text._ZN4mbed5Timer7read_msEv
                0x080039a4       0x12 C:/mbedOffline44/Datas/MbedOS2/TARGET_NUCLEO_F446RE/TOOLCHAIN_GCC_ARM\libmbed.a(Timer.o)
                0x080039a4                mbed::Timer::read_ms()
 .text._ZN4mbed5Timer5resetEv
                0x080039b6       0x22 C:/mbedOffline44/Datas/MbedOS2/TARGET_NUCLEO_F446RE/TOOLCHAIN_GCC_ARM\libmbed.a(Timer.o)
                0x080039b6                mbed::Timer::reset()
 .text._ZN4mbed5TimerC2Ev
                0x080039d8       0x28 C:/mbedOffline44/Datas/MbedOS2/TARGET_NUCLEO_F446RE/TOOLCHAIN_GCC_ARM\libmbed.a(Timer.o)
                0x080039d8                mbed::Timer::Timer()
                0x080039d8                mbed::Timer::Timer()
 .text._gpio_init_out.part.2
                0x08003a00       0x28 C:/mbedOffline44/Datas/MbedOS2/TARGET_NUCLEO_F446RE/TOOLCHAIN_GCC_ARM\libmbed.a(mbed_gpio.o)
 .text.gpio_init_out_ex
                0x08003a28       0x20 C:/mbedOffline44/Datas/MbedOS2/TARGET_NUCLEO_F446RE/TOOLCHAIN_GCC_ARM\libmbed.a(mbed_gpio.o)
                0x08003a28                gpio_init_out_ex
 .text.gpio_init_out
                0x08003a48        0x6 C:/mbedOffline44/Datas/MbedOS2/TARGET_NUCLEO_F446RE/TOOLCHAIN_GCC_ARM\libmbed.a(mbed_gpio.o)
                0x08003a48                gpio_init_out
 *fill*         0x08003a4e        0x2 
 .text.pinmap_pinout
                0x08003a50       0x48 C:/mbedOffline44/Datas/MbedOS2/TARGET_NUCLEO_F446RE/TOOLCHAIN_GCC_ARM\libmbed.a(mbed_pinmap_common.o)
                0x08003a50                pinmap_pinout
 .text.pinmap_merge
                0x08003a98       0x30 C:/mbedOffline44/Datas/MbedOS2/TARGET_NUCLEO_F446RE/TOOLCHAIN_GCC_ARM\libmbed.a(mbed_pinmap_common.o)
                0x08003a98                pinmap_merge
 .text.pinmap_find_peripheral
                0x08003ac8       0x18 C:/mbedOffline44/Datas/MbedOS2/TARGET_NUCLEO_F446RE/TOOLCHAIN_GCC_ARM\libmbed.a(mbed_pinmap_common.o)
                0x08003ac8                pinmap_find_peripheral
 .text.pinmap_peripheral
                0x08003ae0       0x2c C:/mbedOffline44/Datas/MbedOS2/TARGET_NUCLEO_F446RE/TOOLCHAIN_GCC_ARM\libmbed.a(mbed_pinmap_common.o)
                0x08003ae0                pinmap_peripheral
 .text.pinmap_find_function
                0x08003b0c       0x18 C:/mbedOffline44/Datas/MbedOS2/TARGET_NUCLEO_F446RE/TOOLCHAIN_GCC_ARM\libmbed.a(mbed_pinmap_common.o)
                0x08003b0c                pinmap_find_function
 .text.pinmap_function
                0x08003b24       0x2c C:/mbedOffline44/Datas/MbedOS2/TARGET_NUCLEO_F446RE/TOOLCHAIN_GCC_ARM\libmbed.a(mbed_pinmap_common.o)
                0x08003b24                pinmap_function
 .text.update_present_time
                0x08003b50      0x100 C:/mbedOffline44/Datas/MbedOS2/TARGET_NUCLEO_F446RE/TOOLCHAIN_GCC_ARM\libmbed.a(mbed_ticker_api.o)
 .text._ticker_match_interval_passed
                0x08003c50       0x28 C:/mbedOffline44/Datas/MbedOS2/TARGET_NUCLEO_F446RE/TOOLCHAIN_GCC_ARM\libmbed.a(mbed_ticker_api.o)
                0x08003c50                _ticker_match_interval_passed
 .text.schedule_interrupt
                0x08003c78      0x100 C:/mbedOffline44/Datas/MbedOS2/TARGET_NUCLEO_F446RE/TOOLCHAIN_GCC_ARM\libmbed.a(mbed_ticker_api.o)
 .text.initialize
                0x08003d78       0xf4 C:/mbedOffline44/Datas/MbedOS2/TARGET_NUCLEO_F446RE/TOOLCHAIN_GCC_ARM\libmbed.a(mbed_ticker_api.o)
 .text.ticker_irq_handler
                0x08003e6c       0x64 C:/mbedOffline44/Datas/MbedOS2/TARGET_NUCLEO_F446RE/TOOLCHAIN_GCC_ARM\libmbed.a(mbed_ticker_api.o)
                0x08003e6c                ticker_irq_handler
 .text.ticker_read_us
                0x08003ed0       0x22 C:/mbedOffline44/Datas/MbedOS2/TARGET_NUCLEO_F446RE/TOOLCHAIN_GCC_ARM\libmbed.a(mbed_ticker_api.o)
                0x08003ed0                ticker_read_us
 .text.ticker_read
                0x08003ef2        0x8 C:/mbedOffline44/Datas/MbedOS2/TARGET_NUCLEO_F446RE/TOOLCHAIN_GCC_ARM\libmbed.a(mbed_ticker_api.o)
                0x08003ef2                ticker_read
 *fill*         0x08003efa        0x2 
 .text.get_us_ticker_data
                0x08003efc        0x8 C:/mbedOffline44/Datas/MbedOS2/TARGET_NUCLEO_F446RE/TOOLCHAIN_GCC_ARM\libmbed.a(mbed_us_ticker_api.o)
                0x08003efc                get_us_ticker_data
 .text.us_ticker_irq_handler
                0x08003f04       0x14 C:/mbedOffline44/Datas/MbedOS2/TARGET_NUCLEO_F446RE/TOOLCHAIN_GCC_ARM\libmbed.a(mbed_us_ticker_api.o)
                0x08003f04                us_ticker_irq_handler
 .text._ZN10CThunkBase11cthunk_freeEPFvvE
                0x08003f18       0x10 C:/mbedOffline44/Datas/MbedOS2/TARGET_NUCLEO_F446RE/TOOLCHAIN_GCC_ARM\libmbed.a(CThunkBase.o)
                0x08003f18                CThunkBase::cthunk_free(void (*)())
 .text._ZN4mbed8FilePathC2EPKc
                0x08003f28       0x54 C:/mbedOffline44/Datas/MbedOS2/TARGET_NUCLEO_F446RE/TOOLCHAIN_GCC_ARM\libmbed.a(FilePath.o)
                0x08003f28                mbed::FilePath::FilePath(char const*)
                0x08003f28                mbed::FilePath::FilePath(char const*)
 .text._ZN4mbed8FilePath8fileNameEv
                0x08003f7c        0x4 C:/mbedOffline44/Datas/MbedOS2/TARGET_NUCLEO_F446RE/TOOLCHAIN_GCC_ARM\libmbed.a(FilePath.o)
                0x08003f7c                mbed::FilePath::fileName()
 .text._ZN4mbed8FilePath12isFileSystemEv
                0x08003f80       0x12 C:/mbedOffline44/Datas/MbedOS2/TARGET_NUCLEO_F446RE/TOOLCHAIN_GCC_ARM\libmbed.a(FilePath.o)
                0x08003f80                mbed::FilePath::isFileSystem()
 .text._ZN4mbed8FilePath10fileSystemEv
                0x08003f92       0x12 C:/mbedOffline44/Datas/MbedOS2/TARGET_NUCLEO_F446RE/TOOLCHAIN_GCC_ARM\libmbed.a(FilePath.o)
                0x08003f92                mbed::FilePath::fileSystem()
 .text._ZN4mbed8FilePath6isFileEv
                0x08003fa4       0x12 C:/mbedOffline44/Datas/MbedOS2/TARGET_NUCLEO_F446RE/TOOLCHAIN_GCC_ARM\libmbed.a(FilePath.o)
                0x08003fa4                mbed::FilePath::isFile()
 .text._ZN4mbed8FilePath4fileEv
                0x08003fb6       0x12 C:/mbedOffline44/Datas/MbedOS2/TARGET_NUCLEO_F446RE/TOOLCHAIN_GCC_ARM\libmbed.a(FilePath.o)
                0x08003fb6                mbed::FilePath::file()
 .text._ZN4mbed8FilePath6existsEv
                0x08003fc8        0xa C:/mbedOffline44/Datas/MbedOS2/TARGET_NUCLEO_F446RE/TOOLCHAIN_GCC_ARM\libmbed.a(FilePath.o)
                0x08003fc8                mbed::FilePath::exists()
 .text._ZN4mbed10FileHandle6isattyEv
                0x08003fd2        0x4 C:/mbedOffline44/Datas/MbedOS2/TARGET_NUCLEO_F446RE/TOOLCHAIN_GCC_ARM\libmbed.a(Stream.o)
                0x08003fd2                mbed::FileHandle::isatty()
 .text._ZN4mbed6Stream4lockEv
                0x08003fd6        0x2 C:/mbedOffline44/Datas/MbedOS2/TARGET_NUCLEO_F446RE/TOOLCHAIN_GCC_ARM\libmbed.a(Stream.o)
                0x08003fd6                mbed::Stream::lock()
 .text._ZN4mbed6Stream6unlockEv
                0x08003fd8        0x2 C:/mbedOffline44/Datas/MbedOS2/TARGET_NUCLEO_F446RE/TOOLCHAIN_GCC_ARM\libmbed.a(Stream.o)
                0x08003fd8                mbed::Stream::unlock()
 .text._ZN4mbed6Stream5writeEPKvj
                0x08003fda       0x30 C:/mbedOffline44/Datas/MbedOS2/TARGET_NUCLEO_F446RE/TOOLCHAIN_GCC_ARM\libmbed.a(Stream.o)
                0x08003fda                mbed::Stream::write(void const*, unsigned int)
 .text._ZN4mbed6Stream4readEPvj
                0x0800400a       0x32 C:/mbedOffline44/Datas/MbedOS2/TARGET_NUCLEO_F446RE/TOOLCHAIN_GCC_ARM\libmbed.a(Stream.o)
                0x0800400a                mbed::Stream::read(void*, unsigned int)
 .text._ZN4mbed6Stream4seekEli
                0x0800403c        0x4 C:/mbedOffline44/Datas/MbedOS2/TARGET_NUCLEO_F446RE/TOOLCHAIN_GCC_ARM\libmbed.a(Stream.o)
                0x0800403c                mbed::Stream::seek(long, int)
 .text._ZN4mbed6Stream6rewindEv
                0x08004040        0x2 C:/mbedOffline44/Datas/MbedOS2/TARGET_NUCLEO_F446RE/TOOLCHAIN_GCC_ARM\libmbed.a(Stream.o)
                0x08004040                mbed::Stream::rewind()
 .text._ZN4mbed6Stream4syncEv
                0x08004042        0x4 C:/mbedOffline44/Datas/MbedOS2/TARGET_NUCLEO_F446RE/TOOLCHAIN_GCC_ARM\libmbed.a(Stream.o)
                0x08004042                mbed::Stream::isatty()
                0x08004042                mbed::Stream::sync()
                0x08004042                mbed::Stream::close()
 .text._ZN4mbed6Stream4sizeEv
                0x08004046        0x4 C:/mbedOffline44/Datas/MbedOS2/TARGET_NUCLEO_F446RE/TOOLCHAIN_GCC_ARM\libmbed.a(Stream.o)
                0x08004046                mbed::Stream::tell()
                0x08004046                mbed::Stream::size()
 *fill*         0x0800404a        0x2 
 .text._ZN4mbed8FileLikeD2Ev
                0x0800404c       0x24 C:/mbedOffline44/Datas/MbedOS2/TARGET_NUCLEO_F446RE/TOOLCHAIN_GCC_ARM\libmbed.a(Stream.o)
                0x0800404c                mbed::FileLike::~FileLike()
                0x0800404c                mbed::FileLike::~FileLike()
                0x08004068                non-virtual thunk to mbed::FileLike::~FileLike()
 .text._ZN4mbed8FileLikeD0Ev
                0x08004070       0x18 C:/mbedOffline44/Datas/MbedOS2/TARGET_NUCLEO_F446RE/TOOLCHAIN_GCC_ARM\libmbed.a(Stream.o)
                0x08004070                mbed::FileLike::~FileLike()
                0x08004082                non-virtual thunk to mbed::FileLike::~FileLike()
 .text._ZN4mbed6StreamC2EPKc
                0x08004088       0x54 C:/mbedOffline44/Datas/MbedOS2/TARGET_NUCLEO_F446RE/TOOLCHAIN_GCC_ARM\libmbed.a(Stream.o)
                0x08004088                mbed::Stream::Stream(char const*)
                0x08004088                mbed::Stream::Stream(char const*)
 .text._ZN4mbed6StreamD2Ev
                0x080040dc       0x24 C:/mbedOffline44/Datas/MbedOS2/TARGET_NUCLEO_F446RE/TOOLCHAIN_GCC_ARM\libmbed.a(Stream.o)
                0x080040dc                mbed::Stream::~Stream()
                0x080040dc                mbed::Stream::~Stream()
 .text._ZN4mbed6Stream4getcEv
                0x08004100       0x24 C:/mbedOffline44/Datas/MbedOS2/TARGET_NUCLEO_F446RE/TOOLCHAIN_GCC_ARM\libmbed.a(Stream.o)
                0x08004100                mbed::Stream::getc()
 .text._ZN4mbed6Stream6printfEPKcz
                0x08004124       0x3e C:/mbedOffline44/Datas/MbedOS2/TARGET_NUCLEO_F446RE/TOOLCHAIN_GCC_ARM\libmbed.a(Stream.o)
                0x08004124                mbed::Stream::printf(char const*, ...)
 *fill*         0x08004162        0x2 
 .text.mbed_assert_internal
                0x08004164       0x20 C:/mbedOffline44/Datas/MbedOS2/TARGET_NUCLEO_F446RE/TOOLCHAIN_GCC_ARM\libmbed.a(mbed_assert.o)
                0x08004164                mbed_assert_internal
 .text.core_util_are_interrupts_enabled
                0x08004184        0xc C:/mbedOffline44/Datas/MbedOS2/TARGET_NUCLEO_F446RE/TOOLCHAIN_GCC_ARM\libmbed.a(mbed_critical.o)
                0x08004184                core_util_are_interrupts_enabled
 .text.core_util_is_isr_active
                0x08004190        0xc C:/mbedOffline44/Datas/MbedOS2/TARGET_NUCLEO_F446RE/TOOLCHAIN_GCC_ARM\libmbed.a(mbed_critical.o)
                0x08004190                core_util_is_isr_active
 .text.core_util_critical_section_enter
                0x0800419c       0x2c C:/mbedOffline44/Datas/MbedOS2/TARGET_NUCLEO_F446RE/TOOLCHAIN_GCC_ARM\libmbed.a(mbed_critical.o)
                0x0800419c                core_util_critical_section_enter
 .text.core_util_critical_section_exit
                0x080041c8       0x1c C:/mbedOffline44/Datas/MbedOS2/TARGET_NUCLEO_F446RE/TOOLCHAIN_GCC_ARM\libmbed.a(mbed_critical.o)
                0x080041c8                core_util_critical_section_exit
 .text.core_util_atomic_flag_test_and_set
                0x080041e4       0x18 C:/mbedOffline44/Datas/MbedOS2/TARGET_NUCLEO_F446RE/TOOLCHAIN_GCC_ARM\libmbed.a(mbed_critical.o)
                0x080041e4                core_util_atomic_flag_test_and_set
 .text.core_util_atomic_incr_u16
                0x080041fc       0x14 C:/mbedOffline44/Datas/MbedOS2/TARGET_NUCLEO_F446RE/TOOLCHAIN_GCC_ARM\libmbed.a(mbed_critical.o)
                0x080041fc                core_util_atomic_incr_u16
 .text.core_util_atomic_decr_u16
                0x08004210       0x14 C:/mbedOffline44/Datas/MbedOS2/TARGET_NUCLEO_F446RE/TOOLCHAIN_GCC_ARM\libmbed.a(mbed_critical.o)
                0x08004210                core_util_atomic_decr_u16
 .text.mbed_halt_system
                0x08004224       0x34 C:/mbedOffline44/Datas/MbedOS2/TARGET_NUCLEO_F446RE/TOOLCHAIN_GCC_ARM\libmbed.a(mbed_error.o)
 .text.handle_error.isra.0
                0x08004258       0x70 C:/mbedOffline44/Datas/MbedOS2/TARGET_NUCLEO_F446RE/TOOLCHAIN_GCC_ARM\libmbed.a(mbed_error.o)
 .text.print_error_report.constprop.1
                0x080042c8      0x104 C:/mbedOffline44/Datas/MbedOS2/TARGET_NUCLEO_F446RE/TOOLCHAIN_GCC_ARM\libmbed.a(mbed_error.o)
 .text.error    0x080043cc       0x40 C:/mbedOffline44/Datas/MbedOS2/TARGET_NUCLEO_F446RE/TOOLCHAIN_GCC_ARM\libmbed.a(mbed_error.o)
                0x080043cc                error
 .text.mbed_error
                0x0800440c       0x30 C:/mbedOffline44/Datas/MbedOS2/TARGET_NUCLEO_F446RE/TOOLCHAIN_GCC_ARM\libmbed.a(mbed_error.o)
                0x0800440c                mbed_error
 .text.sleep_manager_lock_deep_sleep_internal
                0x0800443c       0x44 C:/mbedOffline44/Datas/MbedOS2/TARGET_NUCLEO_F446RE/TOOLCHAIN_GCC_ARM\libmbed.a(mbed_sleep_manager.o)
                0x0800443c                sleep_manager_lock_deep_sleep_internal
 .text.sleep_manager_unlock_deep_sleep_internal
                0x08004480       0x3c C:/mbedOffline44/Datas/MbedOS2/TARGET_NUCLEO_F446RE/TOOLCHAIN_GCC_ARM\libmbed.a(mbed_sleep_manager.o)
                0x08004480                sleep_manager_unlock_deep_sleep_internal
 .text.wait_us  0x080044bc       0x1e C:/mbedOffline44/Datas/MbedOS2/TARGET_NUCLEO_F446RE/TOOLCHAIN_GCC_ARM\libmbed.a(mbed_wait_api_no_rtos.o)
                0x080044bc                wait_us
 *fill*         0x080044da        0x2 
 .text.hal_critical_section_enter
                0x080044dc       0x24 C:/mbedOffline44/Datas/MbedOS2/TARGET_NUCLEO_F446RE/TOOLCHAIN_GCC_ARM\libmbed.a(mbed_critical_section_api.o)
                0x080044dc                hal_critical_section_enter
 .text.hal_critical_section_exit
                0x08004500       0x34 C:/mbedOffline44/Datas/MbedOS2/TARGET_NUCLEO_F446RE/TOOLCHAIN_GCC_ARM\libmbed.a(mbed_critical_section_api.o)
                0x08004500                hal_critical_section_exit
 .text._ZN4mbed8FileBase11getPathTypeEv
                0x08004534        0x4 C:/mbedOffline44/Datas/MbedOS2/TARGET_NUCLEO_F446RE/TOOLCHAIN_GCC_ARM\libmbed.a(FileBase.o)
                0x08004534                mbed::FileBase::getPathType()
 .text._ZN4mbed8FileBaseC2EPKcNS_8PathTypeE
                0x08004538       0x3c C:/mbedOffline44/Datas/MbedOS2/TARGET_NUCLEO_F446RE/TOOLCHAIN_GCC_ARM\libmbed.a(FileBase.o)
                0x08004538                mbed::FileBase::FileBase(char const*, mbed::PathType)
                0x08004538                mbed::FileBase::FileBase(char const*, mbed::PathType)
 .text._ZN4mbed8FileBaseD2Ev
                0x08004574       0x5c C:/mbedOffline44/Datas/MbedOS2/TARGET_NUCLEO_F446RE/TOOLCHAIN_GCC_ARM\libmbed.a(FileBase.o)
                0x08004574                mbed::FileBase::~FileBase()
                0x08004574                mbed::FileBase::~FileBase()
 .text._ZN4mbed8FileBaseD0Ev
                0x080045d0       0x12 C:/mbedOffline44/Datas/MbedOS2/TARGET_NUCLEO_F446RE/TOOLCHAIN_GCC_ARM\libmbed.a(FileBase.o)
                0x080045d0                mbed::FileBase::~FileBase()
 *fill*         0x080045e2        0x2 
 .text._ZN4mbed8FileBase6lookupEPKcj
                0x080045e4       0x68 C:/mbedOffline44/Datas/MbedOS2/TARGET_NUCLEO_F446RE/TOOLCHAIN_GCC_ARM\libmbed.a(FileBase.o)
                0x080045e4                mbed::FileBase::lookup(char const*, unsigned int)
 .text._ZN4mbed10FileHandle4sizeEv
                0x0800464c       0x32 C:/mbedOffline44/Datas/MbedOS2/TARGET_NUCLEO_F446RE/TOOLCHAIN_GCC_ARM\libmbed.a(FileHandle.o)
                0x0800464c                mbed::FileHandle::size()
 *fill*         0x0800467e        0x2 
 .text.atof     0x08004680        0x8 c:/mbedoffline44/gcc-arm-none-eabi-6-2017-q2-update-win32/bin/../lib/gcc/arm-none-eabi/6.3.1/../../../../arm-none-eabi/lib/thumb/v7e-m/fpv4-sp/softfp\libc.a(lib_a-atof.o)
                0x08004680                atof
 .text.__errno  0x08004688        0xc c:/mbedoffline44/gcc-arm-none-eabi-6-2017-q2-update-win32/bin/../lib/gcc/arm-none-eabi/6.3.1/../../../../arm-none-eabi/lib/thumb/v7e-m/fpv4-sp/softfp\libc.a(lib_a-errno.o)
                0x08004688                __errno
 .text._fclose_r
                0x08004694       0xc4 c:/mbedoffline44/gcc-arm-none-eabi-6-2017-q2-update-win32/bin/../lib/gcc/arm-none-eabi/6.3.1/../../../../arm-none-eabi/lib/thumb/v7e-m/fpv4-sp/softfp\libc.a(lib_a-fclose.o)
                0x08004694                _fclose_r
 .text.fclose   0x08004758       0x10 c:/mbedoffline44/gcc-arm-none-eabi-6-2017-q2-update-win32/bin/../lib/gcc/arm-none-eabi/6.3.1/../../../../arm-none-eabi/lib/thumb/v7e-m/fpv4-sp/softfp\libc.a(lib_a-fclose.o)
                0x08004758                fclose
 .text.__sflush_r
                0x08004768      0x140 c:/mbedoffline44/gcc-arm-none-eabi-6-2017-q2-update-win32/bin/../lib/gcc/arm-none-eabi/6.3.1/../../../../arm-none-eabi/lib/thumb/v7e-m/fpv4-sp/softfp\libc.a(lib_a-fflush.o)
                0x08004768                __sflush_r
 .text._fflush_r
                0x080048a8       0x54 c:/mbedoffline44/gcc-arm-none-eabi-6-2017-q2-update-win32/bin/../lib/gcc/arm-none-eabi/6.3.1/../../../../arm-none-eabi/lib/thumb/v7e-m/fpv4-sp/softfp\libc.a(lib_a-fflush.o)
                0x080048a8                _fflush_r
 .text.fflush   0x080048fc       0x24 c:/mbedoffline44/gcc-arm-none-eabi-6-2017-q2-update-win32/bin/../lib/gcc/arm-none-eabi/6.3.1/../../../../arm-none-eabi/lib/thumb/v7e-m/fpv4-sp/softfp\libc.a(lib_a-fflush.o)
                0x080048fc                fflush
 .text.fgetc    0x08004920       0x70 c:/mbedoffline44/gcc-arm-none-eabi-6-2017-q2-update-win32/bin/../lib/gcc/arm-none-eabi/6.3.1/../../../../arm-none-eabi/lib/thumb/v7e-m/fpv4-sp/softfp\libc.a(lib_a-fgetc.o)
                0x08004920                fgetc
 .text._cleanup_r
                0x08004990        0xc c:/mbedoffline44/gcc-arm-none-eabi-6-2017-q2-update-win32/bin/../lib/gcc/arm-none-eabi/6.3.1/../../../../arm-none-eabi/lib/thumb/v7e-m/fpv4-sp/softfp\libc.a(lib_a-findfp.o)
                0x08004990                _cleanup_r
 .text.std.isra.0
                0x0800499c       0x50 c:/mbedoffline44/gcc-arm-none-eabi-6-2017-q2-update-win32/bin/../lib/gcc/arm-none-eabi/6.3.1/../../../../arm-none-eabi/lib/thumb/v7e-m/fpv4-sp/softfp\libc.a(lib_a-findfp.o)
 .text.__sfmoreglue
                0x080049ec       0x30 c:/mbedoffline44/gcc-arm-none-eabi-6-2017-q2-update-win32/bin/../lib/gcc/arm-none-eabi/6.3.1/../../../../arm-none-eabi/lib/thumb/v7e-m/fpv4-sp/softfp\libc.a(lib_a-findfp.o)
                0x080049ec                __sfmoreglue
 .text.__sinit  0x08004a1c       0x58 c:/mbedoffline44/gcc-arm-none-eabi-6-2017-q2-update-win32/bin/../lib/gcc/arm-none-eabi/6.3.1/../../../../arm-none-eabi/lib/thumb/v7e-m/fpv4-sp/softfp\libc.a(lib_a-findfp.o)
                0x08004a1c                __sinit
 .text.__sfp    0x08004a74       0xa8 c:/mbedoffline44/gcc-arm-none-eabi-6-2017-q2-update-win32/bin/../lib/gcc/arm-none-eabi/6.3.1/../../../../arm-none-eabi/lib/thumb/v7e-m/fpv4-sp/softfp\libc.a(lib_a-findfp.o)
                0x08004a74                __sfp
 .text.__sfp_lock_acquire
                0x08004b1c        0xc c:/mbedoffline44/gcc-arm-none-eabi-6-2017-q2-update-win32/bin/../lib/gcc/arm-none-eabi/6.3.1/../../../../arm-none-eabi/lib/thumb/v7e-m/fpv4-sp/softfp\libc.a(lib_a-findfp.o)
                0x08004b1c                __sfp_lock_acquire
 .text.__sfp_lock_release
                0x08004b28        0xc c:/mbedoffline44/gcc-arm-none-eabi-6-2017-q2-update-win32/bin/../lib/gcc/arm-none-eabi/6.3.1/../../../../arm-none-eabi/lib/thumb/v7e-m/fpv4-sp/softfp\libc.a(lib_a-findfp.o)
                0x08004b28                __sfp_lock_release
 .text._fopen_r
                0x08004b34       0xc0 c:/mbedoffline44/gcc-arm-none-eabi-6-2017-q2-update-win32/bin/../lib/gcc/arm-none-eabi/6.3.1/../../../../arm-none-eabi/lib/thumb/v7e-m/fpv4-sp/softfp\libc.a(lib_a-fopen.o)
                0x08004b34                _fopen_r
 .text.fopen    0x08004bf4       0x10 c:/mbedoffline44/gcc-arm-none-eabi-6-2017-q2-update-win32/bin/../lib/gcc/arm-none-eabi/6.3.1/../../../../arm-none-eabi/lib/thumb/v7e-m/fpv4-sp/softfp\libc.a(lib_a-fopen.o)
                0x08004bf4                fopen
 .text._fseek_r
                0x08004c04        0x4 c:/mbedoffline44/gcc-arm-none-eabi-6-2017-q2-update-win32/bin/../lib/gcc/arm-none-eabi/6.3.1/../../../../arm-none-eabi/lib/thumb/v7e-m/fpv4-sp/softfp\libc.a(lib_a-fseek.o)
                0x08004c04                _fseek_r
 .text.fseek    0x08004c08       0x18 c:/mbedoffline44/gcc-arm-none-eabi-6-2017-q2-update-win32/bin/../lib/gcc/arm-none-eabi/6.3.1/../../../../arm-none-eabi/lib/thumb/v7e-m/fpv4-sp/softfp\libc.a(lib_a-fseek.o)
                0x08004c08                fseek
 .text._fseeko_r
                0x08004c20      0x328 c:/mbedoffline44/gcc-arm-none-eabi-6-2017-q2-update-win32/bin/../lib/gcc/arm-none-eabi/6.3.1/../../../../arm-none-eabi/lib/thumb/v7e-m/fpv4-sp/softfp\libc.a(lib_a-fseeko.o)
                0x08004c20                _fseeko_r
 .text._fstat_r
                0x08004f48       0x28 c:/mbedoffline44/gcc-arm-none-eabi-6-2017-q2-update-win32/bin/../lib/gcc/arm-none-eabi/6.3.1/../../../../arm-none-eabi/lib/thumb/v7e-m/fpv4-sp/softfp\libc.a(lib_a-fstatr.o)
                0x08004f48                _fstat_r
 .text.__sfvwrite_r
                0x08004f70      0x2f0 c:/mbedoffline44/gcc-arm-none-eabi-6-2017-q2-update-win32/bin/../lib/gcc/arm-none-eabi/6.3.1/../../../../arm-none-eabi/lib/thumb/v7e-m/fpv4-sp/softfp\libc.a(lib_a-fvwrite.o)
                0x08004f70                __sfvwrite_r
 .text._fwalk   0x08005260       0x4c c:/mbedoffline44/gcc-arm-none-eabi-6-2017-q2-update-win32/bin/../lib/gcc/arm-none-eabi/6.3.1/../../../../arm-none-eabi/lib/thumb/v7e-m/fpv4-sp/softfp\libc.a(lib_a-fwalk.o)
                0x08005260                _fwalk
 .text._fwalk_reent
                0x080052ac       0x54 c:/mbedoffline44/gcc-arm-none-eabi-6-2017-q2-update-win32/bin/../lib/gcc/arm-none-eabi/6.3.1/../../../../arm-none-eabi/lib/thumb/v7e-m/fpv4-sp/softfp\libc.a(lib_a-fwalk.o)
                0x080052ac                _fwalk_reent
 .text.__libc_init_array
                0x08005300       0x50 c:/mbedoffline44/gcc-arm-none-eabi-6-2017-q2-update-win32/bin/../lib/gcc/arm-none-eabi/6.3.1/../../../../arm-none-eabi/lib/thumb/v7e-m/fpv4-sp/softfp\libc.a(lib_a-init.o)
                0x08005300                __libc_init_array
 .text.__retarget_lock_init_recursive
                0x08005350        0x4 c:/mbedoffline44/gcc-arm-none-eabi-6-2017-q2-update-win32/bin/../lib/gcc/arm-none-eabi/6.3.1/../../../../arm-none-eabi/lib/thumb/v7e-m/fpv4-sp/softfp\libc.a(lib_a-lock.o)
                0x08005350                __retarget_lock_init_recursive
 .text.__retarget_lock_close_recursive
                0x08005354        0x4 c:/mbedoffline44/gcc-arm-none-eabi-6-2017-q2-update-win32/bin/../lib/gcc/arm-none-eabi/6.3.1/../../../../arm-none-eabi/lib/thumb/v7e-m/fpv4-sp/softfp\libc.a(lib_a-lock.o)
                0x08005354                __retarget_lock_close_recursive
 .text.__retarget_lock_acquire_recursive
                0x08005358        0x4 c:/mbedoffline44/gcc-arm-none-eabi-6-2017-q2-update-win32/bin/../lib/gcc/arm-none-eabi/6.3.1/../../../../arm-none-eabi/lib/thumb/v7e-m/fpv4-sp/softfp\libc.a(lib_a-lock.o)
                0x08005358                __retarget_lock_acquire_recursive
 .text.__retarget_lock_release_recursive
                0x0800535c        0x4 c:/mbedoffline44/gcc-arm-none-eabi-6-2017-q2-update-win32/bin/../lib/gcc/arm-none-eabi/6.3.1/../../../../arm-none-eabi/lib/thumb/v7e-m/fpv4-sp/softfp\libc.a(lib_a-lock.o)
                0x0800535c                __retarget_lock_release_recursive
 .text.__swhatbuf_r
                0x08005360       0x5c c:/mbedoffline44/gcc-arm-none-eabi-6-2017-q2-update-win32/bin/../lib/gcc/arm-none-eabi/6.3.1/../../../../arm-none-eabi/lib/thumb/v7e-m/fpv4-sp/softfp\libc.a(lib_a-makebuf.o)
                0x08005360                __swhatbuf_r
 .text.__smakebuf_r
                0x080053bc       0x94 c:/mbedoffline44/gcc-arm-none-eabi-6-2017-q2-update-win32/bin/../lib/gcc/arm-none-eabi/6.3.1/../../../../arm-none-eabi/lib/thumb/v7e-m/fpv4-sp/softfp\libc.a(lib_a-makebuf.o)
                0x080053bc                __smakebuf_r
 .text.malloc   0x08005450       0x10 c:/mbedoffline44/gcc-arm-none-eabi-6-2017-q2-update-win32/bin/../lib/gcc/arm-none-eabi/6.3.1/../../../../arm-none-eabi/lib/thumb/v7e-m/fpv4-sp/softfp\libc.a(lib_a-malloc.o)
                0x08005450                malloc
 .text.free     0x08005460       0x10 c:/mbedoffline44/gcc-arm-none-eabi-6-2017-q2-update-win32/bin/../lib/gcc/arm-none-eabi/6.3.1/../../../../arm-none-eabi/lib/thumb/v7e-m/fpv4-sp/softfp\libc.a(lib_a-malloc.o)
                0x08005460                free
 .text          0x08005470       0xa0 c:/mbedoffline44/gcc-arm-none-eabi-6-2017-q2-update-win32/bin/../lib/gcc/arm-none-eabi/6.3.1/../../../../arm-none-eabi/lib/thumb/v7e-m/fpv4-sp/softfp\libc.a(lib_a-memchr.o)
                0x08005470                memchr
 .text.memcmp   0x08005510       0x60 c:/mbedoffline44/gcc-arm-none-eabi-6-2017-q2-update-win32/bin/../lib/gcc/arm-none-eabi/6.3.1/../../../../arm-none-eabi/lib/thumb/v7e-m/fpv4-sp/softfp\libc.a(lib_a-memcmp.o)
                0x08005510                memcmp
 .text          0x08005570      0x134 c:/mbedoffline44/gcc-arm-none-eabi-6-2017-q2-update-win32/bin/../lib/gcc/arm-none-eabi/6.3.1/../../../../arm-none-eabi/lib/thumb/v7e-m/fpv4-sp/softfp\libc.a(lib_a-memcpy.o)
                0x08005570                memcpy
 .text.memmove  0x080056a4       0xc8 c:/mbedoffline44/gcc-arm-none-eabi-6-2017-q2-update-win32/bin/../lib/gcc/arm-none-eabi/6.3.1/../../../../arm-none-eabi/lib/thumb/v7e-m/fpv4-sp/softfp\libc.a(lib_a-memmove.o)
                0x080056a4                memmove
 .text.memset   0x0800576c       0x9c c:/mbedoffline44/gcc-arm-none-eabi-6-2017-q2-update-win32/bin/../lib/gcc/arm-none-eabi/6.3.1/../../../../arm-none-eabi/lib/thumb/v7e-m/fpv4-sp/softfp\libc.a(lib_a-memset.o)
                0x0800576c                memset
 .text._open_r  0x08005808       0x2c c:/mbedoffline44/gcc-arm-none-eabi-6-2017-q2-update-win32/bin/../lib/gcc/arm-none-eabi/6.3.1/../../../../arm-none-eabi/lib/thumb/v7e-m/fpv4-sp/softfp\libc.a(lib_a-openr.o)
                0x08005808                _open_r
 .text.lflush   0x08005834       0x14 c:/mbedoffline44/gcc-arm-none-eabi-6-2017-q2-update-win32/bin/../lib/gcc/arm-none-eabi/6.3.1/../../../../arm-none-eabi/lib/thumb/v7e-m/fpv4-sp/softfp\libc.a(lib_a-refill.o)
 .text.__srefill_r
                0x08005848      0x114 c:/mbedoffline44/gcc-arm-none-eabi-6-2017-q2-update-win32/bin/../lib/gcc/arm-none-eabi/6.3.1/../../../../arm-none-eabi/lib/thumb/v7e-m/fpv4-sp/softfp\libc.a(lib_a-refill.o)
                0x08005848                __srefill_r
 .text.__srget_r
                0x0800595c       0x34 c:/mbedoffline44/gcc-arm-none-eabi-6-2017-q2-update-win32/bin/../lib/gcc/arm-none-eabi/6.3.1/../../../../arm-none-eabi/lib/thumb/v7e-m/fpv4-sp/softfp\libc.a(lib_a-rget.o)
                0x0800595c                __srget_r
 .text.setbuf   0x08005990       0x10 c:/mbedoffline44/gcc-arm-none-eabi-6-2017-q2-update-win32/bin/../lib/gcc/arm-none-eabi/6.3.1/../../../../arm-none-eabi/lib/thumb/v7e-m/fpv4-sp/softfp\libc.a(lib_a-setbuf.o)
                0x08005990                setbuf
 .text.setvbuf  0x080059a0      0x190 c:/mbedoffline44/gcc-arm-none-eabi-6-2017-q2-update-win32/bin/../lib/gcc/arm-none-eabi/6.3.1/../../../../arm-none-eabi/lib/thumb/v7e-m/fpv4-sp/softfp\libc.a(lib_a-setvbuf.o)
                0x080059a0                setvbuf
 .text.__sread  0x08005b30       0x24 c:/mbedoffline44/gcc-arm-none-eabi-6-2017-q2-update-win32/bin/../lib/gcc/arm-none-eabi/6.3.1/../../../../arm-none-eabi/lib/thumb/v7e-m/fpv4-sp/softfp\libc.a(lib_a-stdio.o)
                0x08005b30                __sread
 .text.__swrite
                0x08005b54       0x3c c:/mbedoffline44/gcc-arm-none-eabi-6-2017-q2-update-win32/bin/../lib/gcc/arm-none-eabi/6.3.1/../../../../arm-none-eabi/lib/thumb/v7e-m/fpv4-sp/softfp\libc.a(lib_a-stdio.o)
                0x08005b54                __swrite
 .text.__sseek  0x08005b90       0x20 c:/mbedoffline44/gcc-arm-none-eabi-6-2017-q2-update-win32/bin/../lib/gcc/arm-none-eabi/6.3.1/../../../../arm-none-eabi/lib/thumb/v7e-m/fpv4-sp/softfp\libc.a(lib_a-stdio.o)
                0x08005b90                __sseek
 .text.__sclose