Archive member included to satisfy reference by file (symbol)

C:/mbedOffline44/Datas/MbedOS2/TARGET_NUCLEO_F446RE/TOOLCHAIN_GCC_ARM\libmbed.a(Serial.o)
                              BUILD/NUCLEO_F446RE/GCC_ARM/main.o (mbed::Serial::Serial(PinName, PinName, char const*, int))
C:/mbedOffline44/Datas/MbedOS2/TARGET_NUCLEO_F446RE/TOOLCHAIN_GCC_ARM\libmbed.a(SerialBase.o)
                              C:/mbedOffline44/Datas/MbedOS2/TARGET_NUCLEO_F446RE/TOOLCHAIN_GCC_ARM\libmbed.a(Serial.o) (mbed::SerialBase::_base_getc())
C:/mbedOffline44/Datas/MbedOS2/TARGET_NUCLEO_F446RE/TOOLCHAIN_GCC_ARM\libmbed.a(mbed_gpio.o)
                              BUILD/NUCLEO_F446RE/GCC_ARM/main.o (gpio_init_out)
C:/mbedOffline44/Datas/MbedOS2/TARGET_NUCLEO_F446RE/TOOLCHAIN_GCC_ARM\libmbed.a(mbed_lp_ticker_api.o)
                              C:/mbedOffline44/Datas/MbedOS2/TARGET_NUCLEO_F446RE/TOOLCHAIN_GCC_ARM/rtc_api.o (lp_ticker_irq_handler)
C:/mbedOffline44/Datas/MbedOS2/TARGET_NUCLEO_F446RE/TOOLCHAIN_GCC_ARM\libmbed.a(mbed_lp_ticker_wrapper.o)
                              C:/mbedOffline44/Datas/MbedOS2/TARGET_NUCLEO_F446RE/TOOLCHAIN_GCC_ARM\libmbed.a(mbed_lp_ticker_api.o) (lp_ticker_wrapper_irq_handler)
C:/mbedOffline44/Datas/MbedOS2/TARGET_NUCLEO_F446RE/TOOLCHAIN_GCC_ARM\libmbed.a(mbed_pinmap_common.o)
                              C:/mbedOffline44/Datas/MbedOS2/TARGET_NUCLEO_F446RE/TOOLCHAIN_GCC_ARM/analogin_device.o (pinmap_pinout)
C:/mbedOffline44/Datas/MbedOS2/TARGET_NUCLEO_F446RE/TOOLCHAIN_GCC_ARM\libmbed.a(mbed_ticker_api.o)
                              C:/mbedOffline44/Datas/MbedOS2/TARGET_NUCLEO_F446RE/TOOLCHAIN_GCC_ARM\libmbed.a(mbed_lp_ticker_api.o) (ticker_irq_handler)
C:/mbedOffline44/Datas/MbedOS2/TARGET_NUCLEO_F446RE/TOOLCHAIN_GCC_ARM\libmbed.a(mbed_us_ticker_api.o)
                              C:/mbedOffline44/Datas/MbedOS2/TARGET_NUCLEO_F446RE/TOOLCHAIN_GCC_ARM/hal_tick_overrides.o (get_us_ticker_data)
C:/mbedOffline44/Datas/MbedOS2/TARGET_NUCLEO_F446RE/TOOLCHAIN_GCC_ARM\libmbed.a(CThunkBase.o)
                              C:/mbedOffline44/Datas/MbedOS2/TARGET_NUCLEO_F446RE/TOOLCHAIN_GCC_ARM\libmbed.a(SerialBase.o) (CThunkBase::cthunk_alloc(CThunkBase*))
C:/mbedOffline44/Datas/MbedOS2/TARGET_NUCLEO_F446RE/TOOLCHAIN_GCC_ARM\libmbed.a(FilePath.o)
                              C:/mbedOffline44/Datas/MbedOS2/TARGET_NUCLEO_F446RE/TOOLCHAIN_GCC_ARM/mbed_retarget.o (mbed::FilePath::FilePath(char const*))
C:/mbedOffline44/Datas/MbedOS2/TARGET_NUCLEO_F446RE/TOOLCHAIN_GCC_ARM\libmbed.a(Stream.o)
                              C:/mbedOffline44/Datas/MbedOS2/TARGET_NUCLEO_F446RE/TOOLCHAIN_GCC_ARM\libmbed.a(Serial.o) (mbed::Stream::write(void const*, unsigned int))
C:/mbedOffline44/Datas/MbedOS2/TARGET_NUCLEO_F446RE/TOOLCHAIN_GCC_ARM\libmbed.a(mbed_assert.o)
                              C:/mbedOffline44/Datas/MbedOS2/TARGET_NUCLEO_F446RE/TOOLCHAIN_GCC_ARM/analogin_device.o (mbed_assert_internal)
C:/mbedOffline44/Datas/MbedOS2/TARGET_NUCLEO_F446RE/TOOLCHAIN_GCC_ARM\libmbed.a(mbed_critical.o)
                              BUILD/NUCLEO_F446RE/GCC_ARM/main.o (core_util_critical_section_enter)
C:/mbedOffline44/Datas/MbedOS2/TARGET_NUCLEO_F446RE/TOOLCHAIN_GCC_ARM\libmbed.a(mbed_error.o)
                              C:/mbedOffline44/Datas/MbedOS2/TARGET_NUCLEO_F446RE/TOOLCHAIN_GCC_ARM/analogin_device.o (error)
C:/mbedOffline44/Datas/MbedOS2/TARGET_NUCLEO_F446RE/TOOLCHAIN_GCC_ARM\libmbed.a(mbed_mktime.o)
                              C:/mbedOffline44/Datas/MbedOS2/TARGET_NUCLEO_F446RE/TOOLCHAIN_GCC_ARM/rtc_api.o (_rtc_maketime)
C:/mbedOffline44/Datas/MbedOS2/TARGET_NUCLEO_F446RE/TOOLCHAIN_GCC_ARM\libmbed.a(mbed_poll.o)
                              C:/mbedOffline44/Datas/MbedOS2/TARGET_NUCLEO_F446RE/TOOLCHAIN_GCC_ARM/mbed_retarget.o (mbed::poll(mbed::pollfh*, unsigned int, int))
C:/mbedOffline44/Datas/MbedOS2/TARGET_NUCLEO_F446RE/TOOLCHAIN_GCC_ARM\libmbed.a(mbed_sleep_manager.o)
                              BUILD/NUCLEO_F446RE/GCC_ARM/main.o (sleep_manager_lock_deep_sleep_internal)
C:/mbedOffline44/Datas/MbedOS2/TARGET_NUCLEO_F446RE/TOOLCHAIN_GCC_ARM\libmbed.a(mbed_wait_api_no_rtos.o)
                              C:/mbedOffline44/Datas/MbedOS2/TARGET_NUCLEO_F446RE/TOOLCHAIN_GCC_ARM/i2c_api.o (wait_us)
C:/mbedOffline44/Datas/MbedOS2/TARGET_NUCLEO_F446RE/TOOLCHAIN_GCC_ARM\libmbed.a(Timer.o)
                              C:/mbedOffline44/Datas/MbedOS2/TARGET_NUCLEO_F446RE/TOOLCHAIN_GCC_ARM\libmbed.a(mbed_poll.o) (mbed::Timer::~Timer())
C:/mbedOffline44/Datas/MbedOS2/TARGET_NUCLEO_F446RE/TOOLCHAIN_GCC_ARM\libmbed.a(LowPowerTickerWrapper.o)
                              C:/mbedOffline44/Datas/MbedOS2/TARGET_NUCLEO_F446RE/TOOLCHAIN_GCC_ARM\libmbed.a(mbed_lp_ticker_wrapper.o) (LowPowerTickerWrapper::irq_handler(void (*)(ticker_data_t const*)))
C:/mbedOffline44/Datas/MbedOS2/TARGET_NUCLEO_F446RE/TOOLCHAIN_GCC_ARM\libmbed.a(mbed_critical_section_api.o)
[...]
Memory Configuration

Name             Origin             Length             Attributes
FLASH            0x08000000         0x00080000         xr
RAM              0x200001c8         0x0001fe38         xrw
*default*        0x00000000         0xffffffff

Linker script and memory map

LOAD c:/mbedoffline44/gcc-arm-none-eabi-6-2017-q2-update-win32/bin/../lib/gcc/arm-none-eabi/6.3.1/thumb/v7e-m/fpv4-sp/softfp/crti.o
LOAD c:/mbedoffline44/gcc-arm-none-eabi-6-2017-q2-update-win32/bin/../lib/gcc/arm-none-eabi/6.3.1/thumb/v7e-m/fpv4-sp/softfp/crtbegin.o
LOAD c:/mbedoffline44/gcc-arm-none-eabi-6-2017-q2-update-win32/bin/../lib/gcc/arm-none-eabi/6.3.1/../../../../arm-none-eabi/lib/thumb/v7e-m/fpv4-sp/softfp/crt0.o
LOAD BUILD/NUCLEO_F446RE/GCC_ARM/main.o
LOAD C:/mbedOffline44/Datas/MbedOS2/TARGET_NUCLEO_F446RE/TOOLCHAIN_GCC_ARM/PeripheralPins.o
LOAD C:/mbedOffline44/Datas/MbedOS2/TARGET_NUCLEO_F446RE/TOOLCHAIN_GCC_ARM/analogin_api.o
LOAD C:/mbedOffline44/Datas/MbedOS2/TARGET_NUCLEO_F446RE/TOOLCHAIN_GCC_ARM/analogin_device.o
LOAD C:/mbedOffline44/Datas/MbedOS2/TARGET_NUCLEO_F446RE/TOOLCHAIN_GCC_ARM/analogout_api.o
LOAD C:/mbedOffline44/Datas/MbedOS2/TARGET_NUCLEO_F446RE/TOOLCHAIN_GCC_ARM/analogout_device.o
LOAD C:/mbedOffline44/Datas/MbedOS2/TARGET_NUCLEO_F446RE/TOOLCHAIN_GCC_ARM/can_api.o
LOAD C:/mbedOffline44/Datas/MbedOS2/TARGET_NUCLEO_F446RE/TOOLCHAIN_GCC_ARM/except.o
LOAD C:/mbedOffline44/Datas/MbedOS2/TARGET_NUCLEO_F446RE/TOOLCHAIN_GCC_ARM/flash_api.o
LOAD C:/mbedOffline44/Datas/MbedOS2/TARGET_NUCLEO_F446RE/TOOLCHAIN_GCC_ARM/gpio_api.o
LOAD C:/mbedOffline44/Datas/MbedOS2/TARGET_NUCLEO_F446RE/TOOLCHAIN_GCC_ARM/gpio_irq_api.o
LOAD C:/mbedOffline44/Datas/MbedOS2/TARGET_NUCLEO_F446RE/TOOLCHAIN_GCC_ARM/gpio_irq_device.o
LOAD C:/mbedOffline44/Datas/MbedOS2/TARGET_NUCLEO_F446RE/TOOLCHAIN_GCC_ARM/hal_tick_overrides.o
LOAD C:/mbedOffline44/Datas/MbedOS2/TARGET_NUCLEO_F446RE/TOOLCHAIN_GCC_ARM/i2c_api.o
LOAD C:/mbedOffline44/Datas/MbedOS2/TARGET_NUCLEO_F446RE/TOOLCHAIN_GCC_ARM/lp_ticker.o
LOAD C:/mbedOffline44/Datas/MbedOS2/TARGET_NUCLEO_F446RE/TOOLCHAIN_GCC_ARM/mbed_board.o
LOAD C:/mbedOffline44/Datas/MbedOS2/TARGET_NUCLEO_F446RE/TOOLCHAIN_GCC_ARM/mbed_crc_api.o
LOAD C:/mbedOffline44/Datas/MbedOS2/TARGET_NUCLEO_F446RE/TOOLCHAIN_GCC_ARM/mbed_fault_handler.o
LOAD C:/mbedOffline44/Datas/MbedOS2/TARGET_NUCLEO_F446RE/TOOLCHAIN_GCC_ARM/mbed_overrides.o
LOAD C:/mbedOffline44/Datas/MbedOS2/TARGET_NUCLEO_F446RE/TOOLCHAIN_GCC_ARM/mbed_retarget.o
LOAD C:/mbedOffline44/Datas/MbedOS2/TARGET_NUCLEO_F446RE/TOOLCHAIN_GCC_ARM/mbed_sdk_boot.o
LOAD C:/mbedOffline44/Datas/MbedOS2/TARGET_NUCLEO_F446RE/TOOLCHAIN_GCC_ARM/mbed_tz_context.o
LOAD C:/mbedOffline44/Datas/MbedOS2/TARGET_NUCLEO_F446RE/TOOLCHAIN_GCC_ARM/pinmap.o
LOAD C:/mbedOffline44/Datas/MbedOS2/TARGET_NUCLEO_F446RE/TOOLCHAIN_GCC_ARM/port_api.o
LOAD C:/mbedOffline44/Datas/MbedOS2/TARGET_NUCLEO_F446RE/TOOLCHAIN_GCC_ARM/pwmout_api.o
LOAD C:/mbedOffline44/Datas/MbedOS2/TARGET_NUCLEO_F446RE/TOOLCHAIN_GCC_ARM/pwmout_device.o
LOAD C:/mbedOffline44/Datas/MbedOS2/TARGET_NUCLEO_F446RE/TOOLCHAIN_GCC_ARM/qspi_api.o
LOAD C:/mbedOffline44/Datas/MbedOS2/TARGET_NUCLEO_F446RE/TOOLCHAIN_GCC_ARM/rtc_api.o
LOAD C:/mbedOffline44/Datas/MbedOS2/TARGET_NUCLEO_F446RE/TOOLCHAIN_GCC_ARM/serial_api.o
LOAD C:/mbedOffline44/Datas/MbedOS2/TARGET_NUCLEO_F446RE/TOOLCHAIN_GCC_ARM/serial_device.o
LOAD C:/mbedOffline44/Datas/MbedOS2/TARGET_NUCLEO_F446RE/TOOLCHAIN_GCC_ARM/sleep.o
LOAD C:/mbedOffline44/Datas/MbedOS2/TARGET_NUCLEO_F446RE/TOOLCHAIN_GCC_ARM/spi_api.o
LOAD C:/mbedOffline44/Datas/MbedOS2/TARGET_NUCLEO_F446RE/TOOLCHAIN_GCC_ARM/startup_stm32f446xx.o
LOAD C:/mbedOffline44/Datas/MbedOS2/TARGET_NUCLEO_F446RE/TOOLCHAIN_GCC_ARM/stm32f4xx_hal.o
LOAD C:/mbedOffline44/Datas/MbedOS2/TARGET_NUCLEO_F446RE/TOOLCHAIN_GCC_ARM/stm32f4xx_hal_adc.o
LOAD C:/mbedOffline44/Datas/MbedOS2/TARGET_NUCLEO_F446RE/TOOLCHAIN_GCC_ARM/stm32f4xx_hal_adc_ex.o
LOAD C:/mbedOffline44/Datas/MbedOS2/TARGET_NUCLEO_F446RE/TOOLCHAIN_GCC_ARM/stm32f4xx_hal_can.o
LOAD C:/mbedOffline44/Datas/MbedOS2/TARGET_NUCLEO_F446RE/TOOLCHAIN_GCC_ARM/stm32f4xx_hal_can_legacy.o
LOAD C:/mbedOffline44/Datas/MbedOS2/TARGET_NUCLEO_F446RE/TOOLCHAIN_GCC_ARM/stm32f4xx_hal_cec.o
LOAD C:/mbedOffline44/Datas/MbedOS2/TARGET_NUCLEO_F446RE/TOOLCHAIN_GCC_ARM/stm32f4xx_hal_cortex.o
LOAD C:/mbedOffline44/Datas/MbedOS2/TARGET_NUCLEO_F446RE/TOOLCHAIN_GCC_ARM/stm32f4xx_hal_crc.o
LOAD C:/mbedOffline44/Datas/MbedOS2/TARGET_NUCLEO_F446RE/TOOLCHAIN_GCC_ARM/stm32f4xx_hal_cryp.o
LOAD C:/mbedOffline44/Datas/MbedOS2/TARGET_NUCLEO_F446RE/TOOLCHAIN_GCC_ARM/stm32f4xx_hal_cryp_ex.o
LOAD C:/mbedOffline44/Datas/MbedOS2/TARGET_NUCLEO_F446RE/TOOLCHAIN_GCC_ARM/stm32f4xx_hal_dac.o
LOAD C:/mbedOffline44/Datas/MbedOS2/TARGET_NUCLEO_F446RE/TOOLCHAIN_GCC_ARM/stm32f4xx_hal_dac_ex.o
LOAD C:/mbedOffline44/Datas/MbedOS2/TARGET_NUCLEO_F446RE/TOOLCHAIN_GCC_ARM/stm32f4xx_hal_dcmi.o
LOAD C:/mbedOffline44/Datas/MbedOS2/TARGET_NUCLEO_F446RE/TOOLCHAIN_GCC_ARM/stm32f4xx_hal_dcmi_ex.o
LOAD C:/mbedOffline44/Datas/MbedOS2/TARGET_NUCLEO_F446RE/TOOLCHAIN_GCC_ARM/stm32f4xx_hal_dfsdm.o
LOAD C:/mbedOffline44/Datas/MbedOS2/TARGET_NUCLEO_F446RE/TOOLCHAIN_GCC_ARM/stm32f4xx_hal_dma.o
LOAD C:/mbedOffline44/Datas/MbedOS2/TARGET_NUCLEO_F446RE/TOOLCHAIN_GCC_ARM/stm32f4xx_hal_dma2d.o
LOAD C:/mbedOffline44/Datas/MbedOS2/TARGET_NUCLEO_F446RE/TOOLCHAIN_GCC_ARM/stm32f4xx_hal_dma_ex.o
LOAD C:/mbedOffline44/Datas/MbedOS2/TARGET_NUCLEO_F446RE/TOOLCHAIN_GCC_ARM/stm32f4xx_hal_dsi.o
LOAD C:/mbedOffline44/Datas/MbedOS2/TARGET_NUCLEO_F446RE/TOOLCHAIN_GCC_ARM/stm32f4xx_hal_eth.o
LOAD C:/mbedOffline44/Datas/MbedOS2/TARGET_NUCLEO_F446RE/TOOLCHAIN_GCC_ARM/stm32f4xx_hal_flash.o
LOAD C:/mbedOffline44/Datas/MbedOS2/TARGET_NUCLEO_F446RE/TOOLCHAIN_GCC_ARM/stm32f4xx_hal_flash_ex.o
LOAD C:/mbedOffline44/Datas/MbedOS2/TARGET_NUCLEO_F446RE/TOOLCHAIN_GCC_ARM/stm32f4xx_hal_flash_ramfunc.o
LOAD C:/mbedOffline44/Datas/MbedOS2/TARGET_NUCLEO_F446RE/TOOLCHAIN_GCC_ARM/stm32f4xx_hal_fmpi2c.o
LOAD C:/mbedOffline44/Datas/MbedOS2/TARGET_NUCLEO_F446RE/TOOLCHAIN_GCC_ARM/stm32f4xx_hal_fmpi2c_ex.o
LOAD C:/mbedOffline44/Datas/MbedOS2/TARGET_NUCLEO_F446RE/TOOLCHAIN_GCC_ARM/stm32f4xx_hal_gpio.o
LOAD C:/mbedOffline44/Datas/MbedOS2/TARGET_NUCLEO_F446RE/TOOLCHAIN_GCC_ARM/stm32f4xx_hal_hash.o
LOAD C:/mbedOffline44/Datas/MbedOS2/TARGET_NUCLEO_F446RE/TOOLCHAIN_GCC_ARM/stm32f4xx_hal_hash_ex.o
LOAD C:/mbedOffline44/Datas/MbedOS2/TARGET_NUCLEO_F446RE/TOOLCHAIN_GCC_ARM/stm32f4xx_hal_hcd.o
LOAD C:/mbedOffline44/Datas/MbedOS2/TARGET_NUCLEO_F446RE/TOOLCHAIN_GCC_ARM/stm32f4xx_hal_i2c.o
LOAD C:/mbedOffline44/Datas/MbedOS2/TARGET_NUCLEO_F446RE/TOOLCHAIN_GCC_ARM/stm32f4xx_hal_i2c_ex.o
LOAD C:/mbedOffline44/Datas/MbedOS2/TARGET_NUCLEO_F446RE/TOOLCHAIN_GCC_ARM/stm32f4xx_hal_i2s.o
LOAD C:/mbedOffline44/Datas/MbedOS2/TARGET_NUCLEO_F446RE/TOOLCHAIN_GCC_ARM/stm32f4xx_hal_i2s_ex.o
LOAD C:/mbedOffline44/Datas/MbedOS2/TARGET_NUCLEO_F446RE/TOOLCHAIN_GCC_ARM/stm32f4xx_hal_irda.o
LOAD C:/mbedOffline44/Datas/MbedOS2/TARGET_NUCLEO_F446RE/TOOLCHAIN_GCC_ARM/stm32f4xx_hal_iwdg.o
LOAD C:/mbedOffline44/Datas/MbedOS2/TARGET_NUCLEO_F446RE/TOOLCHAIN_GCC_ARM/stm32f4xx_hal_lptim.o
LOAD C:/mbedOffline44/Datas/MbedOS2/TARGET_NUCLEO_F446RE/TOOLCHAIN_GCC_ARM/stm32f4xx_hal_ltdc.o
LOAD C:/mbedOffline44/Datas/MbedOS2/TARGET_NUCLEO_F446RE/TOOLCHAIN_GCC_ARM/stm32f4xx_hal_ltdc_ex.o
LOAD C:/mbedOffline44/Datas/MbedOS2/TARGET_NUCLEO_F446RE/TOOLCHAIN_GCC_ARM/stm32f4xx_hal_mmc.o
LOAD C:/mbedOffline44/Datas/MbedOS2/TARGET_NUCLEO_F446RE/TOOLCHAIN_GCC_ARM/stm32f4xx_hal_nand.o
LOAD C:/mbedOffline44/Datas/MbedOS2/TARGET_NUCLEO_F446RE/TOOLCHAIN_GCC_ARM/stm32f4xx_hal_nor.o
LOAD C:/mbedOffline44/Datas/MbedOS2/TARGET_NUCLEO_F446RE/TOOLCHAIN_GCC_ARM/stm32f4xx_hal_pccard.o
LOAD C:/mbedOffline44/Datas/MbedOS2/TARGET_NUCLEO_F446RE/TOOLCHAIN_GCC_ARM/stm32f4xx_hal_pcd.o
LOAD C:/mbedOffline44/Datas/MbedOS2/TARGET_NUCLEO_F446RE/TOOLCHAIN_GCC_ARM/stm32f4xx_hal_pcd_ex.o
LOAD C:/mbedOffline44/Datas/MbedOS2/TARGET_NUCLEO_F446RE/TOOLCHAIN_GCC_ARM/stm32f4xx_hal_pwr.o
LOAD C:/mbedOffline44/Datas/MbedOS2/TARGET_NUCLEO_F446RE/TOOLCHAIN_GCC_ARM/stm32f4xx_hal_pwr_ex.o
LOAD C:/mbedOffline44/Datas/MbedOS2/TARGET_NUCLEO_F446RE/TOOLCHAIN_GCC_ARM/stm32f4xx_hal_qspi.o
LOAD C:/mbedOffline44/Datas/MbedOS2/TARGET_NUCLEO_F446RE/TOOLCHAIN_GCC_ARM/stm32f4xx_hal_rcc.o
LOAD C:/mbedOffline44/Datas/MbedOS2/TARGET_NUCLEO_F446RE/TOOLCHAIN_GCC_ARM/stm32f4xx_hal_rcc_ex.o
LOAD C:/mbedOffline44/Datas/MbedOS2/TARGET_NUCLEO_F446RE/TOOLCHAIN_GCC_ARM/stm32f4xx_hal_rng.o
LOAD C:/mbedOffline44/Datas/MbedOS2/TARGET_NUCLEO_F446RE/TOOLCHAIN_GCC_ARM/stm32f4xx_hal_rtc.o
LOAD C:/mbedOffline44/Datas/MbedOS2/TARGET_NUCLEO_F446RE/TOOLCHAIN_GCC_ARM/stm32f4xx_hal_rtc_ex.o
LOAD C:/mbedOffline44/Datas/MbedOS2/TARGET_NUCLEO_F446RE/TOOLCHAIN_GCC_ARM/stm32f4xx_hal_sai.o
LOAD C:/mbedOffline44/Datas/MbedOS2/TARGET_NUCLEO_F446RE/TOOLCHAIN_GCC_ARM/stm32f4xx_hal_sai_ex.o
LOAD C:/mbedOffline44/Datas/MbedOS2/TARGET_NUCLEO_F446RE/TOOLCHAIN_GCC_ARM/stm32f4xx_hal_sd.o
LOAD C:/mbedOffline44/Datas/MbedOS2/TARGET_NUCLEO_F446RE/TOOLCHAIN_GCC_ARM/stm32f4xx_hal_sdram.o
LOAD C:/mbedOffline44/Datas/MbedOS2/TARGET_NUCLEO_F446RE/TOOLCHAIN_GCC_ARM/stm32f4xx_hal_smartcard.o
LOAD C:/mbedOffline44/Datas/MbedOS2/TARGET_NUCLEO_F446RE/TOOLCHAIN_GCC_ARM/stm32f4xx_hal_spdifrx.o
LOAD C:/mbedOffline44/Datas/MbedOS2/TARGET_NUCLEO_F446RE/TOOLCHAIN_GCC_ARM/stm32f4xx_hal_spi.o
LOAD C:/mbedOffline44/Datas/MbedOS2/TARGET_NUCLEO_F446RE/TOOLCHAIN_GCC_ARM/stm32f4xx_hal_sram.o
LOAD C:/mbedOffline44/Datas/MbedOS2/TARGET_NUCLEO_F446RE/TOOLCHAIN_GCC_ARM/stm32f4xx_hal_tim.o
LOAD C:/mbedOffline44/Datas/MbedOS2/TARGET_NUCLEO_F446RE/TOOLCHAIN_GCC_ARM/stm32f4xx_hal_tim_ex.o
LOAD C:/mbedOffline44/Datas/MbedOS2/TARGET_NUCLEO_F446RE/TOOLCHAIN_GCC_ARM/stm32f4xx_hal_uart.o
LOAD C:/mbedOffline44/Datas/MbedOS2/TARGET_NUCLEO_F446RE/TOOLCHAIN_GCC_ARM/stm32f4xx_hal_usart.o
LOAD C:/mbedOffline44/Datas/MbedOS2/TARGET_NUCLEO_F446RE/TOOLCHAIN_GCC_ARM/stm32f4xx_hal_wwdg.o
LOAD C:/mbedOffline44/Datas/MbedOS2/TARGET_NUCLEO_F446RE/TOOLCHAIN_GCC_ARM/stm32f4xx_ll_adc.o
LOAD C:/mbedOffline44/Datas/MbedOS2/TARGET_NUCLEO_F446RE/TOOLCHAIN_GCC_ARM/stm32f4xx_ll_crc.o
LOAD C:/mbedOffline44/Datas/MbedOS2/TARGET_NUCLEO_F446RE/TOOLCHAIN_GCC_ARM/stm32f4xx_ll_dac.o
LOAD C:/mbedOffline44/Datas/MbedOS2/TARGET_NUCLEO_F446RE/TOOLCHAIN_GCC_ARM/stm32f4xx_ll_dma.o
LOAD C:/mbedOffline44/Datas/MbedOS2/TARGET_NUCLEO_F446RE/TOOLCHAIN_GCC_ARM/stm32f4xx_ll_dma2d.o
LOAD C:/mbedOffline44/Datas/MbedOS2/TARGET_NUCLEO_F446RE/TOOLCHAIN_GCC_ARM/stm32f4xx_ll_exti.o
LOAD C:/mbedOffline44/Datas/MbedOS2/TARGET_NUCLEO_F446RE/TOOLCHAIN_GCC_ARM/stm32f4xx_ll_fmc.o
LOAD C:/mbedOffline44/Datas/MbedOS2/TARGET_NUCLEO_F446RE/TOOLCHAIN_GCC_ARM/stm32f4xx_ll_fsmc.o
LOAD C:/mbedOffline44/Datas/MbedOS2/TARGET_NUCLEO_F446RE/TOOLCHAIN_GCC_ARM/stm32f4xx_ll_gpio.o
LOAD C:/mbedOffline44/Datas/MbedOS2/TARGET_NUCLEO_F446RE/TOOLCHAIN_GCC_ARM/stm32f4xx_ll_i2c.o
LOAD C:/mbedOffline44/Datas/MbedOS2/TARGET_NUCLEO_F446RE/TOOLCHAIN_GCC_ARM/stm32f4xx_ll_lptim.o
LOAD C:/mbedOffline44/Datas/MbedOS2/TARGET_NUCLEO_F446RE/TOOLCHAIN_GCC_ARM/stm32f4xx_ll_pwr.o
LOAD C:/mbedOffline44/Datas/MbedOS2/TARGET_NUCLEO_F446RE/TOOLCHAIN_GCC_ARM/stm32f4xx_ll_rcc.o
LOAD C:/mbedOffline44/Datas/MbedOS2/TARGET_NUCLEO_F446RE/TOOLCHAIN_GCC_ARM/stm32f4xx_ll_rng.o
LOAD C:/mbedOffline44/Datas/MbedOS2/TARGET_NUCLEO_F446RE/TOOLCHAIN_GCC_ARM/stm32f4xx_ll_rtc.o
LOAD C:/mbedOffline44/Datas/MbedOS2/TARGET_NUCLEO_F446RE/TOOLCHAIN_GCC_ARM/stm32f4xx_ll_sdmmc.o
LOAD C:/mbedOffline44/Datas/MbedOS2/TARGET_NUCLEO_F446RE/TOOLCHAIN_GCC_ARM/stm32f4xx_ll_spi.o
LOAD C:/mbedOffline44/Datas/MbedOS2/TARGET_NUCLEO_F446RE/TOOLCHAIN_GCC_ARM/stm32f4xx_ll_tim.o
LOAD C:/mbedOffline44/Datas/MbedOS2/TARGET_NUCLEO_F446RE/TOOLCHAIN_GCC_ARM/stm32f4xx_ll_usart.o
LOAD C:/mbedOffline44/Datas/MbedOS2/TARGET_NUCLEO_F446RE/TOOLCHAIN_GCC_ARM/stm32f4xx_ll_usb.o
LOAD C:/mbedOffline44/Datas/MbedOS2/TARGET_NUCLEO_F446RE/TOOLCHAIN_GCC_ARM/stm32f4xx_ll_utils.o
LOAD C:/mbedOffline44/Datas/MbedOS2/TARGET_NUCLEO_F446RE/TOOLCHAIN_GCC_ARM/stm_spi_api.o
LOAD C:/mbedOffline44/Datas/MbedOS2/TARGET_NUCLEO_F446RE/TOOLCHAIN_GCC_ARM/system_clock.o
LOAD C:/mbedOffline44/Datas/MbedOS2/TARGET_NUCLEO_F446RE/TOOLCHAIN_GCC_ARM/system_stm32f4xx.o
LOAD C:/mbedOffline44/Datas/MbedOS2/TARGET_NUCLEO_F446RE/TOOLCHAIN_GCC_ARM/trng_api.o
LOAD C:/mbedOffline44/Datas/MbedOS2/TARGET_NUCLEO_F446RE/TOOLCHAIN_GCC_ARM/us_ticker.o
START GROUP
LOAD C:/mbedOffline44/Datas/MbedOS2/TARGET_NUCLEO_F446RE/TOOLCHAIN_GCC_ARM\libmbed.a
LOAD c:/mbedoffline44/gcc-arm-none-eabi-6-2017-q2-update-win32/bin/../lib/gcc/arm-none-eabi/6.3.1/../../../../arm-none-eabi/lib/thumb/v7e-m/fpv4-sp/softfp\libstdc++.a
LOAD c:/mbedoffline44/gcc-arm-none-eabi-6-2017-q2-update-win32/bin/../lib/gcc/arm-none-eabi/6.3.1/../../../../arm-none-eabi/lib/thumb/v7e-m/fpv4-sp/softfp\libsupc++.a
LOAD c:/mbedoffline44/gcc-arm-none-eabi-6-2017-q2-update-win32/bin/../lib/gcc/arm-none-eabi/6.3.1/../../../../arm-none-eabi/lib/thumb/v7e-m/fpv4-sp/softfp\libm.a
LOAD c:/mbedoffline44/gcc-arm-none-eabi-6-2017-q2-update-win32/bin/../lib/gcc/arm-none-eabi/6.3.1/../../../../arm-none-eabi/lib/thumb/v7e-m/fpv4-sp/softfp\libc.a
LOAD c:/mbedoffline44/gcc-arm-none-eabi-6-2017-q2-update-win32/bin/../lib/gcc/arm-none-eabi/6.3.1/thumb/v7e-m/fpv4-sp/softfp\libgcc.a
LOAD c:/mbedoffline44/gcc-arm-none-eabi-6-2017-q2-update-win32/bin/../lib/gcc/arm-none-eabi/6.3.1/../../../../arm-none-eabi/lib/thumb/v7e-m/fpv4-sp/softfp\libnosys.a
END GROUP
LOAD C:/mbedOffline44/Datas/MbedOS2/TARGET_NUCLEO_F446RE/TOOLCHAIN_GCC_ARM\libmbed.a
LOAD c:/mbedoffline44/gcc-arm-none-eabi-6-2017-q2-update-win32/bin/../lib/gcc/arm-none-eabi/6.3.1/../../../../arm-none-eabi/lib/thumb/v7e-m/fpv4-sp/softfp\libstdc++.a
LOAD c:/mbedoffline44/gcc-arm-none-eabi-6-2017-q2-update-win32/bin/../lib/gcc/arm-none-eabi/6.3.1/../../../../arm-none-eabi/lib/thumb/v7e-m/fpv4-sp/softfp\libsupc++.a
LOAD c:/mbedoffline44/gcc-arm-none-eabi-6-2017-q2-update-win32/bin/../lib/gcc/arm-none-eabi/6.3.1/../../../../arm-none-eabi/lib/thumb/v7e-m/fpv4-sp/softfp\libm.a
LOAD c:/mbedoffline44/gcc-arm-none-eabi-6-2017-q2-update-win32/bin/../lib/gcc/arm-none-eabi/6.3.1/../../../../arm-none-eabi/lib/thumb/v7e-m/fpv4-sp/softfp\libc.a
LOAD c:/mbedoffline44/gcc-arm-none-eabi-6-2017-q2-update-win32/bin/../lib/gcc/arm-none-eabi/6.3.1/thumb/v7e-m/fpv4-sp/softfp\libgcc.a
LOAD c:/mbedoffline44/gcc-arm-none-eabi-6-2017-q2-update-win32/bin/../lib/gcc/arm-none-eabi/6.3.1/../../../../arm-none-eabi/lib/thumb/v7e-m/fpv4-sp/softfp\libnosys.a
START GROUP
LOAD c:/mbedoffline44/gcc-arm-none-eabi-6-2017-q2-update-win32/bin/../lib/gcc/arm-none-eabi/6.3.1/thumb/v7e-m/fpv4-sp/softfp\libgcc.a
LOAD c:/mbedoffline44/gcc-arm-none-eabi-6-2017-q2-update-win32/bin/../lib/gcc/arm-none-eabi/6.3.1/../../../../arm-none-eabi/lib/thumb/v7e-m/fpv4-sp/softfp\libc.a
END GROUP
LOAD c:/mbedoffline44/gcc-arm-none-eabi-6-2017-q2-update-win32/bin/../lib/gcc/arm-none-eabi/6.3.1/thumb/v7e-m/fpv4-sp/softfp/crtend.o
LOAD c:/mbedoffline44/gcc-arm-none-eabi-6-2017-q2-update-win32/bin/../lib/gcc/arm-none-eabi/6.3.1/thumb/v7e-m/fpv4-sp/softfp/crtn.o

.text           0x08000000     0xcc64
 *(.isr_vector)
 .isr_vector    0x08000000      0x1c4 C:/mbedOffline44/Datas/MbedOS2/TARGET_NUCLEO_F446RE/TOOLCHAIN_GCC_ARM/startup_stm32f446xx.o
                0x08000000                g_pfnVectors
 *(.text*)
 .text          0x080001c4       0x6c c:/mbedoffline44/gcc-arm-none-eabi-6-2017-q2-update-win32/bin/../lib/gcc/arm-none-eabi/6.3.1/thumb/v7e-m/fpv4-sp/softfp/crtbegin.o
 .text          0x08000230       0x74 c:/mbedoffline44/gcc-arm-none-eabi-6-2017-q2-update-win32/bin/../lib/gcc/arm-none-eabi/6.3.1/../../../../arm-none-eabi/lib/thumb/v7e-m/fpv4-sp/softfp/crt0.o
                0x08000230                _start
                0x08000230                _mainCRTStartup
 .text._ZN4mbed6SerialD2Ev
                0x080002a4       0x38 BUILD/NUCLEO_F446RE/GCC_ARM/main.o
                0x080002a4                mbed::Serial::~Serial()
                0x080002a4                mbed::Serial::~Serial()
                0x080002d0                non-virtual thunk to mbed::Serial::~Serial()
                0x080002d6                non-virtual thunk to mbed::Serial::~Serial()
 .text._ZN4mbed6PwmOutD2Ev
                0x080002dc       0x1c BUILD/NUCLEO_F446RE/GCC_ARM/main.o
                0x080002dc                mbed::PwmOut::~PwmOut()
                0x080002dc                mbed::PwmOut::~PwmOut()
 .text._ZN4mbed6PwmOut5writeEf
                0x080002f8       0x26 BUILD/NUCLEO_F446RE/GCC_ARM/main.o
                0x080002f8                mbed::PwmOut::write(float)
 *fill*         0x0800031e        0x2 
 .text.startup.main
                0x08000320       0x80 BUILD/NUCLEO_F446RE/GCC_ARM/main.o
                0x08000320                main
 .text._ZN4mbed6SerialD0Ev
                0x080003a0       0x1e BUILD/NUCLEO_F446RE/GCC_ARM/main.o
                0x080003a0                mbed::Serial::~Serial()
                0x080003b2                non-virtual thunk to mbed::Serial::~Serial()
                0x080003b8                non-virtual thunk to mbed::Serial::~Serial()
 *fill*         0x080003be        0x2 
 .text.startup._GLOBAL__sub_I_pc
                0x080003c0       0x98 BUILD/NUCLEO_F446RE/GCC_ARM/main.o
 .text.can_irq  0x08000458       0xf4 C:/mbedOffline44/Datas/MbedOS2/TARGET_NUCLEO_F446RE/TOOLCHAIN_GCC_ARM/can_api.o
 .text.CAN1_SCE_IRQHandler
                0x0800054c        0xc C:/mbedOffline44/Datas/MbedOS2/TARGET_NUCLEO_F446RE/TOOLCHAIN_GCC_ARM/can_api.o
                0x0800054c                CAN1_SCE_IRQHandler
 .text.CAN1_TX_IRQHandler
                0x08000558        0x4 C:/mbedOffline44/Datas/MbedOS2/TARGET_NUCLEO_F446RE/TOOLCHAIN_GCC_ARM/can_api.o
                0x08000558                CAN1_TX_IRQHandler
 .text.CAN1_RX0_IRQHandler
                0x0800055c        0x4 C:/mbedOffline44/Datas/MbedOS2/TARGET_NUCLEO_F446RE/TOOLCHAIN_GCC_ARM/can_api.o
                0x0800055c                CAN1_RX0_IRQHandler
 .text.CAN2_SCE_IRQHandler
                0x08000560        0xc C:/mbedOffline44/Datas/MbedOS2/TARGET_NUCLEO_F446RE/TOOLCHAIN_GCC_ARM/can_api.o
                0x08000560                CAN2_SCE_IRQHandler
 .text.CAN2_TX_IRQHandler
                0x0800056c        0x4 C:/mbedOffline44/Datas/MbedOS2/TARGET_NUCLEO_F446RE/TOOLCHAIN_GCC_ARM/can_api.o
                0x0800056c                CAN2_TX_IRQHandler
 .text.CAN2_RX0_IRQHandler
                0x08000570        0x4 C:/mbedOffline44/Datas/MbedOS2/TARGET_NUCLEO_F446RE/TOOLCHAIN_GCC_ARM/can_api.o
                0x08000570                CAN2_RX0_IRQHandler
 .text          0x08000574       0xc0 C:/mbedOffline44/Datas/MbedOS2/TARGET_NUCLEO_F446RE/TOOLCHAIN_GCC_ARM/except.o
                0x08000574                HardFault_Handler
                0x0800057a                MemManage_Handler
                0x08000580                BusFault_Handler
                0x08000586                UsageFault_Handler
                0x0800058c                Fault_Handler
 .text.LL_GPIO_SetPinMode
                0x08000634       0x2c C:/mbedOffline44/Datas/MbedOS2/TARGET_NUCLEO_F446RE/TOOLCHAIN_GCC_ARM/gpio_api.o
 .text.Set_GPIO_Clock
                0x08000660      0x10c C:/mbedOffline44/Datas/MbedOS2/TARGET_NUCLEO_F446RE/TOOLCHAIN_GCC_ARM/gpio_api.o
                0x08000660                Set_GPIO_Clock
 .text.gpio_set
                0x0800076c       0x2c C:/mbedOffline44/Datas/MbedOS2/TARGET_NUCLEO_F446RE/TOOLCHAIN_GCC_ARM/gpio_api.o
                0x0800076c                gpio_set
 .text.gpio_init
                0x08000798       0x40 C:/mbedOffline44/Datas/MbedOS2/TARGET_NUCLEO_F446RE/TOOLCHAIN_GCC_ARM/gpio_api.o
                0x08000798                gpio_init
 .text.gpio_mode
                0x080007d8        0x8 C:/mbedOffline44/Datas/MbedOS2/TARGET_NUCLEO_F446RE/TOOLCHAIN_GCC_ARM/gpio_api.o
                0x080007d8                gpio_mode
 .text.gpio_dir
                0x080007e0       0x10 C:/mbedOffline44/Datas/MbedOS2/TARGET_NUCLEO_F446RE/TOOLCHAIN_GCC_ARM/gpio_api.o
                0x080007e0                gpio_dir
 .text.HAL_InitTick
                0x080007f0        0xa C:/mbedOffline44/Datas/MbedOS2/TARGET_NUCLEO_F446RE/TOOLCHAIN_GCC_ARM/hal_tick_overrides.o
                0x080007f0                HAL_InitTick
 *fill*         0x080007fa        0x2 
 .text.HAL_GetTick
                0x080007fc       0x30 C:/mbedOffline44/Datas/MbedOS2/TARGET_NUCLEO_F446RE/TOOLCHAIN_GCC_ARM/hal_tick_overrides.o
                0x080007fc                HAL_GetTick
 .text.mbed_die
                0x0800082c       0x60 C:/mbedOffline44/Datas/MbedOS2/TARGET_NUCLEO_F446RE/TOOLCHAIN_GCC_ARM/mbed_board.o
                0x0800082c                mbed_die
 .text.mbed_error_puts
                0x0800088c       0x20 C:/mbedOffline44/Datas/MbedOS2/TARGET_NUCLEO_F446RE/TOOLCHAIN_GCC_ARM/mbed_board.o
                0x0800088c                mbed_error_puts
 .text.mbed_error_vprintf
                0x080008ac       0x34 C:/mbedOffline44/Datas/MbedOS2/TARGET_NUCLEO_F446RE/TOOLCHAIN_GCC_ARM/mbed_board.o
                0x080008ac                mbed_error_vprintf
 .text.mbed_error_printf
                0x080008e0       0x1a C:/mbedOffline44/Datas/MbedOS2/TARGET_NUCLEO_F446RE/TOOLCHAIN_GCC_ARM/mbed_board.o
                0x080008e0                mbed_error_printf
 *fill*         0x080008fa        0x2 
 .text.print_context_info
                0x080008fc       0xec C:/mbedOffline44/Datas/MbedOS2/TARGET_NUCLEO_F446RE/TOOLCHAIN_GCC_ARM/mbed_fault_handler.o
                0x080008fc                print_context_info
 .text.mbed_fault_handler
                0x080009e8       0x90 C:/mbedOffline44/Datas/MbedOS2/TARGET_NUCLEO_F446RE/TOOLCHAIN_GCC_ARM/mbed_fault_handler.o
                0x080009e8                mbed_fault_handler
 .text.mbed_sdk_init
                0x08000a78       0x20 C:/mbedOffline44/Datas/MbedOS2/TARGET_NUCLEO_F446RE/TOOLCHAIN_GCC_ARM/mbed_overrides.o
                0x08000a78                mbed_sdk_init
 .text._ZN4mbed10FileHandle4syncEv
                0x08000a98        0x4 C:/mbedOffline44/Datas/MbedOS2/TARGET_NUCLEO_F446RE/TOOLCHAIN_GCC_ARM/mbed_retarget.o
                0x08000a98                mbed::FileHandle::sync()
 .text._ZN4mbed10FileHandle4tellEv
                0x08000a9c        0xa C:/mbedOffline44/Datas/MbedOS2/TARGET_NUCLEO_F446RE/TOOLCHAIN_GCC_ARM/mbed_retarget.o
                0x08000a9c                mbed::FileHandle::tell()
 .text._ZN4mbed10FileHandle6rewindEv
                0x08000aa6        0xa C:/mbedOffline44/Datas/MbedOS2/TARGET_NUCLEO_F446RE/TOOLCHAIN_GCC_ARM/mbed_retarget.o
                0x08000aa6                mbed::FileHandle::rewind()
 .text._ZN4mbed10FileHandle5lseekEli
                0x08000ab0        0x6 C:/mbedOffline44/Datas/MbedOS2/TARGET_NUCLEO_F446RE/TOOLCHAIN_GCC_ARM/mbed_retarget.o
                0x08000ab0                mbed::FileHandle::lseek(long, int)
 .text._ZN4mbed10FileHandle5fsyncEv
                0x08000ab6        0x6 C:/mbedOffline44/Datas/MbedOS2/TARGET_NUCLEO_F446RE/TOOLCHAIN_GCC_ARM/mbed_retarget.o
                0x08000ab6                mbed::FileHandle::fsync()
 .text._ZN4mbed10FileHandle4flenEv
                0x08000abc        0x6 C:/mbedOffline44/Datas/MbedOS2/TARGET_NUCLEO_F446RE/TOOLCHAIN_GCC_ARM/mbed_retarget.o
                0x08000abc                mbed::FileHandle::flen()
 .text._ZN4mbed10FileHandle12set_blockingEb
                0x08000ac2        0xc C:/mbedOffline44/Datas/MbedOS2/TARGET_NUCLEO_F446RE/TOOLCHAIN_GCC_ARM/mbed_retarget.o
                0x08000ac2                mbed::FileHandle::set_blocking(bool)
 .text._ZNK4mbed10FileHandle11is_blockingEv
                0x08000ace        0x4 C:/mbedOffline44/Datas/MbedOS2/TARGET_NUCLEO_F446RE/TOOLCHAIN_GCC_ARM/mbed_retarget.o
                0x08000ace                mbed::FileHandle::is_blocking() const
 .text._ZNK4mbed10FileHandle4pollEs
                0x08000ad2        0x4 C:/mbedOffline44/Datas/MbedOS2/TARGET_NUCLEO_F446RE/TOOLCHAIN_GCC_ARM/mbed_retarget.o
                0x08000ad2                mbed::FileHandle::poll(short) const
 .text._ZN4mbed10FileHandle5sigioENS_8CallbackIFvvEEE
                0x08000ad6        0x2 C:/mbedOffline44/Datas/MbedOS2/TARGET_NUCLEO_F446RE/TOOLCHAIN_GCC_ARM/mbed_retarget.o
                0x08000ad6                mbed::FileHandle::sigio(mbed::Callback<void ()>)
 .text._ZN12DirectSerial4seekEli
                0x08000ad8        0x6 C:/mbedOffline44/Datas/MbedOS2/TARGET_NUCLEO_F446RE/TOOLCHAIN_GCC_ARM/mbed_retarget.o
                0x08000ad8                DirectSerial::seek(long, int)
 .text._ZN12DirectSerial4sizeEv
                0x08000ade        0x6 C:/mbedOffline44/Datas/MbedOS2/TARGET_NUCLEO_F446RE/TOOLCHAIN_GCC_ARM/mbed_retarget.o
                0x08000ade                DirectSerial::size()
 .text._ZN12DirectSerial6isattyEv
                0x08000ae4        0x4 C:/mbedOffline44/Datas/MbedOS2/TARGET_NUCLEO_F446RE/TOOLCHAIN_GCC_ARM/mbed_retarget.o
                0x08000ae4                DirectSerial::isatty()
 .text._ZN12DirectSerial5closeEv
                0x08000ae8        0x4 C:/mbedOffline44/Datas/MbedOS2/TARGET_NUCLEO_F446RE/TOOLCHAIN_GCC_ARM/mbed_retarget.o
                0x08000ae8                DirectSerial::close()
 .text._ZN12DirectSerialD2Ev
                0x08000aec        0x2 C:/mbedOffline44/Datas/MbedOS2/TARGET_NUCLEO_F446RE/TOOLCHAIN_GCC_ARM/mbed_retarget.o
                0x08000aec                DirectSerial::~DirectSerial()
                0x08000aec                DirectSerial::~DirectSerial()
 *fill*         0x08000aee        0x2 
 .text._ZN12DirectSerial5writeEPKvj
                0x08000af0       0x24 C:/mbedOffline44/Datas/MbedOS2/TARGET_NUCLEO_F446RE/TOOLCHAIN_GCC_ARM/mbed_retarget.o
                0x08000af0                DirectSerial::write(void const*, unsigned int)
 .text._ZNK12DirectSerial4pollEs
                0x08000b14       0x30 C:/mbedOffline44/Datas/MbedOS2/TARGET_NUCLEO_F446RE/TOOLCHAIN_GCC_ARM/mbed_retarget.o
                0x08000b14                DirectSerial::poll(short) const
 .text._ZN12DirectSerialD0Ev
                0x08000b44        0xc C:/mbedOffline44/Datas/MbedOS2/TARGET_NUCLEO_F446RE/TOOLCHAIN_GCC_ARM/mbed_retarget.o
                0x08000b44                DirectSerial::~DirectSerial()
 .text._ZN12DirectSerial4readEPvj
                0x08000b50       0x1c C:/mbedOffline44/Datas/MbedOS2/TARGET_NUCLEO_F446RE/TOOLCHAIN_GCC_ARM/mbed_retarget.o
                0x08000b50                DirectSerial::read(void*, unsigned int)
 .text._ZN12DirectSerialC2E7PinNameS0_i
                0x08000b6c       0x30 C:/mbedOffline44/Datas/MbedOS2/TARGET_NUCLEO_F446RE/TOOLCHAIN_GCC_ARM/mbed_retarget.o
                0x08000b6c                DirectSerial::DirectSerial(PinName, PinName, int)
                0x08000b6c                DirectSerial::DirectSerial(PinName, PinName, int)
 .text._ZN4mbed28mbed_target_override_consoleEi
                0x08000b9c        0x4 C:/mbedOffline44/Datas/MbedOS2/TARGET_NUCLEO_F446RE/TOOLCHAIN_GCC_ARM/mbed_retarget.o
                0x08000b9c                mbed::mbed_target_override_console(int)
 .text._ZN4mbed21mbed_override_consoleEi
                0x08000ba0        0x4 C:/mbedOffline44/Datas/MbedOS2/TARGET_NUCLEO_F446RE/TOOLCHAIN_GCC_ARM/mbed_retarget.o
                0x08000ba0                mbed::mbed_override_console(int)
 .text.__cxa_pure_virtual
                0x08000ba4        0x8 C:/mbedOffline44/Datas/MbedOS2/TARGET_NUCLEO_F446RE/TOOLCHAIN_GCC_ARM/mbed_retarget.o
                0x08000ba4                __cxa_pure_virtual
 .text._sbrk    0x08000bac       0x44 C:/mbedOffline44/Datas/MbedOS2/TARGET_NUCLEO_F446RE/TOOLCHAIN_GCC_ARM/mbed_retarget.o
                0x08000bac                _sbrk
 .text.__aeabi_atexit
                0x08000bf0        0x4 C:/mbedOffline44/Datas/MbedOS2/TARGET_NUCLEO_F446RE/TOOLCHAIN_GCC_ARM/mbed_retarget.o
                0x08000bf0                __aeabi_atexit
 .text.__wrap_atexit
                0x08000bf4        0x4 C:/mbedOffline44/Datas/MbedOS2/TARGET_NUCLEO_F446RE/TOOLCHAIN_GCC_ARM/mbed_retarget.o
                0x08000bf4                __wrap_atexit
 .text._ZN4mbed26mbed_set_unbuffered_streamEP7__sFILE
                0x08000bf8        0x6 C:/mbedOffline44/Datas/MbedOS2/TARGET_NUCLEO_F446RE/TOOLCHAIN_GCC_ARM/mbed_retarget.o
                0x08000bf8                mbed::mbed_set_unbuffered_stream(__sFILE*)
 .text.__rtos_malloc_lock
                0x08000bfe        0x2 C:/mbedOffline44/Datas/MbedOS2/TARGET_NUCLEO_F446RE/TOOLCHAIN_GCC_ARM/mbed_retarget.o
                0x08000bfe                __rtos_malloc_lock
 .text.__rtos_malloc_unlock
                0x08000c00        0x2 C:/mbedOffline44/Datas/MbedOS2/TARGET_NUCLEO_F446RE/TOOLCHAIN_GCC_ARM/mbed_retarget.o
                0x08000c00                __rtos_malloc_unlock
 .text.__malloc_lock
                0x08000c02        0x8 C:/mbedOffline44/Datas/MbedOS2/TARGET_NUCLEO_F446RE/TOOLCHAIN_GCC_ARM/mbed_retarget.o
                0x08000c02                __malloc_lock
 .text.__malloc_unlock
                0x08000c0a        0x8 C:/mbedOffline44/Datas/MbedOS2/TARGET_NUCLEO_F446RE/TOOLCHAIN_GCC_ARM/mbed_retarget.o
                0x08000c0a                __malloc_unlock
 *fill*         0x08000c12        0x2 
 .text.__cxa_guard_acquire
                0x08000c14       0x30 C:/mbedOffline44/Datas/MbedOS2/TARGET_NUCLEO_F446RE/TOOLCHAIN_GCC_ARM/mbed_retarget.o
                0x08000c14                __cxa_guard_acquire
 .text.__cxa_guard_release
                0x08000c44       0x2c C:/mbedOffline44/Datas/MbedOS2/TARGET_NUCLEO_F446RE/TOOLCHAIN_GCC_ARM/mbed_retarget.o
                0x08000c44                __cxa_guard_release
 .text._ZL7get_fhci
                0x08000c70       0x80 C:/mbedOffline44/Datas/MbedOS2/TARGET_NUCLEO_F446RE/TOOLCHAIN_GCC_ARM/mbed_retarget.o
 .text.close    0x08000cf0       0x3c C:/mbedOffline44/Datas/MbedOS2/TARGET_NUCLEO_F446RE/TOOLCHAIN_GCC_ARM/mbed_retarget.o
                0x08000cf0                close
 .text._close   0x08000d2c        0x4 C:/mbedOffline44/Datas/MbedOS2/TARGET_NUCLEO_F446RE/TOOLCHAIN_GCC_ARM/mbed_retarget.o
                0x08000d2c                _close
 .text.write    0x08000d30       0x34 C:/mbedOffline44/Datas/MbedOS2/TARGET_NUCLEO_F446RE/TOOLCHAIN_GCC_ARM/mbed_retarget.o
                0x08000d30                write
 .text._write   0x08000d64       0x24 C:/mbedOffline44/Datas/MbedOS2/TARGET_NUCLEO_F446RE/TOOLCHAIN_GCC_ARM/mbed_retarget.o
                0x08000d64                _write
 .text.read     0x08000d88       0x34 C:/mbedOffline44/Datas/MbedOS2/TARGET_NUCLEO_F446RE/TOOLCHAIN_GCC_ARM/mbed_retarget.o
                0x08000d88                read
 .text._read    0x08000dbc       0x1c C:/mbedOffline44/Datas/MbedOS2/TARGET_NUCLEO_F446RE/TOOLCHAIN_GCC_ARM/mbed_retarget.o
                0x08000dbc                _read
 .text.isatty   0x08000dd8       0x2c C:/mbedOffline44/Datas/MbedOS2/TARGET_NUCLEO_F446RE/TOOLCHAIN_GCC_ARM/mbed_retarget.o
                0x08000dd8                isatty
 .text.fdopen   0x08000e04       0x3a C:/mbedOffline44/Datas/MbedOS2/TARGET_NUCLEO_F446RE/TOOLCHAIN_GCC_ARM/mbed_retarget.o
                0x08000e04                fdopen
 .text._isatty  0x08000e3e        0x4 C:/mbedOffline44/Datas/MbedOS2/TARGET_NUCLEO_F446RE/TOOLCHAIN_GCC_ARM/mbed_retarget.o
                0x08000e3e                _isatty
 .text.lseek    0x08000e42       0x34 C:/mbedOffline44/Datas/MbedOS2/TARGET_NUCLEO_F446RE/TOOLCHAIN_GCC_ARM/mbed_retarget.o
                0x08000e42                lseek
 .text._lseek   0x08000e76        0x4 C:/mbedOffline44/Datas/MbedOS2/TARGET_NUCLEO_F446RE/TOOLCHAIN_GCC_ARM/mbed_retarget.o
                0x08000e76                _lseek
 .text.fsync    0x08000e7a       0x2e C:/mbedOffline44/Datas/MbedOS2/TARGET_NUCLEO_F446RE/TOOLCHAIN_GCC_ARM/mbed_retarget.o
                0x08000e7a                fsync
 .text._exit    0x08000ea8       0x30 C:/mbedOffline44/Datas/MbedOS2/TARGET_NUCLEO_F446RE/TOOLCHAIN_GCC_ARM/mbed_retarget.o
                0x08000ea8                _exit
 .text.__wrap_exit
                0x08000ed8        0x6 C:/mbedOffline44/Datas/MbedOS2/TARGET_NUCLEO_F446RE/TOOLCHAIN_GCC_ARM/mbed_retarget.o
                0x08000ed8                __wrap_exit
 .text.fstat    0x08000ede       0x3c C:/mbedOffline44/Datas/MbedOS2/TARGET_NUCLEO_F446RE/TOOLCHAIN_GCC_ARM/mbed_retarget.o
                0x08000ede                fstat
 .text._fstat   0x08000f1a        0x4 C:/mbedOffline44/Datas/MbedOS2/TARGET_NUCLEO_F446RE/TOOLCHAIN_GCC_ARM/mbed_retarget.o
                0x08000f1a                _fstat
 .text._ZdlPv   0x08000f1e        0x4 C:/mbedOffline44/Datas/MbedOS2/TARGET_NUCLEO_F446RE/TOOLCHAIN_GCC_ARM/mbed_retarget.o
                0x08000f1e                operator delete(void*)
 *fill*         0x08000f22        0x2 
 .text._ZNK12SingletonPtrI13PlatformMutexE3getEv
                0x08000f24       0x28 C:/mbedOffline44/Datas/MbedOS2/TARGET_NUCLEO_F446RE/TOOLCHAIN_GCC_ARM/mbed_retarget.o
                0x08000f24                SingletonPtr<PlatformMutex>::get() const
 .text._ZN4mbed17remove_filehandleEPNS_10FileHandleE
                0x08000f4c       0x34 C:/mbedOffline44/Datas/MbedOS2/TARGET_NUCLEO_F446RE/TOOLCHAIN_GCC_ARM/mbed_retarget.o
                0x08000f4c                mbed::remove_filehandle(mbed::FileHandle*)
 .text._ZL18reserve_filehandlev
                0x08000f80       0x48 C:/mbedOffline44/Datas/MbedOS2/TARGET_NUCLEO_F446RE/TOOLCHAIN_GCC_ARM/mbed_retarget.o
 .text._ZN4mbed10bind_to_fdEPNS_10FileHandleE
                0x08000fc8       0x18 C:/mbedOffline44/Datas/MbedOS2/TARGET_NUCLEO_F446RE/TOOLCHAIN_GCC_ARM/mbed_retarget.o
                0x08000fc8                mbed::bind_to_fd(mbed::FileHandle*)
 .text._ZN4mbed6fdopenEPNS_10FileHandleEPKc
                0x08000fe0       0x3c C:/mbedOffline44/Datas/MbedOS2/TARGET_NUCLEO_F446RE/TOOLCHAIN_GCC_ARM/mbed_retarget.o
                0x08000fe0                mbed::fdopen(mbed::FileHandle*, char const*)
 .text.open     0x0800101c       0x98 C:/mbedOffline44/Datas/MbedOS2/TARGET_NUCLEO_F446RE/TOOLCHAIN_GCC_ARM/mbed_retarget.o
                0x0800101c                open
 .text._open    0x080010b4       0x74 C:/mbedOffline44/Datas/MbedOS2/TARGET_NUCLEO_F446RE/TOOLCHAIN_GCC_ARM/mbed_retarget.o
                0x080010b4                _open
 .text.mbed_main
                0x08001128        0x2 C:/mbedOffline44/Datas/MbedOS2/TARGET_NUCLEO_F446RE/TOOLCHAIN_GCC_ARM/mbed_sdk_boot.o
                0x08001128                mbed_main
 .text.software_init_hook_rtos
                0x0800112a        0x2 C:/mbedOffline44/Datas/MbedOS2/TARGET_NUCLEO_F446RE/TOOLCHAIN_GCC_ARM/mbed_sdk_boot.o
                0x0800112a                software_init_hook_rtos
 .text.mbed_copy_nvic
                0x0800112c       0x2c C:/mbedOffline44/Datas/MbedOS2/TARGET_NUCLEO_F446RE/TOOLCHAIN_GCC_ARM/mbed_sdk_boot.o
                0x0800112c                mbed_copy_nvic
 .text.software_init_hook
                0x08001158       0x10 C:/mbedOffline44/Datas/MbedOS2/TARGET_NUCLEO_F446RE/TOOLCHAIN_GCC_ARM/mbed_sdk_boot.o
                0x08001158                software_init_hook
 .text.__wrap_main
                0x08001168        0xe C:/mbedOffline44/Datas/MbedOS2/TARGET_NUCLEO_F446RE/TOOLCHAIN_GCC_ARM/mbed_sdk_boot.o
                0x08001168                __wrap_main
 .text.LL_GPIO_SetPinPull
                0x08001176       0x2c C:/mbedOffline44/Datas/MbedOS2/TARGET_NUCLEO_F446RE/TOOLCHAIN_GCC_ARM/pinmap.o
 .text.stm_pin_PullConfig
                0x080011a2        0xe C:/mbedOffline44/Datas/MbedOS2/TARGET_NUCLEO_F446RE/TOOLCHAIN_GCC_ARM/pinmap.o
 .text.pin_function
                0x080011b0      0x124 C:/mbedOffline44/Datas/MbedOS2/TARGET_NUCLEO_F446RE/TOOLCHAIN_GCC_ARM/pinmap.o
                0x080011b0                pin_function
 .text.pin_mode
                0x080012d4       0x94 C:/mbedOffline44/Datas/MbedOS2/TARGET_NUCLEO_F446RE/TOOLCHAIN_GCC_ARM/pinmap.o
                0x080012d4                pin_mode
 .text.pwmout_write
                0x08001368       0xc4 C:/mbedOffline44/Datas/MbedOS2/TARGET_NUCLEO_F446RE/TOOLCHAIN_GCC_ARM/pwmout_api.o
                0x08001368                pwmout_write
 .text.pwmout_read
                0x0800142c       0x3c C:/mbedOffline44/Datas/MbedOS2/TARGET_NUCLEO_F446RE/TOOLCHAIN_GCC_ARM/pwmout_api.o
                0x0800142c                pwmout_read
 .text.pwmout_period_us
                0x08001468      0x138 C:/mbedOffline44/Datas/MbedOS2/TARGET_NUCLEO_F446RE/TOOLCHAIN_GCC_ARM/pwmout_api.o
                0x08001468                pwmout_period_us
 .text.pwmout_init
                0x080015a0      0x214 C:/mbedOffline44/Datas/MbedOS2/TARGET_NUCLEO_F446RE/TOOLCHAIN_GCC_ARM/pwmout_api.o
                0x080015a0                pwmout_init
 .text.debug.constprop.1
                0x080017b4       0x28 C:/mbedOffline44/Datas/MbedOS2/TARGET_NUCLEO_F446RE/TOOLCHAIN_GCC_ARM/serial_api.o
 .text.serial_readable
                0x080017dc       0x2c C:/mbedOffline44/Datas/MbedOS2/TARGET_NUCLEO_F446RE/TOOLCHAIN_GCC_ARM/serial_api.o
                0x080017dc                serial_readable
 .text.serial_writable
                0x08001808       0x14 C:/mbedOffline44/Datas/MbedOS2/TARGET_NUCLEO_F446RE/TOOLCHAIN_GCC_ARM/serial_api.o
                0x08001808                serial_writable
 .text.init_uart
                0x0800181c       0x58 C:/mbedOffline44/Datas/MbedOS2/TARGET_NUCLEO_F446RE/TOOLCHAIN_GCC_ARM/serial_api.o
                0x0800181c                init_uart
 .text.serial_baud
                0x08001874       0x20 C:/mbedOffline44/Datas/MbedOS2/TARGET_NUCLEO_F446RE/TOOLCHAIN_GCC_ARM/serial_api.o
                0x08001874                serial_baud
 .text.get_uart_index
                0x08001894       0x50 C:/mbedOffline44/Datas/MbedOS2/TARGET_NUCLEO_F446RE/TOOLCHAIN_GCC_ARM/serial_api.o
                0x08001894                get_uart_index
 .text.serial_init
                0x080018e4      0x1b4 C:/mbedOffline44/Datas/MbedOS2/TARGET_NUCLEO_F446RE/TOOLCHAIN_GCC_ARM/serial_api.o
                0x080018e4                serial_init
 .text.__NVIC_EnableIRQ
                0x08001a98       0x1c C:/mbedOffline44/Datas/MbedOS2/TARGET_NUCLEO_F446RE/TOOLCHAIN_GCC_ARM/serial_device.o
 .text.__NVIC_DisableIRQ
                0x08001ab4       0x28 C:/mbedOffline44/Datas/MbedOS2/TARGET_NUCLEO_F446RE/TOOLCHAIN_GCC_ARM/serial_device.o
 .text.uart_irq
                0x08001adc       0x68 C:/mbedOffline44/Datas/MbedOS2/TARGET_NUCLEO_F446RE/TOOLCHAIN_GCC_ARM/serial_device.o
 .text.uart6_irq
                0x08001b44        0xc C:/mbedOffline44/Datas/MbedOS2/TARGET_NUCLEO_F446RE/TOOLCHAIN_GCC_ARM/serial_device.o
 .text.uart5_irq
                0x08001b50        0xc C:/mbedOffline44/Datas/MbedOS2/TARGET_NUCLEO_F446RE/TOOLCHAIN_GCC_ARM/serial_device.o
 .text.uart4_irq
                0x08001b5c        0xc C:/mbedOffline44/Datas/MbedOS2/TARGET_NUCLEO_F446RE/TOOLCHAIN_GCC_ARM/serial_device.o
 .text.uart3_irq
                0x08001b68        0xc C:/mbedOffline44/Datas/MbedOS2/TARGET_NUCLEO_F446RE/TOOLCHAIN_GCC_ARM/serial_device.o
 .text.uart2_irq
                0x08001b74        0xc C:/mbedOffline44/Datas/MbedOS2/TARGET_NUCLEO_F446RE/TOOLCHAIN_GCC_ARM/serial_device.o
 .text.uart1_irq
                0x08001b80        0xc C:/mbedOffline44/Datas/MbedOS2/TARGET_NUCLEO_F446RE/TOOLCHAIN_GCC_ARM/serial_device.o
 .text.serial_irq_handler
                0x08001b8c       0x18 C:/mbedOffline44/Datas/MbedOS2/TARGET_NUCLEO_F446RE/TOOLCHAIN_GCC_ARM/serial_device.o
                0x08001b8c                serial_irq_handler
 .text.serial_irq_set
                0x08001ba4       0xe0 C:/mbedOffline44/Datas/MbedOS2/TARGET_NUCLEO_F446RE/TOOLCHAIN_GCC_ARM/serial_device.o
                0x08001ba4                serial_irq_set
 .text.serial_getc
                0x08001c84       0x24 C:/mbedOffline44/Datas/MbedOS2/TARGET_NUCLEO_F446RE/TOOLCHAIN_GCC_ARM/serial_device.o
                0x08001c84                serial_getc
 .text.serial_putc
                0x08001ca8       0x24 C:/mbedOffline44/Datas/MbedOS2/TARGET_NUCLEO_F446RE/TOOLCHAIN_GCC_ARM/serial_device.o
                0x08001ca8                serial_putc
 .text.Reset_Handler
                0x08001ccc       0x4c C:/mbedOffline44/Datas/MbedOS2/TARGET_NUCLEO_F446RE/TOOLCHAIN_GCC_ARM/startup_stm32f446xx.o
                0x08001ccc                Reset_Handler
 .text.Default_Handler
                0x08001d18        0x2 C:/mbedOffline44/Datas/MbedOS2/TARGET_NUCLEO_F446RE/TOOLCHAIN_GCC_ARM/startup_stm32f446xx.o
                0x08001d18                RTC_Alarm_IRQHandler
                0x08001d18                EXTI2_IRQHandler
                0x08001d18                TIM8_CC_IRQHandler
                0x08001d18                DebugMon_Handler
                0x08001d18                SPI4_IRQHandler
                0x08001d18                TIM1_CC_IRQHandler
                0x08001d18                QuadSPI_IRQHandler
                0x08001d18                DMA2_Stream5_IRQHandler
                0x08001d18                DMA1_Stream5_IRQHandler
                0x08001d18                SysTick_Handler
                0x08001d18                PVD_IRQHandler
                0x08001d18                SDIO_IRQHandler
                0x08001d18                TAMP_STAMP_IRQHandler
                0x08001d18                PendSV_Handler
                0x08001d18                NMI_Handler
                0x08001d18                CAN2_RX1_IRQHandler
                0x08001d18                EXTI3_IRQHandler
                0x08001d18                TIM8_TRG_COM_TIM14_IRQHandler
                0x08001d18                TIM1_UP_TIM10_IRQHandler
                0x08001d18                TIM8_UP_TIM13_IRQHandler
                0x08001d18                I2C3_ER_IRQHandler
                0x08001d18                FMPI2C1_Event_IRQHandler
                0x08001d18                EXTI0_IRQHandler
                0x08001d18                I2C2_EV_IRQHandler
                0x08001d18                DMA1_Stream2_IRQHandler
                0x08001d18                FPU_IRQHandler
                0x08001d18                OTG_HS_WKUP_IRQHandler
                0x08001d18                DMA2_Stream2_IRQHandler
                0x08001d18                SPI1_IRQHandler
                0x08001d18                TIM6_DAC_IRQHandler
                0x08001d18                TIM1_BRK_TIM9_IRQHandler
                0x08001d18                DCMI_IRQHandler
                0x08001d18                DMA2_Stream3_IRQHandler
                0x08001d18                SAI2_IRQHandler
                0x08001d18                USART6_IRQHandler
                0x08001d18                USART3_IRQHandler
                0x08001d18                CAN1_RX1_IRQHandler
                0x08001d18                UART5_IRQHandler
                0x08001d18                DMA2_Stream0_IRQHandler
                0x08001d18                TIM4_IRQHandler
                0x08001d18                I2C1_EV_IRQHandler
                0x08001d18                DMA1_Stream6_IRQHandler
                0x08001d18                DMA1_Stream1_IRQHandler
                0x08001d18                UART4_IRQHandler
                0x08001d18                TIM3_IRQHandler
                0x08001d18                RCC_IRQHandler
                0x08001d18                TIM8_BRK_TIM12_IRQHandler
                0x08001d18                Default_Handler
                0x08001d18                CEC_IRQHandler
                0x08001d18                EXTI15_10_IRQHandler
                0x08001d18                ADC_IRQHandler
                0x08001d18                DMA1_Stream7_IRQHandler
                0x08001d18                TIM7_IRQHandler
                0x08001d18                TIM5_IRQHandler
                0x08001d18                DMA2_Stream7_IRQHandler
                0x08001d18                I2C3_EV_IRQHandler
                0x08001d18                EXTI9_5_IRQHandler
                0x08001d18                RTC_WKUP_IRQHandler
                0x08001d18                SPDIF_RX_IRQHandler
                0x08001d18                SPI2_IRQHandler
                0x08001d18                OTG_HS_EP1_IN_IRQHandler
                0x08001d18                DMA1_Stream0_IRQHandler
                0x08001d18                SVC_Handler
                0x08001d18                EXTI4_IRQHandler
                0x08001d18                OTG_HS_EP1_OUT_IRQHandler
                0x08001d18                WWDG_IRQHandler
                0x08001d18                TIM2_IRQHandler
                0x08001d18                OTG_FS_WKUP_IRQHandler
                0x08001d18                TIM1_TRG_COM_TIM11_IRQHandler
                0x08001d18                OTG_HS_IRQHandler
                0x08001d18                EXTI1_IRQHandler
                0x08001d18                USART2_IRQHandler
                0x08001d18                I2C2_ER_IRQHandler
                0x08001d18                DMA2_Stream1_IRQHandler
                0x08001d18                FLASH_IRQHandler
                0x08001d18                DMA2_Stream4_IRQHandler
                0x08001d18                USART1_IRQHandler
                0x08001d18                OTG_FS_IRQHandler
                0x08001d18                SPI3_IRQHandler
                0x08001d18                DMA1_Stream4_IRQHandler
                0x08001d18                I2C1_ER_IRQHandler
                0x08001d18                FMC_IRQHandler
                0x08001d18                DMA2_Stream6_IRQHandler
                0x08001d18                SAI1_IRQHandler
                0x08001d18                DMA1_Stream3_IRQHandler
                0x08001d18                FMPI2C1_Error_IRQHandler
 .text.HAL_MspInit
                0x08001d1a        0x2 C:/mbedOffline44/Datas/MbedOS2/TARGET_NUCLEO_F446RE/TOOLCHAIN_GCC_ARM/stm32f4xx_hal.o
                0x08001d1a                HAL_MspInit
 .text.HAL_Init
                0x08001d1c       0x34 C:/mbedOffline44/Datas/MbedOS2/TARGET_NUCLEO_F446RE/TOOLCHAIN_GCC_ARM/stm32f4xx_hal.o
                0x08001d1c                HAL_Init
 .text.HAL_NVIC_SetPriorityGrouping
                0x08001d50       0x24 C:/mbedOffline44/Datas/MbedOS2/TARGET_NUCLEO_F446RE/TOOLCHAIN_GCC_ARM/stm32f4xx_hal_cortex.o
                0x08001d50                HAL_NVIC_SetPriorityGrouping
 .text.HAL_PWREx_EnableOverDrive
                0x08001d74       0x78 C:/mbedOffline44/Datas/MbedOS2/TARGET_NUCLEO_F446RE/TOOLCHAIN_GCC_ARM/stm32f4xx_hal_pwr_ex.o
                0x08001d74                HAL_PWREx_EnableOverDrive
 .text.HAL_RCC_ClockConfig
                0x08001dec      0x134 C:/mbedOffline44/Datas/MbedOS2/TARGET_NUCLEO_F446RE/TOOLCHAIN_GCC_ARM/stm32f4xx_hal_rcc.o
                0x08001dec                HAL_RCC_ClockConfig
 .text.HAL_RCC_GetPCLK1Freq
                0x08001f20       0x20 C:/mbedOffline44/Datas/MbedOS2/TARGET_NUCLEO_F446RE/TOOLCHAIN_GCC_ARM/stm32f4xx_hal_rcc.o
                0x08001f20                HAL_RCC_GetPCLK1Freq
 .text.HAL_RCC_GetPCLK2Freq
                0x08001f40       0x20 C:/mbedOffline44/Datas/MbedOS2/TARGET_NUCLEO_F446RE/TOOLCHAIN_GCC_ARM/stm32f4xx_hal_rcc.o
                0x08001f40                HAL_RCC_GetPCLK2Freq
 .text.HAL_RCC_GetClockConfig
                0x08001f60       0x3c C:/mbedOffline44/Datas/MbedOS2/TARGET_NUCLEO_F446RE/TOOLCHAIN_GCC_ARM/stm32f4xx_hal_rcc.o
                0x08001f60                HAL_RCC_GetClockConfig
 .text.HAL_RCCEx_PeriphCLKConfig
                0x08001f9c      0x410 C:/mbedOffline44/Datas/MbedOS2/TARGET_NUCLEO_F446RE/TOOLCHAIN_GCC_ARM/stm32f4xx_hal_rcc_ex.o
                0x08001f9c                HAL_RCCEx_PeriphCLKConfig
 .text.HAL_RCC_GetSysClockFreq
                0x080023ac       0x90 C:/mbedOffline44/Datas/MbedOS2/TARGET_NUCLEO_F446RE/TOOLCHAIN_GCC_ARM/stm32f4xx_hal_rcc_ex.o
                0x080023ac                HAL_RCC_GetSysClockFreq
 .text.HAL_RCC_OscConfig
                0x0800243c      0x334 C:/mbedOffline44/Datas/MbedOS2/TARGET_NUCLEO_F446RE/TOOLCHAIN_GCC_ARM/stm32f4xx_hal_rcc_ex.o
                0x0800243c                HAL_RCC_OscConfig
 .text.TIM_OC1_SetConfig
                0x08002770       0x58 C:/mbedOffline44/Datas/MbedOS2/TARGET_NUCLEO_F446RE/TOOLCHAIN_GCC_ARM/stm32f4xx_hal_tim.o
 .text.TIM_OC3_SetConfig
                0x080027c8       0x60 C:/mbedOffline44/Datas/MbedOS2/TARGET_NUCLEO_F446RE/TOOLCHAIN_GCC_ARM/stm32f4xx_hal_tim.o
 .text.TIM_OC4_SetConfig
                0x08002828       0x50 C:/mbedOffline44/Datas/MbedOS2/TARGET_NUCLEO_F446RE/TOOLCHAIN_GCC_ARM/stm32f4xx_hal_tim.o
 .text.HAL_TIM_OC_MspInit
                0x08002878        0x2 C:/mbedOffline44/Datas/MbedOS2/TARGET_NUCLEO_F446RE/TOOLCHAIN_GCC_ARM/stm32f4xx_hal_tim.o
                0x08002878                HAL_TIM_OC_MspInit
 .text.HAL_TIM_PWM_MspInit
                0x0800287a        0x2 C:/mbedOffline44/Datas/MbedOS2/TARGET_NUCLEO_F446RE/TOOLCHAIN_GCC_ARM/stm32f4xx_hal_tim.o
                0x0800287a                HAL_TIM_PWM_MspInit
 .text.TIM_Base_SetConfig
                0x0800287c       0xc8 C:/mbedOffline44/Datas/MbedOS2/TARGET_NUCLEO_F446RE/TOOLCHAIN_GCC_ARM/stm32f4xx_hal_tim.o
                0x0800287c                TIM_Base_SetConfig
 .text.HAL_TIM_OC_Init
                0x08002944       0x34 C:/mbedOffline44/Datas/MbedOS2/TARGET_NUCLEO_F446RE/TOOLCHAIN_GCC_ARM/stm32f4xx_hal_tim.o
                0x08002944                HAL_TIM_OC_Init
 .text.HAL_TIM_PWM_Init
                0x08002978       0x34 C:/mbedOffline44/Datas/MbedOS2/TARGET_NUCLEO_F446RE/TOOLCHAIN_GCC_ARM/stm32f4xx_hal_tim.o
                0x08002978                HAL_TIM_PWM_Init
 .text.TIM_OC2_SetConfig
                0x080029ac       0x60 C:/mbedOffline44/Datas/MbedOS2/TARGET_NUCLEO_F446RE/TOOLCHAIN_GCC_ARM/stm32f4xx_hal_tim.o
                0x080029ac                TIM_OC2_SetConfig
 .text.HAL_TIM_PWM_ConfigChannel
                0x08002a0c       0xc4 C:/mbedOffline44/Datas/MbedOS2/TARGET_NUCLEO_F446RE/TOOLCHAIN_GCC_ARM/stm32f4xx_hal_tim.o
                0x08002a0c                HAL_TIM_PWM_ConfigChannel
 .text.TIM_CCxChannelCmd
                0x08002ad0       0x18 C:/mbedOffline44/Datas/MbedOS2/TARGET_NUCLEO_F446RE/TOOLCHAIN_GCC_ARM/stm32f4xx_hal_tim.o
                0x08002ad0                TIM_CCxChannelCmd
 .text.HAL_TIM_OC_Stop
                0x08002ae8       0x5c C:/mbedOffline44/Datas/MbedOS2/TARGET_NUCLEO_F446RE/TOOLCHAIN_GCC_ARM/stm32f4xx_hal_tim.o
                0x08002ae8                HAL_TIM_OC_Stop
 .text.HAL_TIM_PWM_Start
                0x08002b44       0x34 C:/mbedOffline44/Datas/MbedOS2/TARGET_NUCLEO_F446RE/TOOLCHAIN_GCC_ARM/stm32f4xx_hal_tim.o
                0x08002b44                HAL_TIM_PWM_Start
 .text.HAL_TIM_OC_Start
                0x08002b78        0x4 C:/mbedOffline44/Datas/MbedOS2/TARGET_NUCLEO_F446RE/TOOLCHAIN_GCC_ARM/stm32f4xx_hal_tim.o
                0x08002b78                HAL_TIM_OC_Start
 .text.TIM_CCxNChannelCmd
                0x08002b7c       0x18 C:/mbedOffline44/Datas/MbedOS2/TARGET_NUCLEO_F446RE/TOOLCHAIN_GCC_ARM/stm32f4xx_hal_tim_ex.o
 .text.HAL_TIMEx_PWMN_Start
                0x08002b94       0x22 C:/mbedOffline44/Datas/MbedOS2/TARGET_NUCLEO_F446RE/TOOLCHAIN_GCC_ARM/stm32f4xx_hal_tim_ex.o
                0x08002b94                HAL_TIMEx_PWMN_Start
 *fill*         0x08002bb6        0x2 
 .text.UART_SetConfig
                0x08002bb8      0x234 C:/mbedOffline44/Datas/MbedOS2/TARGET_NUCLEO_F446RE/TOOLCHAIN_GCC_ARM/stm32f4xx_hal_uart.o
 .text.HAL_UART_MspInit
                0x08002dec        0x2 C:/mbedOffline44/Datas/MbedOS2/TARGET_NUCLEO_F446RE/TOOLCHAIN_GCC_ARM/stm32f4xx_hal_uart.o
                0x08002dec                HAL_UART_MspInit
 .text.HAL_UART_Init
                0x08002dee       0x5c C:/mbedOffline44/Datas/MbedOS2/TARGET_NUCLEO_F446RE/TOOLCHAIN_GCC_ARM/stm32f4xx_hal_uart.o
                0x08002dee                HAL_UART_Init
 *fill*         0x08002e4a        0x2 
 .text.SystemInit
                0x08002e4c       0x44 C:/mbedOffline44/Datas/MbedOS2/TARGET_NUCLEO_F446RE/TOOLCHAIN_GCC_ARM/system_clock.o
                0x08002e4c                SystemInit
 .text.SetSysClock_PLL_HSE
                0x08002e90       0xc0 C:/mbedOffline44/Datas/MbedOS2/TARGET_NUCLEO_F446RE/TOOLCHAIN_GCC_ARM/system_clock.o
                0x08002e90                SetSysClock_PLL_HSE
 .text.SetSysClock_PLL_HSI
                0x08002f50       0xb4 C:/mbedOffline44/Datas/MbedOS2/TARGET_NUCLEO_F446RE/TOOLCHAIN_GCC_ARM/system_clock.o
                0x08002f50                SetSysClock_PLL_HSI
 .text.SetSysClock
                0x08003004       0x1c C:/mbedOffline44/Datas/MbedOS2/TARGET_NUCLEO_F446RE/TOOLCHAIN_GCC_ARM/system_clock.o
                0x08003004                SetSysClock
 .text.SystemCoreClockUpdate
                0x08003020       0x74 C:/mbedOffline44/Datas/MbedOS2/TARGET_NUCLEO_F446RE/TOOLCHAIN_GCC_ARM/system_stm32f4xx.o
                0x08003020                SystemCoreClockUpdate
 .text.timer_irq_handler
                0x08003094       0x28 C:/mbedOffline44/Datas/MbedOS2/TARGET_NUCLEO_F446RE/TOOLCHAIN_GCC_ARM/us_ticker.o
                0x08003094                timer_irq_handler
 .text.us_ticker_get_info
                0x080030bc        0x8 C:/mbedOffline44/Datas/MbedOS2/TARGET_NUCLEO_F446RE/TOOLCHAIN_GCC_ARM/us_ticker.o
                0x080030bc                us_ticker_get_info
 .text.init_32bit_timer
                0x080030c4       0xa8 C:/mbedOffline44/Datas/MbedOS2/TARGET_NUCLEO_F446RE/TOOLCHAIN_GCC_ARM/us_ticker.o
                0x080030c4                init_32bit_timer
 .text.us_ticker_init
                0x0800316c       0x18 C:/mbedOffline44/Datas/MbedOS2/TARGET_NUCLEO_F446RE/TOOLCHAIN_GCC_ARM/us_ticker.o
                0x0800316c                us_ticker_init
 .text.us_ticker_read
                0x08003184        0xc C:/mbedOffline44/Datas/MbedOS2/TARGET_NUCLEO_F446RE/TOOLCHAIN_GCC_ARM/us_ticker.o
                0x08003184                us_ticker_read
 .text.us_ticker_set_interrupt
                0x08003190       0x1c C:/mbedOffline44/Datas/MbedOS2/TARGET_NUCLEO_F446RE/TOOLCHAIN_GCC_ARM/us_ticker.o
                0x08003190                us_ticker_set_interrupt
 .text.us_ticker_fire_interrupt
                0x080031ac       0x20 C:/mbedOffline44/Datas/MbedOS2/TARGET_NUCLEO_F446RE/TOOLCHAIN_GCC_ARM/us_ticker.o
                0x080031ac                us_ticker_fire_interrupt
 .text.us_ticker_disable_interrupt
                0x080031cc       0x14 C:/mbedOffline44/Datas/MbedOS2/TARGET_NUCLEO_F446RE/TOOLCHAIN_GCC_ARM/us_ticker.o
                0x080031cc                us_ticker_disable_interrupt
 .text.us_ticker_clear_interrupt
                0x080031e0       0x10 C:/mbedOffline44/Datas/MbedOS2/TARGET_NUCLEO_F446RE/TOOLCHAIN_GCC_ARM/us_ticker.o
                0x080031e0                us_ticker_clear_interrupt
 .text.us_ticker_free
                0x080031f0       0x18 C:/mbedOffline44/Datas/MbedOS2/TARGET_NUCLEO_F446RE/TOOLCHAIN_GCC_ARM/us_ticker.o
                0x080031f0                us_ticker_free
 .text._ZN4mbed6Serial6unlockEv
                0x08003208        0x2 C:/mbedOffline44/Datas/MbedOS2/TARGET_NUCLEO_F446RE/TOOLCHAIN_GCC_ARM\libmbed.a(Serial.o)
                0x08003208                mbed::Serial::unlock()
                0x08003208                mbed::Serial::lock()
 .text._ZThn176_N4mbed6Serial4lockEv
                0x0800320a        0x8 C:/mbedOffline44/Datas/MbedOS2/TARGET_NUCLEO_F446RE/TOOLCHAIN_GCC_ARM\libmbed.a(Serial.o)
                0x0800320a                non-virtual thunk to mbed::Serial::lock()
 .text._ZThn176_N4mbed6Serial6unlockEv
                0x08003212        0x8 C:/mbedOffline44/Datas/MbedOS2/TARGET_NUCLEO_F446RE/TOOLCHAIN_GCC_ARM\libmbed.a(Serial.o)
                0x08003212                non-virtual thunk to mbed::Serial::unlock()
 .text._ZN4mbed6Serial5_getcEv
                0x0800321a        0x4 C:/mbedOffline44/Datas/MbedOS2/TARGET_NUCLEO_F446RE/TOOLCHAIN_GCC_ARM\libmbed.a(Serial.o)
                0x0800321a                mbed::Serial::_getc()
 .text._ZThn176_N4mbed6Serial5_getcEv
                0x0800321e        0x8 C:/mbedOffline44/Datas/MbedOS2/TARGET_NUCLEO_F446RE/TOOLCHAIN_GCC_ARM\libmbed.a(Serial.o)
                0x0800321e                non-virtual thunk to mbed::Serial::_getc()
 .text._ZN4mbed6Serial5_putcEi
                0x08003226        0x4 C:/mbedOffline44/Datas/MbedOS2/TARGET_NUCLEO_F446RE/TOOLCHAIN_GCC_ARM\libmbed.a(Serial.o)
                0x08003226                mbed::Serial::_putc(int)
 .text._ZThn176_N4mbed6Serial5_putcEi
                0x0800322a        0x8 C:/mbedOffline44/Datas/MbedOS2/TARGET_NUCLEO_F446RE/TOOLCHAIN_GCC_ARM\libmbed.a(Serial.o)
                0x0800322a                non-virtual thunk to mbed::Serial::_putc(int)
 *fill*         0x08003232        0x2 
 .text._ZN4mbed6SerialC2E7PinNameS1_PKci
                0x08003234       0x34 C:/mbedOffline44/Datas/MbedOS2/TARGET_NUCLEO_F446RE/TOOLCHAIN_GCC_ARM\libmbed.a(Serial.o)
                0x08003234                mbed::Serial::Serial(PinName, PinName, char const*, int)
                0x08003234                mbed::Serial::Serial(PinName, PinName, char const*, int)
 .text._ZN4mbed10SerialBase4lockEv
                0x08003268        0x2 C:/mbedOffline44/Datas/MbedOS2/TARGET_NUCLEO_F446RE/TOOLCHAIN_GCC_ARM\libmbed.a(SerialBase.o)
                0x08003268                mbed::SerialBase::lock()
 .text._ZN4mbed10SerialBase6unlockEv
                0x0800326a        0x2 C:/mbedOffline44/Datas/MbedOS2/TARGET_NUCLEO_F446RE/TOOLCHAIN_GCC_ARM\libmbed.a(SerialBase.o)
                0x0800326a                mbed::SerialBase::unlock()
 .text._ZN6CThunkIN4mbed10SerialBaseEE10trampolineEP10CThunkBase
                0x0800326c       0x2a C:/mbedOffline44/Datas/MbedOS2/TARGET_NUCLEO_F446RE/TOOLCHAIN_GCC_ARM\libmbed.a(SerialBase.o)
                0x0800326c                CThunk<mbed::SerialBase>::trampoline(CThunkBase*)
 *fill*         0x08003296        0x2 
 .text._ZN4mbed10SerialBase12_irq_handlerEm9SerialIrq
                0x08003298       0x38 C:/mbedOffline44/Datas/MbedOS2/TARGET_NUCLEO_F446RE/TOOLCHAIN_GCC_ARM\libmbed.a(SerialBase.o)
                0x08003298                mbed::SerialBase::_irq_handler(unsigned long, SerialIrq)
 .text._ZN4mbed10SerialBase10_base_getcEv
                0x080032d0        0x6 C:/mbedOffline44/Datas/MbedOS2/TARGET_NUCLEO_F446RE/TOOLCHAIN_GCC_ARM\libmbed.a(SerialBase.o)
                0x080032d0                mbed::SerialBase::_base_getc()
 .text._ZN4mbed10SerialBase10_base_putcEi
                0x080032d6        0xe C:/mbedOffline44/Datas/MbedOS2/TARGET_NUCLEO_F446RE/TOOLCHAIN_GCC_ARM\libmbed.a(SerialBase.o)
                0x080032d6                mbed::SerialBase::_base_putc(int)
 .text._ZN4mbed8CallbackIFviEED2Ev
                0x080032e4       0x10 C:/mbedOffline44/Datas/MbedOS2/TARGET_NUCLEO_F446RE/TOOLCHAIN_GCC_ARM\libmbed.a(SerialBase.o)
                0x080032e4                mbed::Callback<void (int)>::~Callback()
                0x080032e4                mbed::Callback<void (int)>::~Callback()
 .text._ZN4mbed8CallbackIFvvEED2Ev
                0x080032f4       0x10 C:/mbedOffline44/Datas/MbedOS2/TARGET_NUCLEO_F446RE/TOOLCHAIN_GCC_ARM\libmbed.a(SerialBase.o)
                0x080032f4                mbed::Callback<void ()>::~Callback()
                0x080032f4                mbed::Callback<void ()>::~Callback()
 .text._ZN4mbed8CallbackIFvvEEaSERKS2_
                0x08003304       0x24 C:/mbedOffline44/Datas/MbedOS2/TARGET_NUCLEO_F446RE/TOOLCHAIN_GCC_ARM\libmbed.a(SerialBase.o)
                0x08003304                mbed::Callback<void ()>::operator=(mbed::Callback<void ()> const&)
 .text._ZN4mbed10SerialBaseC2E7PinNameS1_i
                0x08003328       0xcc C:/mbedOffline44/Datas/MbedOS2/TARGET_NUCLEO_F446RE/TOOLCHAIN_GCC_ARM\libmbed.a(SerialBase.o)
                0x08003328                mbed::SerialBase::SerialBase(PinName, PinName, int)
                0x08003328                mbed::SerialBase::SerialBase(PinName, PinName, int)
 .text._ZN4mbed10SerialBase6attachENS_8CallbackIFvvEEENS0_7IrqTypeE
                0x080033f4       0x74 C:/mbedOffline44/Datas/MbedOS2/TARGET_NUCLEO_F446RE/TOOLCHAIN_GCC_ARM\libmbed.a(SerialBase.o)
                0x080033f4                mbed::SerialBase::attach(mbed::Callback<void ()>, mbed::SerialBase::IrqType)
 .text._ZN4mbed10SerialBaseD2Ev
                0x08003468       0x74 C:/mbedOffline44/Datas/MbedOS2/TARGET_NUCLEO_F446RE/TOOLCHAIN_GCC_ARM\libmbed.a(SerialBase.o)
                0x08003468                mbed::SerialBase::~SerialBase()
                0x08003468                mbed::SerialBase::~SerialBase()
 .text._ZN4mbed10SerialBaseD0Ev
                0x080034dc       0x12 C:/mbedOffline44/Datas/MbedOS2/TARGET_NUCLEO_F446RE/TOOLCHAIN_GCC_ARM\libmbed.a(SerialBase.o)
                0x080034dc                mbed::SerialBase::~SerialBase()
 .text._gpio_init_out.part.2
                0x080034ee       0x28 C:/mbedOffline44/Datas/MbedOS2/TARGET_NUCLEO_F446RE/TOOLCHAIN_GCC_ARM\libmbed.a(mbed_gpio.o)
 .text.gpio_init_out_ex
                0x08003516       0x20 C:/mbedOffline44/Datas/MbedOS2/TARGET_NUCLEO_F446RE/TOOLCHAIN_GCC_ARM\libmbed.a(mbed_gpio.o)
                0x08003516                gpio_init_out_ex
 .text.gpio_init_out
                0x08003536        0x6 C:/mbedOffline44/Datas/MbedOS2/TARGET_NUCLEO_F446RE/TOOLCHAIN_GCC_ARM\libmbed.a(mbed_gpio.o)
                0x08003536                gpio_init_out
 .text.pinmap_pinout
                0x0800353c       0x48 C:/mbedOffline44/Datas/MbedOS2/TARGET_NUCLEO_F446RE/TOOLCHAIN_GCC_ARM\libmbed.a(mbed_pinmap_common.o)
                0x0800353c                pinmap_pinout
 .text.pinmap_merge
                0x08003584       0x30 C:/mbedOffline44/Datas/MbedOS2/TARGET_NUCLEO_F446RE/TOOLCHAIN_GCC_ARM\libmbed.a(mbed_pinmap_common.o)
                0x08003584                pinmap_merge
 .text.pinmap_find_peripheral
                0x080035b4       0x18 C:/mbedOffline44/Datas/MbedOS2/TARGET_NUCLEO_F446RE/TOOLCHAIN_GCC_ARM\libmbed.a(mbed_pinmap_common.o)
                0x080035b4                pinmap_find_peripheral
 .text.pinmap_peripheral
                0x080035cc       0x2c C:/mbedOffline44/Datas/MbedOS2/TARGET_NUCLEO_F446RE/TOOLCHAIN_GCC_ARM\libmbed.a(mbed_pinmap_common.o)
                0x080035cc                pinmap_peripheral
 .text.pinmap_find_function
                0x080035f8       0x18 C:/mbedOffline44/Datas/MbedOS2/TARGET_NUCLEO_F446RE/TOOLCHAIN_GCC_ARM\libmbed.a(mbed_pinmap_common.o)
                0x080035f8                pinmap_find_function
 .text.pinmap_function
                0x08003610       0x2c C:/mbedOffline44/Datas/MbedOS2/TARGET_NUCLEO_F446RE/TOOLCHAIN_GCC_ARM\libmbed.a(mbed_pinmap_common.o)
                0x08003610                pinmap_function
 .text.update_present_time
                0x0800363c      0x100 C:/mbedOffline44/Datas/MbedOS2/TARGET_NUCLEO_F446RE/TOOLCHAIN_GCC_ARM\libmbed.a(mbed_ticker_api.o)
 .text._ticker_match_interval_passed
                0x0800373c       0x28 C:/mbedOffline44/Datas/MbedOS2/TARGET_NUCLEO_F446RE/TOOLCHAIN_GCC_ARM\libmbed.a(mbed_ticker_api.o)
                0x0800373c                _ticker_match_interval_passed
 .text.schedule_interrupt
                0x08003764      0x100 C:/mbedOffline44/Datas/MbedOS2/TARGET_NUCLEO_F446RE/TOOLCHAIN_GCC_ARM\libmbed.a(mbed_ticker_api.o)
 .text.initialize
                0x08003864       0xf4 C:/mbedOffline44/Datas/MbedOS2/TARGET_NUCLEO_F446RE/TOOLCHAIN_GCC_ARM\libmbed.a(mbed_ticker_api.o)
 .text.ticker_irq_handler
                0x08003958       0x64 C:/mbedOffline44/Datas/MbedOS2/TARGET_NUCLEO_F446RE/TOOLCHAIN_GCC_ARM\libmbed.a(mbed_ticker_api.o)
                0x08003958                ticker_irq_handler
 .text.ticker_read_us
                0x080039bc       0x22 C:/mbedOffline44/Datas/MbedOS2/TARGET_NUCLEO_F446RE/TOOLCHAIN_GCC_ARM\libmbed.a(mbed_ticker_api.o)
                0x080039bc                ticker_read_us
 .text.ticker_read
                0x080039de        0x8 C:/mbedOffline44/Datas/MbedOS2/TARGET_NUCLEO_F446RE/TOOLCHAIN_GCC_ARM\libmbed.a(mbed_ticker_api.o)
                0x080039de                ticker_read
 *fill*         0x080039e6        0x2 
 .text.get_us_ticker_data
                0x080039e8        0x8 C:/mbedOffline44/Datas/MbedOS2/TARGET_NUCLEO_F446RE/TOOLCHAIN_GCC_ARM\libmbed.a(mbed_us_ticker_api.o)
                0x080039e8                get_us_ticker_data
 .text.us_ticker_irq_handler
                0x080039f0       0x14 C:/mbedOffline44/Datas/MbedOS2/TARGET_NUCLEO_F446RE/TOOLCHAIN_GCC_ARM\libmbed.a(mbed_us_ticker_api.o)
                0x080039f0                us_ticker_irq_handler
 .text._ZN10CThunkBase11cthunk_freeEPFvvE
                0x08003a04       0x10 C:/mbedOffline44/Datas/MbedOS2/TARGET_NUCLEO_F446RE/TOOLCHAIN_GCC_ARM\libmbed.a(CThunkBase.o)
                0x08003a04                CThunkBase::cthunk_free(void (*)())
 .text._ZN4mbed8FilePathC2EPKc
                0x08003a14       0x54 C:/mbedOffline44/Datas/MbedOS2/TARGET_NUCLEO_F446RE/TOOLCHAIN_GCC_ARM\libmbed.a(FilePath.o)
                0x08003a14                mbed::FilePath::FilePath(char const*)
                0x08003a14                mbed::FilePath::FilePath(char const*)
 .text._ZN4mbed8FilePath8fileNameEv
                0x08003a68        0x4 C:/mbedOffline44/Datas/MbedOS2/TARGET_NUCLEO_F446RE/TOOLCHAIN_GCC_ARM\libmbed.a(FilePath.o)
                0x08003a68                mbed::FilePath::fileName()
 .text._ZN4mbed8FilePath12isFileSystemEv
                0x08003a6c       0x12 C:/mbedOffline44/Datas/MbedOS2/TARGET_NUCLEO_F446RE/TOOLCHAIN_GCC_ARM\libmbed.a(FilePath.o)
                0x08003a6c                mbed::FilePath::isFileSystem()
 .text._ZN4mbed8FilePath10fileSystemEv
                0x08003a7e       0x12 C:/mbedOffline44/Datas/MbedOS2/TARGET_NUCLEO_F446RE/TOOLCHAIN_GCC_ARM\libmbed.a(FilePath.o)
                0x08003a7e                mbed::FilePath::fileSystem()
 .text._ZN4mbed8FilePath6isFileEv
                0x08003a90       0x12 C:/mbedOffline44/Datas/MbedOS2/TARGET_NUCLEO_F446RE/TOOLCHAIN_GCC_ARM\libmbed.a(FilePath.o)
                0x08003a90                mbed::FilePath::isFile()
 .text._ZN4mbed8FilePath4fileEv
                0x08003aa2       0x12 C:/mbedOffline44/Datas/MbedOS2/TARGET_NUCLEO_F446RE/TOOLCHAIN_GCC_ARM\libmbed.a(FilePath.o)
                0x08003aa2                mbed::FilePath::file()
 .text._ZN4mbed8FilePath6existsEv
                0x08003ab4        0xa C:/mbedOffline44/Datas/MbedOS2/TARGET_NUCLEO_F446RE/TOOLCHAIN_GCC_ARM\libmbed.a(FilePath.o)
                0x08003ab4                mbed::FilePath::exists()
 .text._ZN4mbed10FileHandle6isattyEv
                0x08003abe        0x4 C:/mbedOffline44/Datas/MbedOS2/TARGET_NUCLEO_F446RE/TOOLCHAIN_GCC_ARM\libmbed.a(Stream.o)
                0x08003abe                mbed::FileHandle::isatty()
 .text._ZN4mbed6Stream4lockEv
                0x08003ac2        0x2 C:/mbedOffline44/Datas/MbedOS2/TARGET_NUCLEO_F446RE/TOOLCHAIN_GCC_ARM\libmbed.a(Stream.o)
                0x08003ac2                mbed::Stream::lock()
 .text._ZN4mbed6Stream6unlockEv
                0x08003ac4        0x2 C:/mbedOffline44/Datas/MbedOS2/TARGET_NUCLEO_F446RE/TOOLCHAIN_GCC_ARM\libmbed.a(Stream.o)
                0x08003ac4                mbed::Stream::unlock()
 .text._ZN4mbed6Stream5writeEPKvj
                0x08003ac6       0x30 C:/mbedOffline44/Datas/MbedOS2/TARGET_NUCLEO_F446RE/TOOLCHAIN_GCC_ARM\libmbed.a(Stream.o)
                0x08003ac6                mbed::Stream::write(void const*, unsigned int)
 .text._ZN4mbed6Stream4readEPvj
                0x08003af6       0x32 C:/mbedOffline44/Datas/MbedOS2/TARGET_NUCLEO_F446RE/TOOLCHAIN_GCC_ARM\libmbed.a(Stream.o)
                0x08003af6                mbed::Stream::read(void*, unsigned int)
 .text._ZN4mbed6Stream4seekEli
                0x08003b28        0x4 C:/mbedOffline44/Datas/MbedOS2/TARGET_NUCLEO_F446RE/TOOLCHAIN_GCC_ARM\libmbed.a(Stream.o)
                0x08003b28                mbed::Stream::seek(long, int)
 .text._ZN4mbed6Stream6rewindEv
                0x08003b2c        0x2 C:/mbedOffline44/Datas/MbedOS2/TARGET_NUCLEO_F446RE/TOOLCHAIN_GCC_ARM\libmbed.a(Stream.o)
                0x08003b2c                mbed::Stream::rewind()
 .text._ZN4mbed6Stream4syncEv
                0x08003b2e        0x4 C:/mbedOffline44/Datas/MbedOS2/TARGET_NUCLEO_F446RE/TOOLCHAIN_GCC_ARM\libmbed.a(Stream.o)
                0x08003b2e                mbed::Stream::isatty()
                0x08003b2e                mbed::Stream::sync()
                0x08003b2e                mbed::Stream::close()
 .text._ZN4mbed6Stream4sizeEv
                0x08003b32        0x4 C:/mbedOffline44/Datas/MbedOS2/TARGET_NUCLEO_F446RE/TOOLCHAIN_GCC_ARM\libmbed.a(Stream.o)
                0x08003b32                mbed::Stream::tell()
                0x08003b32                mbed::Stream::size()
 *fill*         0x08003b36        0x2 
 .text._ZN4mbed8FileLikeD2Ev
                0x08003b38       0x24 C:/mbedOffline44/Datas/MbedOS2/TARGET_NUCLEO_F446RE/TOOLCHAIN_GCC_ARM\libmbed.a(Stream.o)
                0x08003b38                mbed::FileLike::~FileLike()
                0x08003b38                mbed::FileLike::~FileLike()
                0x08003b54                non-virtual thunk to mbed::FileLike::~FileLike()
 .text._ZN4mbed8FileLikeD0Ev
                0x08003b5c       0x18 C:/mbedOffline44/Datas/MbedOS2/TARGET_NUCLEO_F446RE/TOOLCHAIN_GCC_ARM\libmbed.a(Stream.o)
                0x08003b5c                mbed::FileLike::~FileLike()
                0x08003b6e                non-virtual thunk to mbed::FileLike::~FileLike()
 .text._ZN4mbed6StreamC2EPKc
                0x08003b74       0x54 C:/mbedOffline44/Datas/MbedOS2/TARGET_NUCLEO_F446RE/TOOLCHAIN_GCC_ARM\libmbed.a(Stream.o)
                0x08003b74                mbed::Stream::Stream(char const*)
                0x08003b74                mbed::Stream::Stream(char const*)
 .text._ZN4mbed6StreamD2Ev
                0x08003bc8       0x24 C:/mbedOffline44/Datas/MbedOS2/TARGET_NUCLEO_F446RE/TOOLCHAIN_GCC_ARM\libmbed.a(Stream.o)
                0x08003bc8                mbed::Stream::~Stream()
                0x08003bc8                mbed::Stream::~Stream()
 .text._ZN4mbed6Stream6printfEPKcz
                0x08003bec       0x3e C:/mbedOffline44/Datas/MbedOS2/TARGET_NUCLEO_F446RE/TOOLCHAIN_GCC_ARM\libmbed.a(Stream.o)
                0x08003bec                mbed::Stream::printf(char const*, ...)
 *fill*         0x08003c2a        0x2 
 .text.mbed_assert_internal
                0x08003c2c       0x20 C:/mbedOffline44/Datas/MbedOS2/TARGET_NUCLEO_F446RE/TOOLCHAIN_GCC_ARM\libmbed.a(mbed_assert.o)
                0x08003c2c                mbed_assert_internal
 .text.core_util_are_interrupts_enabled
                0x08003c4c        0xc C:/mbedOffline44/Datas/MbedOS2/TARGET_NUCLEO_F446RE/TOOLCHAIN_GCC_ARM\libmbed.a(mbed_critical.o)
                0x08003c4c                core_util_are_interrupts_enabled
 .text.core_util_is_isr_active
                0x08003c58        0xc C:/mbedOffline44/Datas/MbedOS2/TARGET_NUCLEO_F446RE/TOOLCHAIN_GCC_ARM\libmbed.a(mbed_critical.o)
                0x08003c58                core_util_is_isr_active
 .text.core_util_critical_section_enter
                0x08003c64       0x2c C:/mbedOffline44/Datas/MbedOS2/TARGET_NUCLEO_F446RE/TOOLCHAIN_GCC_ARM\libmbed.a(mbed_critical.o)
                0x08003c64                core_util_critical_section_enter
 .text.core_util_critical_section_exit
                0x08003c90       0x1c C:/mbedOffline44/Datas/MbedOS2/TARGET_NUCLEO_F446RE/TOOLCHAIN_GCC_ARM\libmbed.a(mbed_critical.o)
                0x08003c90                core_util_critical_section_exit
 .text.core_util_atomic_flag_test_and_set
                0x08003cac       0x18 C:/mbedOffline44/Datas/MbedOS2/TARGET_NUCLEO_F446RE/TOOLCHAIN_GCC_ARM\libmbed.a(mbed_critical.o)
                0x08003cac                core_util_atomic_flag_test_and_set
 .text.core_util_atomic_incr_u16
                0x08003cc4       0x14 C:/mbedOffline44/Datas/MbedOS2/TARGET_NUCLEO_F446RE/TOOLCHAIN_GCC_ARM\libmbed.a(mbed_critical.o)
                0x08003cc4                core_util_atomic_incr_u16
 .text.core_util_atomic_decr_u16
                0x08003cd8       0x14 C:/mbedOffline44/Datas/MbedOS2/TARGET_NUCLEO_F446RE/TOOLCHAIN_GCC_ARM\libmbed.a(mbed_critical.o)
                0x08003cd8                core_util_atomic_decr_u16
 .text.mbed_halt_system
                0x08003cec       0x34 C:/mbedOffline44/Datas/MbedOS2/TARGET_NUCLEO_F446RE/TOOLCHAIN_GCC_ARM\libmbed.a(mbed_error.o)
 .text.handle_error.isra.0
                0x08003d20       0x70 C:/mbedOffline44/Datas/MbedOS2/TARGET_NUCLEO_F446RE/TOOLCHAIN_GCC_ARM\libmbed.a(mbed_error.o)
 .text.print_error_report.constprop.1
                0x08003d90      0x104 C:/mbedOffline44/Datas/MbedOS2/TARGET_NUCLEO_F446RE/TOOLCHAIN_GCC_ARM\libmbed.a(mbed_error.o)
 .text.error    0x08003e94       0x40 C:/mbedOffline44/Datas/MbedOS2/TARGET_NUCLEO_F446RE/TOOLCHAIN_GCC_ARM\libmbed.a(mbed_error.o)
                0x08003e94                error
 .text.mbed_error
                0x08003ed4       0x30 C:/mbedOffline44/Datas/MbedOS2/TARGET_NUCLEO_F446RE/TOOLCHAIN_GCC_ARM\libmbed.a(mbed_error.o)
                0x08003ed4                mbed_error
 .text.sleep_manager_lock_deep_sleep_internal
                0x08003f04       0x44 C:/mbedOffline44/Datas/MbedOS2/TARGET_NUCLEO_F446RE/TOOLCHAIN_GCC_ARM\libmbed.a(mbed_sleep_manager.o)
                0x08003f04                sleep_manager_lock_deep_sleep_internal
 .text.sleep_manager_unlock_deep_sleep_internal
                0x08003f48       0x3c C:/mbedOffline44/Datas/MbedOS2/TARGET_NUCLEO_F446RE/TOOLCHAIN_GCC_ARM\libmbed.a(mbed_sleep_manager.o)
                0x08003f48                sleep_manager_unlock_deep_sleep_internal
 .text.wait_us  0x08003f84       0x1e C:/mbedOffline44/Datas/MbedOS2/TARGET_NUCLEO_F446RE/TOOLCHAIN_GCC_ARM\libmbed.a(mbed_wait_api_no_rtos.o)
                0x08003f84                wait_us
 *fill*         0x08003fa2        0x2 
 .text.wait     0x08003fa4       0x1c C:/mbedOffline44/Datas/MbedOS2/TARGET_NUCLEO_F446RE/TOOLCHAIN_GCC_ARM\libmbed.a(mbed_wait_api_no_rtos.o)
                0x08003fa4                wait
 .text.hal_critical_section_enter
                0x08003fc0       0x24 C:/mbedOffline44/Datas/MbedOS2/TARGET_NUCLEO_F446RE/TOOLCHAIN_GCC_ARM\libmbed.a(mbed_critical_section_api.o)
                0x08003fc0                hal_critical_section_enter
 .text.hal_critical_section_exit
                0x08003fe4       0x34 C:/mbedOffline44/Datas/MbedOS2/TARGET_NUCLEO_F446RE/TOOLCHAIN_GCC_ARM\libmbed.a(mbed_critical_section_api.o)
                0x08003fe4                hal_critical_section_exit
 .text._ZN4mbed8FileBase11getPathTypeEv
                0x08004018        0x4 C:/mbedOffline44/Datas/MbedOS2/TARGET_NUCLEO_F446RE/TOOLCHAIN_GCC_ARM\libmbed.a(FileBase.o)
                0x08004018                mbed::FileBase::getPathType()
 .text._ZN4mbed8FileBaseC2EPKcNS_8PathTypeE
                0x0800401c       0x3c C:/mbedOffline44/Datas/MbedOS2/TARGET_NUCLEO_F446RE/TOOLCHAIN_GCC_ARM\libmbed.a(FileBase.o)
                0x0800401c                mbed::FileBase::FileBase(char const*, mbed::PathType)
                0x0800401c                mbed::FileBase::FileBase(char const*, mbed::PathType)
 .text._ZN4mbed8FileBaseD2Ev
                0x08004058       0x5c C:/mbedOffline44/Datas/MbedOS2/TARGET_NUCLEO_F446RE/TOOLCHAIN_GCC_ARM\libmbed.a(FileBase.o)
                0x08004058                mbed::FileBase::~FileBase()
                0x08004058                mbed::FileBase::~FileBase()
 .text._ZN4mbed8FileBaseD0Ev
                0x080040b4       0x12 C:/mbedOffline44/Datas/MbedOS2/TARGET_NUCLEO_F446RE/TOOLCHAIN_GCC_ARM\libmbed.a(FileBase.o)
                0x080040b4                mbed::FileBase::~FileBase()
 *fill*         0x080040c6        0x2 
 .text._ZN4mbed8FileBase6lookupEPKcj
                0x080040c8       0x68 C:/mbedOffline44/Datas/MbedOS2/TARGET_NUCLEO_F446RE/TOOLCHAIN_GCC_ARM\libmbed.a(FileBase.o)
                0x080040c8                mbed::FileBase::lookup(char const*, unsigned int)
 .text._ZN4mbed10FileHandle4sizeEv
                0x08004130       0x32 C:/mbedOffline44/Datas/MbedOS2/TARGET_NUCLEO_F446RE/TOOLCHAIN_GCC_ARM\libmbed.a(FileHandle.o)
                0x08004130                mbed::FileHandle::size()
 *fill*         0x08004162        0x2 
 .text.__errno  0x08004164        0xc c:/mbedoffline44/gcc-arm-none-eabi-6-2017-q2-update-win32/bin/../lib/gcc/arm-none-eabi/6.3.1/../../../../arm-none-eabi/lib/thumb/v7e-m/fpv4-sp/softfp\libc.a(lib_a-errno.o)
                0x08004164                __errno
 .text._fclose_r
                0x08004170       0xc4 c:/mbedoffline44/gcc-arm-none-eabi-6-2017-q2-update-win32/bin/../lib/gcc/arm-none-eabi/6.3.1/../../../../arm-none-eabi/lib/thumb/v7e-m/fpv4-sp/softfp\libc.a(lib_a-fclose.o)
                0x08004170                _fclose_r
 .text.fclose   0x08004234       0x10 c:/mbedoffline44/gcc-arm-none-eabi-6-2017-q2-update-win32/bin/../lib/gcc/arm-none-eabi/6.3.1/../../../../arm-none-eabi/lib/thumb/v7e-m/fpv4-sp/softfp\libc.a(lib_a-fclose.o)
                0x08004234                fclose
 .text.__sflush_r
                0x08004244      0x140 c:/mbedoffline44/gcc-arm-none-eabi-6-2017-q2-update-win32/bin/../lib/gcc/arm-none-eabi/6.3.1/../../../../arm-none-eabi/lib/thumb/v7e-m/fpv4-sp/softfp\libc.a(lib_a-fflush.o)
                0x08004244                __sflush_r
 .text._fflush_r
                0x08004384       0x54 c:/mbedoffline44/gcc-arm-none-eabi-6-2017-q2-update-win32/bin/../lib/gcc/arm-none-eabi/6.3.1/../../../../arm-none-eabi/lib/thumb/v7e-m/fpv4-sp/softfp\libc.a(lib_a-fflush.o)
                0x08004384                _fflush_r
 .text.fflush   0x080043d8       0x24 c:/mbedoffline44/gcc-arm-none-eabi-6-2017-q2-update-win32/bin/../lib/gcc/arm-none-eabi/6.3.1/../../../../arm-none-eabi/lib/thumb/v7e-m/fpv4-sp/softfp\libc.a(lib_a-fflush.o)
                0x080043d8                fflush
 .text._cleanup_r
                0x080043fc        0xc c:/mbedoffline44/gcc-arm-none-eabi-6-2017-q2-update-win32/bin/../lib/gcc/arm-none-eabi/6.3.1/../../../../arm-none-eabi/lib/thumb/v7e-m/fpv4-sp/softfp\libc.a(lib_a-findfp.o)
                0x080043fc                _cleanup_r
 .text.std.isra.0
                0x08004408       0x50 c:/mbedoffline44/gcc-arm-none-eabi-6-2017-q2-update-win32/bin/../lib/gcc/arm-none-eabi/6.3.1/../../../../arm-none-eabi/lib/thumb/v7e-m/fpv4-sp/softfp\libc.a(lib_a-findfp.o)
 .text.__sfmoreglue
                0x08004458       0x30 c:/mbedoffline44/gcc-arm-none-eabi-6-2017-q2-update-win32/bin/../lib/gcc/arm-none-eabi/6.3.1/../../../../arm-none-eabi/lib/thumb/v7e-m/fpv4-sp/softfp\libc.a(lib_a-findfp.o)
                0x08004458                __sfmoreglue
 .text.__sinit  0x08004488       0x58 c:/mbedoffline44/gcc-arm-none-eabi-6-2017-q2-update-win32/bin/../lib/gcc/arm-none-eabi/6.3.1/../../../../arm-none-eabi/lib/thumb/v7e-m/fpv4-sp/softfp\libc.a(lib_a-findfp.o)
                0x08004488                __sinit
 .text.__sfp    0x080044e0       0xa8 c:/mbedoffline44/gcc-arm-none-eabi-6-2017-q2-update-win32/bin/../lib/gcc/arm-none-eabi/6.3.1/../../../../arm-none-eabi/lib/thumb/v7e-m/fpv4-sp/softfp\libc.a(lib_a-findfp.o)
                0x080044e0                __sfp
 .text.__sfp_lock_acquire
                0x08004588        0xc c:/mbedoffline44/gcc-arm-none-eabi-6-2017-q2-update-win32/bin/../lib/gcc/arm-none-eabi/6.3.1/../../../../arm-none-eabi/lib/thumb/v7e-m/fpv4-sp/softfp\libc.a(lib_a-findfp.o)
                0x08004588                __sfp_lock_acquire
 .text.__sfp_lock_release
                0x08004594        0xc c:/mbedoffline44/gcc-arm-none-eabi-6-2017-q2-update-win32/bin/../lib/gcc/arm-none-eabi/6.3.1/../../../../arm-none-eabi/lib/thumb/v7e-m/fpv4-sp/softfp\libc.a(lib_a-findfp.o)
                0x08004594                __sfp_lock_release
 .text._fopen_r
                0x080045a0       0xc0 c:/mbedoffline44/gcc-arm-none-eabi-6-2017-q2-update-win32/bin/../lib/gcc/arm-none-eabi/6.3.1/../../../../arm-none-eabi/lib/thumb/v7e-m/fpv4-sp/softfp\libc.a(lib_a-fopen.o)
                0x080045a0                _fopen_r
 .text.fopen    0x08004660       0x10 c:/mbedoffline44/gcc-arm-none-eabi-6-2017-q2-update-win32/bin/../lib/gcc/arm-none-eabi/6.3.1/../../../../arm-none-eabi/lib/thumb/v7e-m/fpv4-sp/softfp\libc.a(lib_a-fopen.o)
                0x08004660                fopen
 .text._fseek_r
                0x08004670        0x4 c:/mbedoffline44/gcc-arm-none-eabi-6-2017-q2-update-win32/bin/../lib/gcc/arm-none-eabi/6.3.1/../../../../arm-none-eabi/lib/thumb/v7e-m/fpv4-sp/softfp\libc.a(lib_a-fseek.o)
                0x08004670                _fseek_r
 .text.fseek    0x08004674       0x18 c:/mbedoffline44/gcc-arm-none-eabi-6-2017-q2-update-win32/bin/../lib/gcc/arm-none-eabi/6.3.1/../../../../arm-none-eabi/lib/thumb/v7e-m/fpv4-sp/softfp\libc.a(lib_a-fseek.o)
                0x08004674                fseek
 .text._fseeko_r
                0x0800468c      0x328 c:/mbedoffline44/gcc-arm-none-eabi-6-2017-q2-update-win32/bin/../lib/gcc/arm-none-eabi/6.3.1/../../../../arm-none-eabi/lib/thumb/v7e-m/fpv4-sp/softfp\libc.a(lib_a-fseeko.o)
                0x0800468c                _fseeko_r
 .text._fstat_r
                0x080049b4       0x28 c:/mbedoffline44/gcc-arm-none-eabi-6-2017-q2-update-win32/bin/../lib/gcc/arm-none-eabi/6.3.1/../../../../arm-none-eabi/lib/thumb/v7e-m/fpv4-sp/softfp\libc.a(lib_a-fstatr.o)
                0x080049b4                _fstat_r
 .text.__sfvwrite_r
                0x080049dc      0x2f0 c:/mbedoffline44/gcc-arm-none-eabi-6-2017-q2-update-win32/bin/../lib/gcc/arm-none-eabi/6.3.1/../../../../arm-none-eabi/lib/thumb/v7e-m/fpv4-sp/softfp\libc.a(lib_a-fvwrite.o)
                0x080049dc                __sfvwrite_r
 .text._fwalk   0x08004ccc       0x4c c:/mbedoffline44/gcc-arm-none-eabi-6-2017-q2-update-win32/bin/../lib/gcc/arm-none-eabi/6.3.1/../../../../arm-none-eabi/lib/thumb/v7e-m/fpv4-sp/softfp\libc.a(lib_a-fwalk.o)
                0x08004ccc                _fwalk
 .text._fwalk_reent
                0x08004d18       0x54 c:/mbedoffline44/gcc-arm-none-eabi-6-2017-q2-update-win32/bin/../lib/gcc/arm-none-eabi/6.3.1/../../../../arm-none-eabi/lib/thumb/v7e-m/fpv4-sp/softfp\libc.a(lib_a-fwalk.o)
                0x08004d18                _fwalk_reent
 .text.__libc_init_array
                0x08004d6c       0x50 c:/mbedoffline44/gcc-arm-none-eabi-6-2017-q2-update-win32/bin/../lib/gcc/arm-none-eabi/6.3.1/../../../../arm-none-eabi/lib/thumb/v7e-m/fpv4-sp/softfp\libc.a(lib_a-init.o)
                0x08004d6c                __libc_init_array
 .text.__retarget_lock_init_recursive
                0x08004dbc        0x4 c:/mbedoffline44/gcc-arm-none-eabi-6-2017-q2-update-win32/bin/../lib/gcc/arm-none-eabi/6.3.1/../../../../arm-none-eabi/lib/thumb/v7e-m/fpv4-sp/softfp\libc.a(lib_a-lock.o)
                0x08004dbc                __retarget_lock_init_recursive
 .text.__retarget_lock_close_recursive
                0x08004dc0        0x4 c:/mbedoffline44/gcc-arm-none-eabi-6-2017-q2-update-win32/bin/../lib/gcc/arm-none-eabi/6.3.1/../../../../arm-none-eabi/lib/thumb/v7e-m/fpv4-sp/softfp\libc.a(lib_a-lock.o)
                0x08004dc0                __retarget_lock_close_recursive
 .text.__retarget_lock_acquire_recursive
                0x08004dc4        0x4 c:/mbedoffline44/gcc-arm-none-eabi-6-2017-q2-update-win32/bin/../lib/gcc/arm-none-eabi/6.3.1/../../../../arm-none-eabi/lib/thumb/v7e-m/fpv4-sp/softfp\libc.a(lib_a-lock.o)
                0x08004dc4                __retarget_lock_acquire_recursive
 .text.__retarget_lock_release_recursive
                0x08004dc8        0x4 c:/mbedoffline44/gcc-arm-none-eabi-6-2017-q2-update-win32/bin/../lib/gcc/arm-none-eabi/6.3.1/../../../../arm-none-eabi/lib/thumb/v7e-m/fpv4-sp/softfp\libc.a(lib_a-lock.o)
                0x08004dc8                __retarget_lock_release_recursive
 .text.__swhatbuf_r
                0x08004dcc       0x5c c:/mbedoffline44/gcc-arm-none-eabi-6-2017-q2-update-win32/bin/../lib/gcc/arm-none-eabi/6.3.1/../../../../arm-none-eabi/lib/thumb/v7e-m/fpv4-sp/softfp\libc.a(lib_a-makebuf.o)
                0x08004dcc                __swhatbuf_r
 .text.__smakebuf_r
                0x08004e28       0x94 c:/mbedoffline44/gcc-arm-none-eabi-6-2017-q2-update-win32/bin/../lib/gcc/arm-none-eabi/6.3.1/../../../../arm-none-eabi/lib/thumb/v7e-m/fpv4-sp/softfp\libc.a(lib_a-makebuf.o)
                0x08004e28                __smakebuf_r
 .text.malloc   0x08004ebc       0x10 c:/mbedoffline44/gcc-arm-none-eabi-6-2017-q2-update-win32/bin/../lib/gcc/arm-none-eabi/6.3.1/../../../../arm-none-eabi/lib/thumb/v7e-m/fpv4-sp/softfp\libc.a(lib_a-malloc.o)
                0x08004ebc                malloc
 .text.free     0x08004ecc       0x10 c:/mbedoffline44/gcc-arm-none-eabi-6-2017-q2-update-win32/bin/../lib/gcc/arm-none-eabi/6.3.1/../../../../arm-none-eabi/lib/thumb/v7e-m/fpv4-sp/softfp\libc.a(lib_a-malloc.o)
                0x08004ecc                free
 *fill*         0x08004edc        0x4 
 .text          0x08004ee0       0xa0 c:/mbedoffline44/gcc-arm-none-eabi-6-2017-q2-update-win32/bin/../lib/gcc/arm-none-eabi/6.3.1/../../../../arm-none-eabi/lib/thumb/v7e-m/fpv4-sp/softfp\libc.a(lib_a-memchr.o)
                0x08004ee0                memchr
 .text.memcmp   0x08004f80       0x60 c:/mbedoffline44/gcc-arm-none-eabi-6-2017-q2-update-win32/bin/../lib/gcc/arm-none-eabi/6.3.1/../../../../arm-none-eabi/lib/thumb/v7e-m/fpv4-sp/softfp\libc.a(lib_a-memcmp.o)
                0x08004f80                memcmp
 .text          0x08004fe0      0x134 c:/mbedoffline44/gcc-arm-none-eabi-6-2017-q2-update-win32/bin/../lib/gcc/arm-none-eabi/6.3.1/../../../../arm-none-eabi/lib/thumb/v7e-m/fpv4-sp/softfp\libc.a(lib_a-memcpy.o)
                0x08004fe0                memcpy
 .text.memmove  0x08005114       0xc8 c:/mbedoffline44/gcc-arm-none-eabi-6-2017-q2-update-win32/bin/../lib/gcc/arm-none-eabi/6.3.1/../../../../arm-none-eabi/lib/thumb/v7e-m/fpv4-sp/softfp\libc.a(lib_a-memmove.o)
                0x08005114                memmove
 .text.memset   0x080051dc       0x9c c:/mbedoffline44/gcc-arm-none-eabi-6-2017-q2-update-win32/bin/../lib/gcc/arm-none-eabi/6.3.1/../../../../arm-none-eabi/lib/thumb/v7e-m/fpv4-sp/softfp\libc.a(lib_a-memset.o)
                0x080051dc                memset
 .text._open_r  0x08005278       0x2c c:/mbedoffline44/gcc-arm-none-eabi-6-2017-q2-update-win32/bin/../lib/gcc/arm-none-eabi/6.3.1/../../../../arm-none-eabi/lib/thumb/v7e-m/fpv4-sp/softfp\libc.a(lib_a-openr.o)
                0x08005278                _open_r
 .text.lflush   0x080052a4       0x14 c:/mbedoffline44/gcc-arm-none-eabi-6-2017-q2-update-win32/bin/../lib/gcc/arm-none-eabi/6.3.1/../../../../arm-none-eabi/lib/thumb/v7e-m/fpv4-sp/softfp\libc.a(lib_a-refill.o)
 .text.__srefill_r
                0x080052b8      0x114 c:/mbedoffline44/gcc-arm-none-eabi-6-2017-q2-update-win32/bin/../lib/gcc/arm-none-eabi/6.3.1/../../../../arm-none-eabi/lib/thumb/v7e-m/fpv4-sp/softfp\libc.a(lib_a-refill.o)
                0x080052b8                __srefill_r
 .text.setbuf   0x080053cc       0x10 c:/mbedoffline44/gcc-arm-none-eabi-6-2017-q2-update-win32/bin/../lib/gcc/arm-none-eabi/6.3.1/../../../../arm-none-eabi/lib/thumb/v7e-m/fpv4-sp/softfp\libc.a(lib_a-setbuf.o)
                0x080053cc                setbuf
 .text.setvbuf  0x080053dc      0x190 c:/mbedoffline44/gcc-arm-none-eabi-6-2017-q2-update-win32/bin/../lib/gcc/arm-none-eabi/6.3.1/../../../../arm-none-eabi/lib/thumb/v7e-m/fpv4-sp/softfp\libc.a(lib_a-setvbuf.o)
                0x080053dc                setvbuf
 .text.__sread  0x0800556c       0x24 c:/mbedoffline44/gcc-arm-none-eabi-6-2017-q2-update-win32/bin/../lib/gcc/arm-none-eabi/6.3.1/../../../../arm-none-eabi/lib/thumb/v7e-m/fpv4-sp/softfp\libc.a(lib_a-stdio.o)
                0x0800556c                __sread
 .text.__swrite
                0x08005590       0x3c c:/mbedoffline44/gcc-arm-none-eabi-6-2017-q2-update-win32/bin/../lib/gcc/arm-none-eabi/6.3.1/../../../../arm-none-eabi/lib/thumb/v7e-m/fpv4-sp/softfp\libc.a(lib_a-stdio.o)
                0x08005590                __swrite
 .text.__sseek  0x080055cc       0x20 c:/mbedoffline44/gcc-arm-none-eabi-6-2017-q2-update-win32/bin/../lib/gcc/arm-none-eabi/6.3.1/../../../../arm-none-eabi/lib/thumb/v7e-m/fpv4-sp/softfp\libc.a(lib_a-stdio.o)
                0x080055cc                __sseek
 .text.__sclose
                0x080055ec        0x8 c:/mbedoffline44/gcc-arm-none-eabi-6-2017-q2-update-win32/bin/../lib/gcc/arm-none-eabi/6.3.1/../../../../arm-none-eabi/lib/thumb/v7e-m/fpv4-sp/softfp\libc.a(lib_a-stdio.o)
                0x080055ec                __sclose
 *fill*         0x080055f4        0xc 
 .text          0x08005600      0x2dc c:/mbedoffline44/gcc-arm-none-eabi-6-2017-q2-update-win32/bin/../lib/gcc/arm-none-eabi/6.3.1/../../../../arm-none-eabi/lib/thumb/v7e-m/fpv4-sp/softfp\libc.a(lib_a-strcmp.o)
                0x08005608                strcmp
 *fill*         0x080058dc       0x24 
 .text          0x08005900       0xdc c:/mbedoffline44/gcc-arm-none-eabi-6-2017-q2-update-win32/bin/../lib/gcc/arm-none-eabi/6.3.1/../../../../arm-none-eabi/lib/thumb/v7e-m/fpv4-sp/softfp\libc.a(lib_a-strlen.o)
                0x08005900                strlen
 .text.strspn   0x080059dc       0x34 c:/mbedoffline44/gcc-arm-none-eabi-6-2017-q2-update-win32/bin/../lib/gcc/arm-none-eabi/6.3.1/../../../../arm-none-eabi/lib/thumb/v7e-m/fpv4-sp/softfp\libc.a(lib_a-strspn.o)
                0x080059dc                strspn
 .text._vfprintf_r
                0x08005a10     0x1594 c:/mbedoffline44/gcc-arm-none-eabi-6-2017-q2-update-win32/bin/../lib/gcc/arm-none-eabi/6.3.1/../../../../arm-none-eabi/lib/thumb/v7e-m/fpv4-sp/softfp\libc.a(lib_a-vfprintf.o)
                0x08005a10                _vfprintf_r
 .text.vfprintf
                0x08006fa4       0x18 c:/mbedoffline44/gcc-arm-none-eabi-6-2017-q2-update-win32/bin/../lib/gcc/arm-none-eabi/6.3.1/../../../../arm-none-eabi/lib/thumb/v7e-m/fpv4-sp/softfp\libc.a(lib_a-vfprintf.o)
                0x08006fa4                vfprintf
 .text.__sbprintf
                0x08006fbc       0x84 c:/mbedoffline44/gcc-arm-none-eabi-6-2017-q2-update-win32/bin/../lib/gcc/arm-none-eabi/6.3.1/../../../../arm-none-eabi/lib/thumb/v7e-m/fpv4-sp/softfp\libc.a(lib_a-vfprintf.o)
 .text._vsnprintf_r
                0x08007040       0x74 c:/mbedoffline44/gcc-arm-none-eabi-6-2017-q2-update-win32/bin/../lib/gcc/arm-none-eabi/6.3.1/../../../../arm-none-eabi/lib/thumb/v7e-m/fpv4-sp/softfp\libc.a(lib_a-vsnprintf.o)
                0x08007040                _vsnprintf_r
 .text.vsnprintf
                0x080070b4       0x20 c:/mbedoffline44/gcc-arm-none-eabi-6-2017-q2-update-win32/bin/../lib/gcc/arm-none-eabi/6.3.1/../../../../arm-none-eabi/lib/thumb/v7e-m/fpv4-sp/softfp\libc.a(lib_a-vsnprintf.o)
                0x080070b4                vsnprintf
 .text.__swbuf_r
                0x080070d4       0xb0 c:/mbedoffline44/gcc-arm-none-eabi-6-2017-q2-update-win32/bin/../lib/gcc/arm-none-eabi/6.3.1/../../../../arm-none-eabi/lib/thumb/v7e-m/fpv4-sp/softfp\libc.a(lib_a-wbuf.o)
                0x080070d4                __swbuf_r
 .text._write_r
                0x08007184       0x2c c:/mbedoffline44/gcc-arm-none-eabi-6-2017-q2-update-win32/bin/../lib/gcc/arm-none-eabi/6.3.1/../../../../arm-none-eabi/lib/thumb/v7e-m/fpv4-sp/softfp\libc.a(lib_a-writer.o)
                0x08007184                _write_r
 .text.__swsetup_r
                0x080071b0       0xc8 c:/mbedoffline44/gcc-arm-none-eabi-6-2017-q2-update-win32/bin/../lib/gcc/arm-none-eabi/6.3.1/../../../../arm-none-eabi/lib/thumb/v7e-m/fpv4-sp/softfp\libc.a(lib_a-wsetup.o)
                0x080071b0                __swsetup_r
 .text._close_r
                0x08007278       0x24 c:/mbedoffline44/gcc-arm-none-eabi-6-2017-q2-update-win32/bin/../lib/gcc/arm-none-eabi/6.3.1/../../../../arm-none-eabi/lib/thumb/v7e-m/fpv4-sp/softfp\libc.a(lib_a-closer.o)
                0x08007278                _close_r
 .text.quorem   0x0800729c      0x128 c:/mbedoffline44/gcc-arm-none-eabi-6-2017-q2-update-win32/bin/../lib/gcc/arm-none-eabi/6.3.1/../../../../arm-none-eabi/lib/thumb/v7e-m/fpv4-sp/softfp\libc.a(lib_a-dtoa.o)
 *fill*         0x080073c4        0x4 
 .text._dtoa_r  0x080073c8      0xe34 c:/mbedoffline44/gcc-arm-none-eabi-6-2017-q2-update-win32/bin/../lib/gcc/arm-none-eabi/6.3.1/../../../../arm-none-eabi/lib/thumb/v7e-m/fpv4-sp/softfp\libc.a(lib_a-dtoa.o)
                0x080073c8                _dtoa_r
 .text.__sflags
                0x080081fc       0x74 c:/mbedoffline44/gcc-arm-none-eabi-6-2017-q2-update-win32/bin/../lib/gcc/arm-none-eabi/6.3.1/../../../../arm-none-eabi/lib/thumb/v7e-m/fpv4-sp/softfp\libc.a(lib_a-flags.o)
                0x080081fc                __sflags
 .text._isatty_r
                0x08008270       0x24 c:/mbedoffline44/gcc-arm-none-eabi-6-2017-q2-update-win32/bin/../lib/gcc/arm-none-eabi/6.3.1/../../../../arm-none-eabi/lib/thumb/v7e-m/fpv4-sp/softfp\libc.a(lib_a-isattyr.o)
                0x08008270                _isatty_r
 .text.__locale_mb_cur_max